<?xml version="1.0" encoding="ISO-8859-1" ?>
<link_info>
   <banner>TI ARM Linker PC v18.1.2.LTS</banner>
   <copyright>Copyright (c) 1996-2017 Texas Instruments Incorporated</copyright>
   <link_time>0x5b31d57d</link_time>
   <link_errors>0x0</link_errors>
   <output_file>auto_balance.out</output_file>
   <entry_point>
      <name>_c_int00_noargs</name>
      <address>0x1be5</address>
   </entry_point>
   <input_file_list>
      <input_file id="fl-2">
         <path>.\</path>
         <kind>object</kind>
         <file>PID.obj</file>
         <name>PID.obj</name>
      </input_file>
      <input_file id="fl-3">
         <path>.\</path>
         <kind>object</kind>
         <file>filter.obj</file>
         <name>filter.obj</name>
      </input_file>
      <input_file id="fl-4">
         <path>.\</path>
         <kind>object</kind>
         <file>main.obj</file>
         <name>main.obj</name>
      </input_file>
      <input_file id="fl-5">
         <path>.\</path>
         <kind>object</kind>
         <file>main_prog.obj</file>
         <name>main_prog.obj</name>
      </input_file>
      <input_file id="fl-6">
         <path>.\</path>
         <kind>object</kind>
         <file>motor.obj</file>
         <name>motor.obj</name>
      </input_file>
      <input_file id="fl-7">
         <path>.\</path>
         <kind>object</kind>
         <file>mpu_6050.obj</file>
         <name>mpu_6050.obj</name>
      </input_file>
      <input_file id="fl-8">
         <path>.\</path>
         <kind>object</kind>
         <file>protocol.obj</file>
         <name>protocol.obj</name>
      </input_file>
      <input_file id="fl-9">
         <path>.\</path>
         <kind>object</kind>
         <file>system_msp432p401r.obj</file>
         <name>system_msp432p401r.obj</name>
      </input_file>
      <input_file id="fl-a">
         <path>.\</path>
         <kind>object</kind>
         <file>uart.obj</file>
         <name>uart.obj</name>
      </input_file>
      <input_file id="fl-b">
         <path>.\ccs\</path>
         <kind>object</kind>
         <file>startup_msp432p401r_ccs.obj</file>
         <name>startup_msp432p401r_ccs.obj</name>
      </input_file>
      <input_file id="fl-12">
         <kind>object</kind>
         <file>&lt;internal&gt;</file>
         <name>&lt;internal&gt;</name>
      </input_file>
      <input_file id="fl-13">
         <path>C:\ti\simplelink_msp432p4_sdk_2_20_00_12\source\ti\devices\msp432p4xx\driverlib\ccs\</path>
         <kind>archive</kind>
         <file>msp432p4xx_driverlib.lib</file>
         <name>cs.o</name>
      </input_file>
      <input_file id="fl-14">
         <path>C:\ti\simplelink_msp432p4_sdk_2_20_00_12\source\ti\devices\msp432p4xx\driverlib\ccs\</path>
         <kind>archive</kind>
         <file>msp432p4xx_driverlib.lib</file>
         <name>gpio.o</name>
      </input_file>
      <input_file id="fl-15">
         <path>C:\ti\simplelink_msp432p4_sdk_2_20_00_12\source\ti\devices\msp432p4xx\driverlib\ccs\</path>
         <kind>archive</kind>
         <file>msp432p4xx_driverlib.lib</file>
         <name>i2c.o</name>
      </input_file>
      <input_file id="fl-16">
         <path>C:\ti\simplelink_msp432p4_sdk_2_20_00_12\source\ti\devices\msp432p4xx\driverlib\ccs\</path>
         <kind>archive</kind>
         <file>msp432p4xx_driverlib.lib</file>
         <name>interrupt.o</name>
      </input_file>
      <input_file id="fl-17">
         <path>C:\ti\simplelink_msp432p4_sdk_2_20_00_12\source\ti\devices\msp432p4xx\driverlib\ccs\</path>
         <kind>archive</kind>
         <file>msp432p4xx_driverlib.lib</file>
         <name>sysctl_a.o</name>
      </input_file>
      <input_file id="fl-18">
         <path>C:\ti\simplelink_msp432p4_sdk_2_20_00_12\source\ti\devices\msp432p4xx\driverlib\ccs\</path>
         <kind>archive</kind>
         <file>msp432p4xx_driverlib.lib</file>
         <name>cpu.o</name>
      </input_file>
      <input_file id="fl-ce">
         <path>C:\ti\ccsv8\tools\compiler\ti-cgt-arm_18.1.2.LTS\lib\</path>
         <kind>archive</kind>
         <file>rtsv7M4_T_le_v4SPD16_eabi.lib</file>
         <name>e_atan2f.c.obj</name>
      </input_file>
      <input_file id="fl-cf">
         <path>C:\ti\ccsv8\tools\compiler\ti-cgt-arm_18.1.2.LTS\lib\</path>
         <kind>archive</kind>
         <file>rtsv7M4_T_le_v4SPD16_eabi.lib</file>
         <name>s_atanf.c.obj</name>
      </input_file>
      <input_file id="fl-d0">
         <path>C:\ti\ccsv8\tools\compiler\ti-cgt-arm_18.1.2.LTS\lib\</path>
         <kind>archive</kind>
         <file>rtsv7M4_T_le_v4SPD16_eabi.lib</file>
         <name>memset_t2.asm.obj</name>
      </input_file>
      <input_file id="fl-d1">
         <path>C:\ti\ccsv8\tools\compiler\ti-cgt-arm_18.1.2.LTS\lib\</path>
         <kind>archive</kind>
         <file>rtsv7M4_T_le_v4SPD16_eabi.lib</file>
         <name>fd_add_t2.asm.obj</name>
      </input_file>
      <input_file id="fl-d2">
         <path>C:\ti\ccsv8\tools\compiler\ti-cgt-arm_18.1.2.LTS\lib\</path>
         <kind>archive</kind>
         <file>rtsv7M4_T_le_v4SPD16_eabi.lib</file>
         <name>fd_mul_t2.asm.obj</name>
      </input_file>
      <input_file id="fl-d3">
         <path>C:\ti\ccsv8\tools\compiler\ti-cgt-arm_18.1.2.LTS\lib\</path>
         <kind>archive</kind>
         <file>rtsv7M4_T_le_v4SPD16_eabi.lib</file>
         <name>fd_tos_t2.asm.obj</name>
      </input_file>
      <input_file id="fl-d4">
         <path>C:\ti\ccsv8\tools\compiler\ti-cgt-arm_18.1.2.LTS\lib\</path>
         <kind>archive</kind>
         <file>rtsv7M4_T_le_v4SPD16_eabi.lib</file>
         <name>fs_tod_t2.asm.obj</name>
      </input_file>
      <input_file id="fl-d5">
         <path>C:\ti\ccsv8\tools\compiler\ti-cgt-arm_18.1.2.LTS\lib\</path>
         <kind>archive</kind>
         <file>rtsv7M4_T_le_v4SPD16_eabi.lib</file>
         <name>copy_zero_init.c.obj</name>
      </input_file>
      <input_file id="fl-d6">
         <path>C:\ti\ccsv8\tools\compiler\ti-cgt-arm_18.1.2.LTS\lib\</path>
         <kind>archive</kind>
         <file>rtsv7M4_T_le_v4SPD16_eabi.lib</file>
         <name>copy_decompress_none.c.obj</name>
      </input_file>
      <input_file id="fl-d7">
         <path>C:\ti\ccsv8\tools\compiler\ti-cgt-arm_18.1.2.LTS\lib\</path>
         <kind>archive</kind>
         <file>rtsv7M4_T_le_v4SPD16_eabi.lib</file>
         <name>copy_decompress_lzss.c.obj</name>
      </input_file>
      <input_file id="fl-d8">
         <path>C:\ti\ccsv8\tools\compiler\ti-cgt-arm_18.1.2.LTS\lib\</path>
         <kind>archive</kind>
         <file>rtsv7M4_T_le_v4SPD16_eabi.lib</file>
         <name>boot_cortex_m.c.obj</name>
      </input_file>
      <input_file id="fl-d9">
         <path>C:\ti\ccsv8\tools\compiler\ti-cgt-arm_18.1.2.LTS\lib\</path>
         <kind>archive</kind>
         <file>rtsv7M4_T_le_v4SPD16_eabi.lib</file>
         <name>exit.c.obj</name>
      </input_file>
      <input_file id="fl-da">
         <path>C:\ti\ccsv8\tools\compiler\ti-cgt-arm_18.1.2.LTS\lib\</path>
         <kind>archive</kind>
         <file>rtsv7M4_T_le_v4SPD16_eabi.lib</file>
         <name>_lock.c.obj</name>
      </input_file>
      <input_file id="fl-db">
         <path>C:\ti\ccsv8\tools\compiler\ti-cgt-arm_18.1.2.LTS\lib\</path>
         <kind>archive</kind>
         <file>rtsv7M4_T_le_v4SPD16_eabi.lib</file>
         <name>args_main.c.obj</name>
      </input_file>
      <input_file id="fl-dc">
         <path>C:\ti\ccsv8\tools\compiler\ti-cgt-arm_18.1.2.LTS\lib\</path>
         <kind>archive</kind>
         <file>rtsv7M4_T_le_v4SPD16_eabi.lib</file>
         <name>memcpy_t2.asm.obj</name>
      </input_file>
      <input_file id="fl-dd">
         <path>C:\ti\ccsv8\tools\compiler\ti-cgt-arm_18.1.2.LTS\lib\</path>
         <kind>archive</kind>
         <file>rtsv7M4_T_le_v4SPD16_eabi.lib</file>
         <name>autoinit.c.obj</name>
      </input_file>
      <input_file id="fl-de">
         <path>C:\ti\ccsv8\tools\compiler\ti-cgt-arm_18.1.2.LTS\lib\</path>
         <kind>archive</kind>
         <file>rtsv7M4_T_le_v4SPD16_eabi.lib</file>
         <name>pre_init.c.obj</name>
      </input_file>
      <input_file id="fl-df">
         <path>C:\ti\ccsv8\tools\compiler\ti-cgt-arm_18.1.2.LTS\lib\</path>
         <kind>archive</kind>
         <file>rtsv7M4_T_le_v4SPD16_eabi.lib</file>
         <name>cpy_tbl.c.obj</name>
      </input_file>
   </input_file_list>
   <object_component_list>
      <object_component id="oc-23">
         <name>.intvecs:retain</name>
         <load_address>0x0</load_address>
         <run_address>0x0</run_address>
         <size>0xe4</size>
         <input_file_ref idref="fl-b"/>
      </object_component>
      <object_component id="oc-131">
         <name>.text:loop</name>
         <load_address>0xe4</load_address>
         <run_address>0xe4</run_address>
         <size>0x290</size>
         <input_file_ref idref="fl-5"/>
      </object_component>
      <object_component id="oc-281">
         <name>.text:Kalman_Filter</name>
         <load_address>0x374</load_address>
         <run_address>0x374</run_address>
         <size>0x28c</size>
         <input_file_ref idref="fl-3"/>
      </object_component>
      <object_component id="oc-e5">
         <name>.text:process_command</name>
         <load_address>0x600</load_address>
         <run_address>0x600</run_address>
         <size>0x23c</size>
         <input_file_ref idref="fl-8"/>
      </object_component>
      <object_component id="oc-275">
         <name>.text:request_mpu_data</name>
         <load_address>0x83c</load_address>
         <run_address>0x83c</run_address>
         <size>0x220</size>
         <input_file_ref idref="fl-7"/>
      </object_component>
      <object_component id="oc-244">
         <name>.text:setup_pwm</name>
         <load_address>0xa5c</load_address>
         <run_address>0xa5c</run_address>
         <size>0x1c4</size>
         <input_file_ref idref="fl-6"/>
      </object_component>
      <object_component id="oc-38f">
         <name>.text</name>
         <load_address>0xc20</load_address>
         <run_address>0xc20</run_address>
         <size>0x1b6</size>
         <input_file_ref idref="fl-d1"/>
      </object_component>
      <object_component id="oc-6a">
         <name>.text:Default_Handler</name>
         <load_address>0xdd6</load_address>
         <run_address>0xdd6</run_address>
         <size>0x2</size>
         <input_file_ref idref="fl-b"/>
      </object_component>
      <object_component id="oc-27b">
         <name>.text:atan2f</name>
         <load_address>0xdd8</load_address>
         <run_address>0xdd8</run_address>
         <size>0x158</size>
         <input_file_ref idref="fl-ce"/>
      </object_component>
      <object_component id="oc-35b">
         <name>.text:atanf</name>
         <load_address>0xf30</load_address>
         <run_address>0xf30</run_address>
         <size>0x150</size>
         <input_file_ref idref="fl-cf"/>
      </object_component>
      <object_component id="oc-28d">
         <name>.text:velocity</name>
         <load_address>0x1080</load_address>
         <run_address>0x1080</run_address>
         <size>0x12c</size>
         <input_file_ref idref="fl-2"/>
      </object_component>
      <object_component id="oc-385">
         <name>.text</name>
         <load_address>0x11ac</load_address>
         <run_address>0x11ac</run_address>
         <size>0xfc</size>
         <input_file_ref idref="fl-d2"/>
      </object_component>
      <object_component id="oc-7c">
         <name>.text:EUSCIB0_IRQHandler</name>
         <load_address>0x12a8</load_address>
         <run_address>0x12a8</run_address>
         <size>0xc4</size>
         <input_file_ref idref="fl-7"/>
      </object_component>
      <object_component id="oc-238">
         <name>.text:setup_uart</name>
         <load_address>0x136c</load_address>
         <run_address>0x136c</run_address>
         <size>0xb0</size>
         <input_file_ref idref="fl-a"/>
      </object_component>
      <object_component id="oc-34">
         <name>.text</name>
         <load_address>0x141c</load_address>
         <run_address>0x141c</run_address>
         <size>0x9c</size>
         <input_file_ref idref="fl-dc"/>
      </object_component>
      <object_component id="oc-76">
         <name>.text:EUSCIA2_IRQHandler</name>
         <load_address>0x14b8</load_address>
         <run_address>0x14b8</run_address>
         <size>0x90</size>
         <input_file_ref idref="fl-a"/>
      </object_component>
      <object_component id="oc-311">
         <name>.text:GPIO_setAsPeripheralModuleFunctionInputPin</name>
         <load_address>0x1548</load_address>
         <run_address>0x1548</run_address>
         <size>0x88</size>
         <input_file_ref idref="fl-14"/>
      </object_component>
      <object_component id="oc-b4">
         <name>.text</name>
         <load_address>0x15d0</load_address>
         <run_address>0x15d0</run_address>
         <size>0x7a</size>
         <input_file_ref idref="fl-d0"/>
      </object_component>
      <object_component id="oc-d2">
         <name>.text:SystemInit</name>
         <load_address>0x164c</load_address>
         <run_address>0x164c</run_address>
         <size>0x78</size>
         <input_file_ref idref="fl-9"/>
      </object_component>
      <object_component id="oc-25c">
         <name>.text:setup_i2c</name>
         <load_address>0x16c4</load_address>
         <run_address>0x16c4</run_address>
         <size>0x74</size>
         <input_file_ref idref="fl-7"/>
      </object_component>
      <object_component id="oc-38a">
         <name>.text</name>
         <load_address>0x1738</load_address>
         <run_address>0x1738</run_address>
         <size>0x6e</size>
         <input_file_ref idref="fl-d3"/>
      </object_component>
      <object_component id="oc-342">
         <name>.text:I2C_masterSendMultiByteStart</name>
         <load_address>0x17a8</load_address>
         <run_address>0x17a8</run_address>
         <size>0x68</size>
         <input_file_ref idref="fl-15"/>
      </object_component>
      <object_component id="oc-14">
         <name>.text:decompress:lzss:__TI_decompress_lzss</name>
         <load_address>0x1810</load_address>
         <run_address>0x1810</run_address>
         <size>0x68</size>
         <input_file_ref idref="fl-d7"/>
      </object_component>
      <object_component id="oc-1a6">
         <name>.text:get_all_data</name>
         <load_address>0x1878</load_address>
         <run_address>0x1878</run_address>
         <size>0x64</size>
         <input_file_ref idref="fl-8"/>
      </object_component>
      <object_component id="oc-287">
         <name>.text:balance</name>
         <load_address>0x18dc</load_address>
         <run_address>0x18dc</run_address>
         <size>0x58</size>
         <input_file_ref idref="fl-2"/>
      </object_component>
      <object_component id="oc-23e">
         <name>.text:send_string_pc</name>
         <load_address>0x1934</load_address>
         <run_address>0x1934</run_address>
         <size>0x50</size>
         <input_file_ref idref="fl-a"/>
      </object_component>
      <object_component id="oc-322">
         <name>.text:GPIO_setAsInputPin</name>
         <load_address>0x1984</load_address>
         <run_address>0x1984</run_address>
         <size>0x4c</size>
         <input_file_ref idref="fl-14"/>
      </object_component>
      <object_component id="oc-82">
         <name>.text:T32_INT1_IRQHandler</name>
         <load_address>0x19d0</load_address>
         <run_address>0x19d0</run_address>
         <size>0x4c</size>
         <input_file_ref idref="fl-6"/>
      </object_component>
      <object_component id="oc-262">
         <name>.text:setup_mpu_6050</name>
         <load_address>0x1a1c</load_address>
         <run_address>0x1a1c</run_address>
         <size>0x4c</size>
         <input_file_ref idref="fl-7"/>
      </object_component>
      <object_component id="oc-144">
         <name>.text:__TI_auto_init_nobinit_nopinit:__TI_auto_init_nobinit_nopinit</name>
         <load_address>0x1a68</load_address>
         <run_address>0x1a68</run_address>
         <size>0x44</size>
         <input_file_ref idref="fl-dd"/>
      </object_component>
      <object_component id="oc-70">
         <name>.text:EUSCIA0_IRQHandler</name>
         <load_address>0x1aac</load_address>
         <run_address>0x1aac</run_address>
         <size>0x40</size>
         <input_file_ref idref="fl-a"/>
      </object_component>
      <object_component id="oc-30b">
         <name>.text:GPIO_setAsOutputPin</name>
         <load_address>0x1aec</load_address>
         <run_address>0x1aec</run_address>
         <size>0x40</size>
         <input_file_ref idref="fl-14"/>
      </object_component>
      <object_component id="oc-293">
         <name>.text:turn</name>
         <load_address>0x1b2c</load_address>
         <run_address>0x1b2c</run_address>
         <size>0x40</size>
         <input_file_ref idref="fl-2"/>
      </object_component>
      <object_component id="oc-269">
         <name>.text:get_motor_1_speed</name>
         <load_address>0x1b6c</load_address>
         <run_address>0x1b6c</run_address>
         <size>0x3c</size>
         <input_file_ref idref="fl-6"/>
      </object_component>
      <object_component id="oc-26f">
         <name>.text:get_motor_2_speed</name>
         <load_address>0x1ba8</load_address>
         <run_address>0x1ba8</run_address>
         <size>0x3c</size>
         <input_file_ref idref="fl-6"/>
      </object_component>
      <object_component id="oc-52">
         <name>.text:_c_int00_noargs:_c_int00_noargs</name>
         <load_address>0x1be4</load_address>
         <run_address>0x1be4</run_address>
         <size>0x38</size>
         <input_file_ref idref="fl-d8"/>
      </object_component>
      <object_component id="oc-380">
         <name>.text</name>
         <load_address>0x1c1c</load_address>
         <run_address>0x1c1c</run_address>
         <size>0x38</size>
         <input_file_ref idref="fl-d4"/>
      </object_component>
      <object_component id="oc-182">
         <name>.text:get_ACC_X</name>
         <load_address>0x1c54</load_address>
         <run_address>0x1c54</run_address>
         <size>0x36</size>
         <input_file_ref idref="fl-8"/>
      </object_component>
      <object_component id="oc-188">
         <name>.text:get_ACC_Y</name>
         <load_address>0x1c8a</load_address>
         <run_address>0x1c8a</run_address>
         <size>0x36</size>
         <input_file_ref idref="fl-8"/>
      </object_component>
      <object_component id="oc-18e">
         <name>.text:get_ACC_Z</name>
         <load_address>0x1cc0</load_address>
         <run_address>0x1cc0</run_address>
         <size>0x36</size>
         <input_file_ref idref="fl-8"/>
      </object_component>
      <object_component id="oc-194">
         <name>.text:get_GYR_X</name>
         <load_address>0x1cf6</load_address>
         <run_address>0x1cf6</run_address>
         <size>0x36</size>
         <input_file_ref idref="fl-8"/>
      </object_component>
      <object_component id="oc-19a">
         <name>.text:get_GYR_Y</name>
         <load_address>0x1d2c</load_address>
         <run_address>0x1d2c</run_address>
         <size>0x36</size>
         <input_file_ref idref="fl-8"/>
      </object_component>
      <object_component id="oc-1a0">
         <name>.text:get_GYR_Z</name>
         <load_address>0x1d62</load_address>
         <run_address>0x1d62</run_address>
         <size>0x36</size>
         <input_file_ref idref="fl-8"/>
      </object_component>
      <object_component id="oc-317">
         <name>.text:CS_setDCOCenteredFrequency</name>
         <load_address>0x1d98</load_address>
         <run_address>0x1d98</run_address>
         <size>0x34</size>
         <input_file_ref idref="fl-13"/>
      </object_component>
      <object_component id="oc-8e">
         <name>.text:PORT5_IRQHandler</name>
         <load_address>0x1dcc</load_address>
         <run_address>0x1dcc</run_address>
         <size>0x34</size>
         <input_file_ref idref="fl-6"/>
      </object_component>
      <object_component id="oc-94">
         <name>.text:PORT6_IRQHandler</name>
         <load_address>0x1e00</load_address>
         <run_address>0x1e00</run_address>
         <size>0x30</size>
         <input_file_ref idref="fl-6"/>
      </object_component>
      <object_component id="oc-1c4">
         <name>.text:get_angle</name>
         <load_address>0x1e30</load_address>
         <run_address>0x1e30</run_address>
         <size>0x30</size>
         <input_file_ref idref="fl-2"/>
      </object_component>
      <object_component id="oc-1b2">
         <name>.text:get_balance_kd</name>
         <load_address>0x1e60</load_address>
         <run_address>0x1e60</run_address>
         <size>0x30</size>
         <input_file_ref idref="fl-2"/>
      </object_component>
      <object_component id="oc-1ac">
         <name>.text:get_balance_kp</name>
         <load_address>0x1e90</load_address>
         <run_address>0x1e90</run_address>
         <size>0x30</size>
         <input_file_ref idref="fl-2"/>
      </object_component>
      <object_component id="oc-1be">
         <name>.text:get_velocity_ki</name>
         <load_address>0x1ec0</load_address>
         <run_address>0x1ec0</run_address>
         <size>0x30</size>
         <input_file_ref idref="fl-2"/>
      </object_component>
      <object_component id="oc-1b8">
         <name>.text:get_velocity_kp</name>
         <load_address>0x1ef0</load_address>
         <run_address>0x1ef0</run_address>
         <size>0x30</size>
         <input_file_ref idref="fl-2"/>
      </object_component>
      <object_component id="oc-3a5">
         <name>.text:set_pwm_1_duty</name>
         <load_address>0x1f20</load_address>
         <run_address>0x1f20</run_address>
         <size>0x30</size>
         <input_file_ref idref="fl-6"/>
      </object_component>
      <object_component id="oc-3ab">
         <name>.text:set_pwm_2_duty</name>
         <load_address>0x1f50</load_address>
         <run_address>0x1f50</run_address>
         <size>0x30</size>
         <input_file_ref idref="fl-6"/>
      </object_component>
      <object_component id="oc-c0">
         <name>.text:main</name>
         <load_address>0x1f80</load_address>
         <run_address>0x1f80</run_address>
         <size>0x2c</size>
         <input_file_ref idref="fl-4"/>
      </object_component>
      <object_component id="oc-12b">
         <name>.text:setup</name>
         <load_address>0x1fac</load_address>
         <run_address>0x1fac</run_address>
         <size>0x2c</size>
         <input_file_ref idref="fl-5"/>
      </object_component>
      <object_component id="oc-230">
         <name>.text:GPIO_setOutputHighOnPin</name>
         <load_address>0x1fd8</load_address>
         <run_address>0x1fd8</run_address>
         <size>0x28</size>
         <input_file_ref idref="fl-14"/>
      </object_component>
      <object_component id="oc-335">
         <name>.text:GPIO_setOutputLowOnPin</name>
         <load_address>0x2000</load_address>
         <run_address>0x2000</run_address>
         <size>0x28</size>
         <input_file_ref idref="fl-14"/>
      </object_component>
      <object_component id="oc-fe">
         <name>.text:GPIO_toggleOutputOnPin</name>
         <load_address>0x2028</load_address>
         <run_address>0x2028</run_address>
         <size>0x28</size>
         <input_file_ref idref="fl-14"/>
      </object_component>
      <object_component id="oc-88">
         <name>.text:PORT1_IRQHandler</name>
         <load_address>0x2050</load_address>
         <run_address>0x2050</run_address>
         <size>0x28</size>
         <input_file_ref idref="fl-6"/>
      </object_component>
      <object_component id="oc-2d2">
         <name>.text:send_char_bt</name>
         <load_address>0x2078</load_address>
         <run_address>0x2078</run_address>
         <size>0x20</size>
         <input_file_ref idref="fl-a"/>
      </object_component>
      <object_component id="oc-1e8">
         <name>.text:set_angle</name>
         <load_address>0x2098</load_address>
         <run_address>0x2098</run_address>
         <size>0x18</size>
         <input_file_ref idref="fl-2"/>
      </object_component>
      <object_component id="oc-1d0">
         <name>.text:set_balance_kd</name>
         <load_address>0x20b0</load_address>
         <run_address>0x20b0</run_address>
         <size>0x18</size>
         <input_file_ref idref="fl-2"/>
      </object_component>
      <object_component id="oc-1ca">
         <name>.text:set_balance_kp</name>
         <load_address>0x20c8</load_address>
         <run_address>0x20c8</run_address>
         <size>0x18</size>
         <input_file_ref idref="fl-2"/>
      </object_component>
      <object_component id="oc-299">
         <name>.text:set_motor_1_direction</name>
         <load_address>0x20e0</load_address>
         <run_address>0x20e0</run_address>
         <size>0x18</size>
         <input_file_ref idref="fl-6"/>
      </object_component>
      <object_component id="oc-29f">
         <name>.text:set_motor_2_direction</name>
         <load_address>0x20f8</load_address>
         <run_address>0x20f8</run_address>
         <size>0x18</size>
         <input_file_ref idref="fl-6"/>
      </object_component>
      <object_component id="oc-1e2">
         <name>.text:set_speed</name>
         <load_address>0x2110</load_address>
         <run_address>0x2110</run_address>
         <size>0x18</size>
         <input_file_ref idref="fl-2"/>
      </object_component>
      <object_component id="oc-1dc">
         <name>.text:set_velocity_ki</name>
         <load_address>0x2128</load_address>
         <run_address>0x2128</run_address>
         <size>0x18</size>
         <input_file_ref idref="fl-2"/>
      </object_component>
      <object_component id="oc-1d6">
         <name>.text:set_velocity_kp</name>
         <load_address>0x2140</load_address>
         <run_address>0x2140</run_address>
         <size>0x18</size>
         <input_file_ref idref="fl-2"/>
      </object_component>
      <object_component id="oc-2d9">
         <name>.text:get_stored_mpu_data</name>
         <load_address>0x2158</load_address>
         <run_address>0x2158</run_address>
         <size>0x14</size>
         <input_file_ref idref="fl-7"/>
      </object_component>
      <object_component id="oc-397">
         <name>.text:set_motor_1_backward</name>
         <load_address>0x216c</load_address>
         <run_address>0x216c</run_address>
         <size>0x14</size>
         <input_file_ref idref="fl-6"/>
      </object_component>
      <object_component id="oc-24a">
         <name>.text:set_motor_1_forward</name>
         <load_address>0x2180</load_address>
         <run_address>0x2180</run_address>
         <size>0x14</size>
         <input_file_ref idref="fl-6"/>
      </object_component>
      <object_component id="oc-39e">
         <name>.text:set_motor_2_backward</name>
         <load_address>0x2194</load_address>
         <run_address>0x2194</run_address>
         <size>0x14</size>
         <input_file_ref idref="fl-6"/>
      </object_component>
      <object_component id="oc-250">
         <name>.text:set_motor_2_forward</name>
         <load_address>0x21a8</load_address>
         <run_address>0x21a8</run_address>
         <size>0x14</size>
         <input_file_ref idref="fl-6"/>
      </object_component>
      <object_component id="oc-2a5">
         <name>.text:set_pwm_duty</name>
         <load_address>0x21bc</load_address>
         <run_address>0x21bc</run_address>
         <size>0x14</size>
         <input_file_ref idref="fl-6"/>
      </object_component>
      <object_component id="oc-40">
         <name>.text:decompress:ZI:__TI_zero_init_nomemset:__TI_zero_init_nomemset</name>
         <load_address>0x21d0</load_address>
         <run_address>0x21d0</run_address>
         <size>0x12</size>
         <input_file_ref idref="fl-d5"/>
      </object_component>
      <object_component id="oc-17c">
         <name>.text:check_version</name>
         <load_address>0x21e2</load_address>
         <run_address>0x21e2</run_address>
         <size>0x10</size>
         <input_file_ref idref="fl-8"/>
      </object_component>
      <object_component id="oc-1ee">
         <name>.text:start_left_turn</name>
         <load_address>0x21f4</load_address>
         <run_address>0x21f4</run_address>
         <size>0x10</size>
         <input_file_ref idref="fl-2"/>
      </object_component>
      <object_component id="oc-1f4">
         <name>.text:start_right_turn</name>
         <load_address>0x2204</load_address>
         <run_address>0x2204</run_address>
         <size>0x10</size>
         <input_file_ref idref="fl-2"/>
      </object_component>
      <object_component id="oc-1fa">
         <name>.text:stop_turn</name>
         <load_address>0x2214</load_address>
         <run_address>0x2214</run_address>
         <size>0x10</size>
         <input_file_ref idref="fl-2"/>
      </object_component>
      <object_component id="oc-1a">
         <name>.text:decompress:none:__TI_decompress_none</name>
         <load_address>0x2224</load_address>
         <run_address>0x2224</run_address>
         <size>0xe</size>
         <input_file_ref idref="fl-d6"/>
      </object_component>
      <object_component id="oc-64">
         <name>.text:Reset_Handler</name>
         <load_address>0x2232</load_address>
         <run_address>0x2232</run_address>
         <size>0xc</size>
         <input_file_ref idref="fl-b"/>
      </object_component>
      <object_component id="oc-10b">
         <name>.text:start_motor</name>
         <load_address>0x223e</load_address>
         <run_address>0x223e</run_address>
         <size>0xc</size>
         <input_file_ref idref="fl-6"/>
      </object_component>
      <object_component id="oc-256">
         <name>.text:stop_motor</name>
         <load_address>0x224a</load_address>
         <run_address>0x224a</run_address>
         <size>0xc</size>
         <input_file_ref idref="fl-6"/>
      </object_component>
      <object_component id="oc-ba">
         <name>.text:_system_pre_init</name>
         <load_address>0x2256</load_address>
         <run_address>0x2256</run_address>
         <size>0x4</size>
         <input_file_ref idref="fl-de"/>
      </object_component>
      <object_component id="oc-138">
         <name>.text:abort:abort</name>
         <load_address>0x225a</load_address>
         <run_address>0x225a</run_address>
         <size>0x4</size>
         <input_file_ref idref="fl-d9"/>
      </object_component>
      <object_component id="oc-3fe">
         <name>.const:$O1$$</name>
         <load_address>0x2260</load_address>
         <run_address>0x2260</run_address>
         <size>0x34</size>
         <input_file_ref idref="fl-cf"/>
      </object_component>
      <object_component id="oc-220">
         <name>.const:GPIO_PORT_TO_BASE</name>
         <load_address>0x2294</load_address>
         <run_address>0x2294</run_address>
         <size>0x30</size>
         <input_file_ref idref="fl-14"/>
      </object_component>
      <object_component id="oc-31d">
         <name>.const:uartConfig</name>
         <load_address>0x22c4</load_address>
         <run_address>0x22c4</run_address>
         <size>0x24</size>
         <input_file_ref idref="fl-a"/>
      </object_component>
      <object_component id="oc-32b">
         <name>.const:upDownConfig</name>
         <load_address>0x22e8</load_address>
         <run_address>0x22e8</run_address>
         <size>0x18</size>
         <input_file_ref idref="fl-6"/>
      </object_component>
      <object_component id="oc-33e">
         <name>.const:i2cConfig</name>
         <load_address>0x2300</load_address>
         <run_address>0x2300</run_address>
         <size>0x14</size>
         <input_file_ref idref="fl-7"/>
      </object_component>
      <object_component id="oc-351">
         <name>.const:ACC_RATIO</name>
         <load_address>0x2314</load_address>
         <run_address>0x2314</run_address>
         <size>0x10</size>
         <input_file_ref idref="fl-7"/>
      </object_component>
      <object_component id="oc-357">
         <name>.const:GYR_RATIO</name>
         <load_address>0x2324</load_address>
         <run_address>0x2324</run_address>
         <size>0x10</size>
         <input_file_ref idref="fl-7"/>
      </object_component>
      <object_component id="oc-328">
         <name>.const:.string:$P$T0$1</name>
         <load_address>0x2334</load_address>
         <run_address>0x2334</run_address>
         <size>0x8</size>
         <input_file_ref idref="fl-6"/>
      </object_component>
      <object_component id="oc-34e">
         <name>.const:.string:RegData</name>
         <load_address>0x233c</load_address>
         <run_address>0x233c</run_address>
         <size>0x7</size>
         <input_file_ref idref="fl-7"/>
      </object_component>
      <object_component id="oc-465">
         <name>.cinit..data.load</name>
         <load_address>0x2348</load_address>
         <run_address>0x2348</run_address>
         <size>0x54</size>
      </object_component>
      <object_component id="oc-463">
         <name>__TI_handler_table</name>
         <load_address>0x239c</load_address>
         <run_address>0x239c</run_address>
         <size>0xc</size>
      </object_component>
      <object_component id="oc-466">
         <name>.cinit..bss.load</name>
         <load_address>0x23a8</load_address>
         <run_address>0x23a8</run_address>
         <size>0x8</size>
      </object_component>
      <object_component id="oc-464">
         <name>__TI_cinit_table</name>
         <load_address>0x23b0</load_address>
         <run_address>0x23b0</run_address>
         <size>0x10</size>
      </object_component>
      <object_component id="oc-438">
         <name>.binit</name>
         <load_address>0x0</load_address>
         <run_address>0x0</run_address>
         <size>0x0</size>
      </object_component>
      <object_component id="oc-2eb">
         <name>.data</name>
         <load_address>0x200000d8</load_address>
         <run_address>0x200000d8</run_address>
         <size>0x1c</size>
         <input_file_ref idref="fl-2"/>
      </object_component>
      <object_component id="oc-370">
         <name>.data</name>
         <load_address>0x200000f4</load_address>
         <run_address>0x200000f4</run_address>
         <size>0x18</size>
         <input_file_ref idref="fl-3"/>
      </object_component>
      <object_component id="oc-373">
         <name>.data:P</name>
         <load_address>0x2000010c</load_address>
         <run_address>0x2000010c</run_address>
         <size>0x10</size>
         <input_file_ref idref="fl-3"/>
      </object_component>
      <object_component id="oc-36d">
         <name>.data:Pdot</name>
         <load_address>0x2000011c</load_address>
         <run_address>0x2000011c</run_address>
         <size>0x10</size>
         <input_file_ref idref="fl-3"/>
      </object_component>
      <object_component id="oc-2ae">
         <name>.data</name>
         <load_address>0x2000014c</load_address>
         <run_address>0x2000014c</run_address>
         <size>0x8</size>
         <input_file_ref idref="fl-5"/>
      </object_component>
      <object_component id="oc-349">
         <name>.data</name>
         <load_address>0x20000154</load_address>
         <run_address>0x20000154</run_address>
         <size>0x2</size>
         <input_file_ref idref="fl-6"/>
      </object_component>
      <object_component id="oc-32e">
         <name>.data:compareConfig_PWM1</name>
         <load_address>0x2000012c</load_address>
         <run_address>0x2000012c</run_address>
         <size>0x10</size>
         <input_file_ref idref="fl-6"/>
      </object_component>
      <object_component id="oc-331">
         <name>.data:compareConfig_PWM2</name>
         <load_address>0x2000013c</load_address>
         <run_address>0x2000013c</run_address>
         <size>0x10</size>
         <input_file_ref idref="fl-6"/>
      </object_component>
      <object_component id="oc-354">
         <name>.data</name>
         <load_address>0x20000156</load_address>
         <run_address>0x20000156</run_address>
         <size>0x2</size>
         <input_file_ref idref="fl-7"/>
      </object_component>
      <object_component id="oc-eb">
         <name>.data</name>
         <load_address>0x20000158</load_address>
         <run_address>0x20000158</run_address>
         <size>0x2</size>
         <input_file_ref idref="fl-a"/>
      </object_component>
      <object_component id="oc-394">
         <name>.bss</name>
         <uninitialized>true</uninitialized>
         <run_address>0x20000080</run_address>
         <size>0x10</size>
         <input_file_ref idref="fl-2"/>
      </object_component>
      <object_component id="oc-f5">
         <name>.bss:RXData</name>
         <uninitialized>true</uninitialized>
         <run_address>0x20000095</run_address>
         <size>0x4</size>
         <input_file_ref idref="fl-7"/>
      </object_component>
      <object_component id="oc-f2">
         <name>.bss</name>
         <uninitialized>true</uninitialized>
         <run_address>0x20000090</run_address>
         <size>0x5</size>
         <input_file_ref idref="fl-7"/>
      </object_component>
      <object_component id="oc-368">
         <name>.common:angle</name>
         <uninitialized>true</uninitialized>
         <run_address>0x200000b0</run_address>
         <size>0x4</size>
      </object_component>
      <object_component id="oc-37d">
         <name>.common:angle_dot</name>
         <uninitialized>true</uninitialized>
         <run_address>0x200000b4</run_address>
         <size>0x4</size>
      </object_component>
      <object_component id="oc-36b">
         <name>.common:q_bias</name>
         <uninitialized>true</uninitialized>
         <run_address>0x200000cc</run_address>
         <size>0x4</size>
      </object_component>
      <object_component id="oc-36c">
         <name>.common:angle_err</name>
         <uninitialized>true</uninitialized>
         <run_address>0x200000b8</run_address>
         <size>0x4</size>
      </object_component>
      <object_component id="oc-376">
         <name>.common:PCt_0</name>
         <uninitialized>true</uninitialized>
         <run_address>0x200000a8</run_address>
         <size>0x4</size>
      </object_component>
      <object_component id="oc-377">
         <name>.common:PCt_1</name>
         <uninitialized>true</uninitialized>
         <run_address>0x200000ac</run_address>
         <size>0x4</size>
      </object_component>
      <object_component id="oc-378">
         <name>.common:E</name>
         <uninitialized>true</uninitialized>
         <run_address>0x2000009c</run_address>
         <size>0x4</size>
      </object_component>
      <object_component id="oc-379">
         <name>.common:K_0</name>
         <uninitialized>true</uninitialized>
         <run_address>0x200000a0</run_address>
         <size>0x4</size>
      </object_component>
      <object_component id="oc-37a">
         <name>.common:K_1</name>
         <uninitialized>true</uninitialized>
         <run_address>0x200000a4</run_address>
         <size>0x4</size>
      </object_component>
      <object_component id="oc-37b">
         <name>.common:t_0</name>
         <uninitialized>true</uninitialized>
         <run_address>0x200000d0</run_address>
         <size>0x4</size>
      </object_component>
      <object_component id="oc-37c">
         <name>.common:t_1</name>
         <uninitialized>true</uninitialized>
         <run_address>0x200000d4</run_address>
         <size>0x4</size>
      </object_component>
      <object_component id="oc-2ab">
         <name>.common:mpu_data</name>
         <uninitialized>true</uninitialized>
         <run_address>0x20000064</run_address>
         <size>0x1c</size>
      </object_component>
      <object_component id="oc-107">
         <name>.common:encoder_count_1</name>
         <uninitialized>true</uninitialized>
         <run_address>0x200000bc</run_address>
         <size>0x4</size>
      </object_component>
      <object_component id="oc-109">
         <name>.common:encoder_count_2</name>
         <uninitialized>true</uninitialized>
         <run_address>0x200000c0</run_address>
         <size>0x4</size>
      </object_component>
      <object_component id="oc-104">
         <name>.common:motor_1_speed</name>
         <uninitialized>true</uninitialized>
         <run_address>0x200000c4</run_address>
         <size>0x4</size>
      </object_component>
      <object_component id="oc-108">
         <name>.common:motor_2_speed</name>
         <uninitialized>true</uninitialized>
         <run_address>0x200000c8</run_address>
         <size>0x4</size>
      </object_component>
      <object_component id="oc-ee">
         <name>.common:RXData</name>
         <uninitialized>true</uninitialized>
         <run_address>0x20000000</run_address>
         <size>0x64</size>
      </object_component>
      <object_component id="oc-26">
         <name>.stack</name>
         <uninitialized>true</uninitialized>
         <run_address>0x2000fe00</run_address>
         <size>0x4</size>
         <input_file_ref idref="fl-d8"/>
      </object_component>
      <object_component id="oc-467">
         <name>.stack</name>
         <uninitialized>true</uninitialized>
         <run_address>0x2000fe00</run_address>
         <size>0x0</size>
      </object_component>
      <object_component id="oc-237">
         <name>.debug_info</name>
         <load_address>0x0</load_address>
         <run_address>0x0</run_address>
         <size>0x58b</size>
         <input_file_ref idref="fl-2"/>
      </object_component>
      <object_component id="oc-2ec">
         <name>.debug_info</name>
         <load_address>0x58b</load_address>
         <run_address>0x58b</run_address>
         <size>0x1d6</size>
         <input_file_ref idref="fl-2"/>
      </object_component>
      <object_component id="oc-1ae">
         <name>.debug_info</name>
         <load_address>0x761</load_address>
         <run_address>0x761</run_address>
         <size>0x155</size>
         <input_file_ref idref="fl-2"/>
      </object_component>
      <object_component id="oc-1b4">
         <name>.debug_info</name>
         <load_address>0x8b6</load_address>
         <run_address>0x8b6</run_address>
         <size>0x155</size>
         <input_file_ref idref="fl-2"/>
      </object_component>
      <object_component id="oc-1ba">
         <name>.debug_info</name>
         <load_address>0xa0b</load_address>
         <run_address>0xa0b</run_address>
         <size>0x157</size>
         <input_file_ref idref="fl-2"/>
      </object_component>
      <object_component id="oc-1c0">
         <name>.debug_info</name>
         <load_address>0xb62</load_address>
         <run_address>0xb62</run_address>
         <size>0x157</size>
         <input_file_ref idref="fl-2"/>
      </object_component>
      <object_component id="oc-1c6">
         <name>.debug_info</name>
         <load_address>0xcb9</load_address>
         <run_address>0xcb9</run_address>
         <size>0x145</size>
         <input_file_ref idref="fl-2"/>
      </object_component>
      <object_component id="oc-1cc">
         <name>.debug_info</name>
         <load_address>0xdfe</load_address>
         <run_address>0xdfe</run_address>
         <size>0x144</size>
         <input_file_ref idref="fl-2"/>
      </object_component>
      <object_component id="oc-1d2">
         <name>.debug_info</name>
         <load_address>0xf42</load_address>
         <run_address>0xf42</run_address>
         <size>0x144</size>
         <input_file_ref idref="fl-2"/>
      </object_component>
      <object_component id="oc-1d8">
         <name>.debug_info</name>
         <load_address>0x1086</load_address>
         <run_address>0x1086</run_address>
         <size>0x146</size>
         <input_file_ref idref="fl-2"/>
      </object_component>
      <object_component id="oc-1de">
         <name>.debug_info</name>
         <load_address>0x11cc</load_address>
         <run_address>0x11cc</run_address>
         <size>0x146</size>
         <input_file_ref idref="fl-2"/>
      </object_component>
      <object_component id="oc-1e4">
         <name>.debug_info</name>
         <load_address>0x1312</load_address>
         <run_address>0x1312</run_address>
         <size>0x12e</size>
         <input_file_ref idref="fl-2"/>
      </object_component>
      <object_component id="oc-1e9">
         <name>.debug_info</name>
         <load_address>0x1440</load_address>
         <run_address>0x1440</run_address>
         <size>0x12e</size>
         <input_file_ref idref="fl-2"/>
      </object_component>
      <object_component id="oc-1ef">
         <name>.debug_info</name>
         <load_address>0x156e</load_address>
         <run_address>0x156e</run_address>
         <size>0x122</size>
         <input_file_ref idref="fl-2"/>
      </object_component>
      <object_component id="oc-1f5">
         <name>.debug_info</name>
         <load_address>0x1690</load_address>
         <run_address>0x1690</run_address>
         <size>0x124</size>
         <input_file_ref idref="fl-2"/>
      </object_component>
      <object_component id="oc-1fb">
         <name>.debug_info</name>
         <load_address>0x17b4</load_address>
         <run_address>0x17b4</run_address>
         <size>0x116</size>
         <input_file_ref idref="fl-2"/>
      </object_component>
      <object_component id="oc-288">
         <name>.debug_info</name>
         <load_address>0x18ca</load_address>
         <run_address>0x18ca</run_address>
         <size>0x18c</size>
         <input_file_ref idref="fl-2"/>
      </object_component>
      <object_component id="oc-28e">
         <name>.debug_info</name>
         <load_address>0x1a56</load_address>
         <run_address>0x1a56</run_address>
         <size>0x2c9</size>
         <input_file_ref idref="fl-2"/>
      </object_component>
      <object_component id="oc-294">
         <name>.debug_info</name>
         <load_address>0x1d1f</load_address>
         <run_address>0x1d1f</run_address>
         <size>0x158</size>
         <input_file_ref idref="fl-2"/>
      </object_component>
      <object_component id="oc-116">
         <name>.debug_info</name>
         <load_address>0x1e77</load_address>
         <run_address>0x1e77</run_address>
         <size>0x26b</size>
         <input_file_ref idref="fl-2"/>
      </object_component>
      <object_component id="oc-210">
         <name>.debug_info</name>
         <load_address>0x20e2</load_address>
         <run_address>0x20e2</run_address>
         <size>0x1055</size>
         <input_file_ref idref="fl-2"/>
      </object_component>
      <object_component id="oc-20b">
         <name>.debug_info</name>
         <load_address>0x3137</load_address>
         <run_address>0x3137</run_address>
         <size>0x37e2</size>
         <input_file_ref idref="fl-2"/>
      </object_component>
      <object_component id="oc-300">
         <name>.debug_info</name>
         <load_address>0x6919</load_address>
         <run_address>0x6919</run_address>
         <size>0x9a</size>
         <input_file_ref idref="fl-2"/>
      </object_component>
      <object_component id="oc-22b">
         <name>.debug_info</name>
         <load_address>0x69b3</load_address>
         <run_address>0x69b3</run_address>
         <size>0x341</size>
         <input_file_ref idref="fl-2"/>
      </object_component>
      <object_component id="oc-2f">
         <name>.debug_info</name>
         <load_address>0x6cf4</load_address>
         <run_address>0x6cf4</run_address>
         <size>0x84</size>
         <input_file_ref idref="fl-2"/>
      </object_component>
      <object_component id="oc-177">
         <name>.debug_info</name>
         <load_address>0x6d78</load_address>
         <run_address>0x6d78</run_address>
         <size>0x297</size>
         <input_file_ref idref="fl-2"/>
      </object_component>
      <object_component id="oc-f9">
         <name>.debug_info</name>
         <load_address>0x700f</load_address>
         <run_address>0x700f</run_address>
         <size>0xef</size>
         <input_file_ref idref="fl-2"/>
      </object_component>
      <object_component id="oc-db">
         <name>.debug_info</name>
         <load_address>0x70fe</load_address>
         <run_address>0x70fe</run_address>
         <size>0xbb</size>
         <input_file_ref idref="fl-2"/>
      </object_component>
      <object_component id="oc-122">
         <name>.debug_info</name>
         <load_address>0x71b9</load_address>
         <run_address>0x71b9</run_address>
         <size>0x2c</size>
         <input_file_ref idref="fl-2"/>
      </object_component>
      <object_component id="oc-215">
         <name>.debug_info</name>
         <load_address>0x71e5</load_address>
         <run_address>0x71e5</run_address>
         <size>0xee</size>
         <input_file_ref idref="fl-2"/>
      </object_component>
      <object_component id="oc-202">
         <name>.debug_info</name>
         <load_address>0x72d3</load_address>
         <run_address>0x72d3</run_address>
         <size>0xa5</size>
         <input_file_ref idref="fl-2"/>
      </object_component>
      <object_component id="oc-369">
         <name>.debug_info</name>
         <load_address>0x7378</load_address>
         <run_address>0x7378</run_address>
         <size>0x430</size>
         <input_file_ref idref="fl-3"/>
      </object_component>
      <object_component id="oc-371">
         <name>.debug_info</name>
         <load_address>0x77a8</load_address>
         <run_address>0x77a8</run_address>
         <size>0x16a</size>
         <input_file_ref idref="fl-3"/>
      </object_component>
      <object_component id="oc-374">
         <name>.debug_info</name>
         <load_address>0x7912</load_address>
         <run_address>0x7912</run_address>
         <size>0xe1</size>
         <input_file_ref idref="fl-3"/>
      </object_component>
      <object_component id="oc-36e">
         <name>.debug_info</name>
         <load_address>0x79f3</load_address>
         <run_address>0x79f3</run_address>
         <size>0xe7</size>
         <input_file_ref idref="fl-3"/>
      </object_component>
      <object_component id="oc-282">
         <name>.debug_info</name>
         <load_address>0x7ada</load_address>
         <run_address>0x7ada</run_address>
         <size>0x1a3</size>
         <input_file_ref idref="fl-3"/>
      </object_component>
      <object_component id="oc-c1">
         <name>.debug_info</name>
         <load_address>0x7c7d</load_address>
         <run_address>0x7c7d</run_address>
         <size>0x139</size>
         <input_file_ref idref="fl-4"/>
      </object_component>
      <object_component id="oc-e0">
         <name>.debug_info</name>
         <load_address>0x7db6</load_address>
         <run_address>0x7db6</run_address>
         <size>0x8b</size>
         <input_file_ref idref="fl-4"/>
      </object_component>
      <object_component id="oc-2ac">
         <name>.debug_info</name>
         <load_address>0x7e41</load_address>
         <run_address>0x7e41</run_address>
         <size>0x979</size>
         <input_file_ref idref="fl-5"/>
      </object_component>
      <object_component id="oc-2af">
         <name>.debug_info</name>
         <load_address>0x87ba</load_address>
         <run_address>0x87ba</run_address>
         <size>0xf9</size>
         <input_file_ref idref="fl-5"/>
      </object_component>
      <object_component id="oc-12c">
         <name>.debug_info</name>
         <load_address>0x88b3</load_address>
         <run_address>0x88b3</run_address>
         <size>0x1c0</size>
         <input_file_ref idref="fl-5"/>
      </object_component>
      <object_component id="oc-132">
         <name>.debug_info</name>
         <load_address>0x8a73</load_address>
         <run_address>0x8a73</run_address>
         <size>0x2f2</size>
         <input_file_ref idref="fl-5"/>
      </object_component>
      <object_component id="oc-2e0">
         <name>.debug_info</name>
         <load_address>0x8d65</load_address>
         <run_address>0x8d65</run_address>
         <size>0x144</size>
         <input_file_ref idref="fl-5"/>
      </object_component>
      <object_component id="oc-105">
         <name>.debug_info</name>
         <load_address>0x8ea9</load_address>
         <run_address>0x8ea9</run_address>
         <size>0x762</size>
         <input_file_ref idref="fl-6"/>
      </object_component>
      <object_component id="oc-34a">
         <name>.debug_info</name>
         <load_address>0x960b</load_address>
         <run_address>0x960b</run_address>
         <size>0x133</size>
         <input_file_ref idref="fl-6"/>
      </object_component>
      <object_component id="oc-32c">
         <name>.debug_info</name>
         <load_address>0x973e</load_address>
         <run_address>0x973e</run_address>
         <size>0xf6</size>
         <input_file_ref idref="fl-6"/>
      </object_component>
      <object_component id="oc-32f">
         <name>.debug_info</name>
         <load_address>0x9834</load_address>
         <run_address>0x9834</run_address>
         <size>0x102</size>
         <input_file_ref idref="fl-6"/>
      </object_component>
      <object_component id="oc-332">
         <name>.debug_info</name>
         <load_address>0x9936</load_address>
         <run_address>0x9936</run_address>
         <size>0x102</size>
         <input_file_ref idref="fl-6"/>
      </object_component>
      <object_component id="oc-329">
         <name>.debug_info</name>
         <load_address>0x9a38</load_address>
         <run_address>0x9a38</run_address>
         <size>0xeb</size>
         <input_file_ref idref="fl-6"/>
      </object_component>
      <object_component id="oc-246">
         <name>.debug_info</name>
         <load_address>0x9b23</load_address>
         <run_address>0x9b23</run_address>
         <size>0x22c</size>
         <input_file_ref idref="fl-6"/>
      </object_component>
      <object_component id="oc-3a7">
         <name>.debug_info</name>
         <load_address>0x9d4f</load_address>
         <run_address>0x9d4f</run_address>
         <size>0x150</size>
         <input_file_ref idref="fl-6"/>
      </object_component>
      <object_component id="oc-3ad">
         <name>.debug_info</name>
         <load_address>0x9e9f</load_address>
         <run_address>0x9e9f</run_address>
         <size>0x150</size>
         <input_file_ref idref="fl-6"/>
      </object_component>
      <object_component id="oc-2a7">
         <name>.debug_info</name>
         <load_address>0x9fef</load_address>
         <run_address>0x9fef</run_address>
         <size>0x1a2</size>
         <input_file_ref idref="fl-6"/>
      </object_component>
      <object_component id="oc-10d">
         <name>.debug_info</name>
         <load_address>0xa191</load_address>
         <run_address>0xa191</run_address>
         <size>0x13e</size>
         <input_file_ref idref="fl-6"/>
      </object_component>
      <object_component id="oc-258">
         <name>.debug_info</name>
         <load_address>0xa2cf</load_address>
         <run_address>0xa2cf</run_address>
         <size>0x13b</size>
         <input_file_ref idref="fl-6"/>
      </object_component>
      <object_component id="oc-24c">
         <name>.debug_info</name>
         <load_address>0xa40a</load_address>
         <run_address>0xa40a</run_address>
         <size>0x16b</size>
         <input_file_ref idref="fl-6"/>
      </object_component>
      <object_component id="oc-399">
         <name>.debug_info</name>
         <load_address>0xa575</load_address>
         <run_address>0xa575</run_address>
         <size>0x170</size>
         <input_file_ref idref="fl-6"/>
      </object_component>
      <object_component id="oc-29b">
         <name>.debug_info</name>
         <load_address>0xa6e5</load_address>
         <run_address>0xa6e5</run_address>
         <size>0x1a3</size>
         <input_file_ref idref="fl-6"/>
      </object_component>
      <object_component id="oc-252">
         <name>.debug_info</name>
         <load_address>0xa888</load_address>
         <run_address>0xa888</run_address>
         <size>0x16e</size>
         <input_file_ref idref="fl-6"/>
      </object_component>
      <object_component id="oc-3a0">
         <name>.debug_info</name>
         <load_address>0xa9f6</load_address>
         <run_address>0xa9f6</run_address>
         <size>0x170</size>
         <input_file_ref idref="fl-6"/>
      </object_component>
      <object_component id="oc-2a1">
         <name>.debug_info</name>
         <load_address>0xab66</load_address>
         <run_address>0xab66</run_address>
         <size>0x1a3</size>
         <input_file_ref idref="fl-6"/>
      </object_component>
      <object_component id="oc-26b">
         <name>.debug_info</name>
         <load_address>0xad09</load_address>
         <run_address>0xad09</run_address>
         <size>0x13a</size>
         <input_file_ref idref="fl-6"/>
      </object_component>
      <object_component id="oc-271">
         <name>.debug_info</name>
         <load_address>0xae43</load_address>
         <run_address>0xae43</run_address>
         <size>0x13a</size>
         <input_file_ref idref="fl-6"/>
      </object_component>
      <object_component id="oc-90">
         <name>.debug_info</name>
         <load_address>0xaf7d</load_address>
         <run_address>0xaf7d</run_address>
         <size>0x151</size>
         <input_file_ref idref="fl-6"/>
      </object_component>
      <object_component id="oc-96">
         <name>.debug_info</name>
         <load_address>0xb0ce</load_address>
         <run_address>0xb0ce</run_address>
         <size>0x151</size>
         <input_file_ref idref="fl-6"/>
      </object_component>
      <object_component id="oc-8a">
         <name>.debug_info</name>
         <load_address>0xb21f</load_address>
         <run_address>0xb21f</run_address>
         <size>0x163</size>
         <input_file_ref idref="fl-6"/>
      </object_component>
      <object_component id="oc-84">
         <name>.debug_info</name>
         <load_address>0xb382</load_address>
         <run_address>0xb382</run_address>
         <size>0x157</size>
         <input_file_ref idref="fl-6"/>
      </object_component>
      <object_component id="oc-226">
         <name>.debug_info</name>
         <load_address>0xb4d9</load_address>
         <run_address>0xb4d9</run_address>
         <size>0x37e2</size>
         <input_file_ref idref="fl-6"/>
      </object_component>
      <object_component id="oc-21c">
         <name>.debug_info</name>
         <load_address>0xecbb</load_address>
         <run_address>0xecbb</run_address>
         <size>0x642</size>
         <input_file_ref idref="fl-7"/>
      </object_component>
      <object_component id="oc-34f">
         <name>.debug_info</name>
         <load_address>0xf2fd</load_address>
         <run_address>0xf2fd</run_address>
         <size>0xef</size>
         <input_file_ref idref="fl-7"/>
      </object_component>
      <object_component id="oc-f6">
         <name>.debug_info</name>
         <load_address>0xf3ec</load_address>
         <run_address>0xf3ec</run_address>
         <size>0xec</size>
         <input_file_ref idref="fl-7"/>
      </object_component>
      <object_component id="oc-f3">
         <name>.debug_info</name>
         <load_address>0xf4d8</load_address>
         <run_address>0xf4d8</run_address>
         <size>0x116</size>
         <input_file_ref idref="fl-7"/>
      </object_component>
      <object_component id="oc-355">
         <name>.debug_info</name>
         <load_address>0xf5ee</load_address>
         <run_address>0xf5ee</run_address>
         <size>0x114</size>
         <input_file_ref idref="fl-7"/>
      </object_component>
      <object_component id="oc-352">
         <name>.debug_info</name>
         <load_address>0xf702</load_address>
         <run_address>0xf702</run_address>
         <size>0xf3</size>
         <input_file_ref idref="fl-7"/>
      </object_component>
      <object_component id="oc-358">
         <name>.debug_info</name>
         <load_address>0xf7f5</load_address>
         <run_address>0xf7f5</run_address>
         <size>0xf3</size>
         <input_file_ref idref="fl-7"/>
      </object_component>
      <object_component id="oc-33f">
         <name>.debug_info</name>
         <load_address>0xf8e8</load_address>
         <run_address>0xf8e8</run_address>
         <size>0xf3</size>
         <input_file_ref idref="fl-7"/>
      </object_component>
      <object_component id="oc-25e">
         <name>.debug_info</name>
         <load_address>0xf9db</load_address>
         <run_address>0xf9db</run_address>
         <size>0x155</size>
         <input_file_ref idref="fl-7"/>
      </object_component>
      <object_component id="oc-264">
         <name>.debug_info</name>
         <load_address>0xfb30</load_address>
         <run_address>0xfb30</run_address>
         <size>0x16e</size>
         <input_file_ref idref="fl-7"/>
      </object_component>
      <object_component id="oc-276">
         <name>.debug_info</name>
         <load_address>0xfc9e</load_address>
         <run_address>0xfc9e</run_address>
         <size>0x226</size>
         <input_file_ref idref="fl-7"/>
      </object_component>
      <object_component id="oc-2da">
         <name>.debug_info</name>
         <load_address>0xfec4</load_address>
         <run_address>0xfec4</run_address>
         <size>0x13d</size>
         <input_file_ref idref="fl-7"/>
      </object_component>
      <object_component id="oc-7d">
         <name>.debug_info</name>
         <load_address>0x10001</load_address>
         <run_address>0x10001</run_address>
         <size>0x18d</size>
         <input_file_ref idref="fl-7"/>
      </object_component>
      <object_component id="oc-201">
         <name>.debug_info</name>
         <load_address>0x1018e</load_address>
         <run_address>0x1018e</run_address>
         <size>0x7f6</size>
         <input_file_ref idref="fl-8"/>
      </object_component>
      <object_component id="oc-e8">
         <name>.debug_info</name>
         <load_address>0x10984</load_address>
         <run_address>0x10984</run_address>
         <size>0x43f</size>
         <input_file_ref idref="fl-8"/>
      </object_component>
      <object_component id="oc-17f">
         <name>.debug_info</name>
         <load_address>0x10dc3</load_address>
         <run_address>0x10dc3</run_address>
         <size>0x153</size>
         <input_file_ref idref="fl-8"/>
      </object_component>
      <object_component id="oc-185">
         <name>.debug_info</name>
         <load_address>0x10f16</load_address>
         <run_address>0x10f16</run_address>
         <size>0x18c</size>
         <input_file_ref idref="fl-8"/>
      </object_component>
      <object_component id="oc-18b">
         <name>.debug_info</name>
         <load_address>0x110a2</load_address>
         <run_address>0x110a2</run_address>
         <size>0x18c</size>
         <input_file_ref idref="fl-8"/>
      </object_component>
      <object_component id="oc-191">
         <name>.debug_info</name>
         <load_address>0x1122e</load_address>
         <run_address>0x1122e</run_address>
         <size>0x18c</size>
         <input_file_ref idref="fl-8"/>
      </object_component>
      <object_component id="oc-197">
         <name>.debug_info</name>
         <load_address>0x113ba</load_address>
         <run_address>0x113ba</run_address>
         <size>0x18c</size>
         <input_file_ref idref="fl-8"/>
      </object_component>
      <object_component id="oc-19d">
         <name>.debug_info</name>
         <load_address>0x11546</load_address>
         <run_address>0x11546</run_address>
         <size>0x18d</size>
         <input_file_ref idref="fl-8"/>
      </object_component>
      <object_component id="oc-1a3">
         <name>.debug_info</name>
         <load_address>0x116d3</load_address>
         <run_address>0x116d3</run_address>
         <size>0x18f</size>
         <input_file_ref idref="fl-8"/>
      </object_component>
      <object_component id="oc-1a9">
         <name>.debug_info</name>
         <load_address>0x11862</load_address>
         <run_address>0x11862</run_address>
         <size>0x19f</size>
         <input_file_ref idref="fl-8"/>
      </object_component>
      <object_component id="oc-d4">
         <name>.debug_info</name>
         <load_address>0x11a01</load_address>
         <run_address>0x11a01</run_address>
         <size>0x148</size>
         <input_file_ref idref="fl-9"/>
      </object_component>
      <object_component id="oc-ef">
         <name>.debug_info</name>
         <load_address>0x11b49</load_address>
         <run_address>0x11b49</run_address>
         <size>0x6f9</size>
         <input_file_ref idref="fl-a"/>
      </object_component>
      <object_component id="oc-31e">
         <name>.debug_info</name>
         <load_address>0x12242</load_address>
         <run_address>0x12242</run_address>
         <size>0xf1</size>
         <input_file_ref idref="fl-a"/>
      </object_component>
      <object_component id="oc-ec">
         <name>.debug_info</name>
         <load_address>0x12333</load_address>
         <run_address>0x12333</run_address>
         <size>0xf7</size>
         <input_file_ref idref="fl-a"/>
      </object_component>
      <object_component id="oc-23a">
         <name>.debug_info</name>
         <load_address>0x1242a</load_address>
         <run_address>0x1242a</run_address>
         <size>0x1c6</size>
         <input_file_ref idref="fl-a"/>
      </object_component>
      <object_component id="oc-240">
         <name>.debug_info</name>
         <load_address>0x125f0</load_address>
         <run_address>0x125f0</run_address>
         <size>0x1a0</size>
         <input_file_ref idref="fl-a"/>
      </object_component>
      <object_component id="oc-2d4">
         <name>.debug_info</name>
         <load_address>0x12790</load_address>
         <run_address>0x12790</run_address>
         <size>0x141</size>
         <input_file_ref idref="fl-a"/>
      </object_component>
      <object_component id="oc-72">
         <name>.debug_info</name>
         <load_address>0x128d1</load_address>
         <run_address>0x128d1</run_address>
         <size>0x188</size>
         <input_file_ref idref="fl-a"/>
      </object_component>
      <object_component id="oc-78">
         <name>.debug_info</name>
         <load_address>0x12a59</load_address>
         <run_address>0x12a59</run_address>
         <size>0x1b2</size>
         <input_file_ref idref="fl-a"/>
      </object_component>
      <object_component id="oc-9c">
         <name>.debug_info</name>
         <load_address>0x12c0b</load_address>
         <run_address>0x12c0b</run_address>
         <size>0x2e8</size>
         <input_file_ref idref="fl-b"/>
      </object_component>
      <object_component id="oc-24">
         <name>.debug_info</name>
         <load_address>0x12ef3</load_address>
         <run_address>0x12ef3</run_address>
         <size>0x114</size>
         <input_file_ref idref="fl-b"/>
      </object_component>
      <object_component id="oc-66">
         <name>.debug_info</name>
         <load_address>0x13007</load_address>
         <run_address>0x13007</run_address>
         <size>0x177</size>
         <input_file_ref idref="fl-b"/>
      </object_component>
      <object_component id="oc-6b">
         <name>.debug_info</name>
         <load_address>0x1317e</load_address>
         <run_address>0x1317e</run_address>
         <size>0x15f</size>
         <input_file_ref idref="fl-b"/>
      </object_component>
      <object_component id="oc-428">
         <name>.debug_info</name>
         <load_address>0x132dd</load_address>
         <run_address>0x132dd</run_address>
         <size>0x803</size>
         <input_file_ref idref="fl-13"/>
      </object_component>
      <object_component id="oc-318">
         <name>.debug_info</name>
         <load_address>0x13ae0</load_address>
         <run_address>0x13ae0</run_address>
         <size>0x1e1</size>
         <input_file_ref idref="fl-13"/>
      </object_component>
      <object_component id="oc-3dd">
         <name>.debug_info</name>
         <load_address>0x13cc1</load_address>
         <run_address>0x13cc1</run_address>
         <size>0x431a</size>
         <input_file_ref idref="fl-13"/>
      </object_component>
      <object_component id="oc-42f">
         <name>.debug_info</name>
         <load_address>0x17fdb</load_address>
         <run_address>0x17fdb</run_address>
         <size>0x1b5</size>
         <input_file_ref idref="fl-13"/>
      </object_component>
      <object_component id="oc-307">
         <name>.debug_info</name>
         <load_address>0x18190</load_address>
         <run_address>0x18190</run_address>
         <size>0x6fd</size>
         <input_file_ref idref="fl-14"/>
      </object_component>
      <object_component id="oc-221">
         <name>.debug_info</name>
         <load_address>0x1888d</load_address>
         <run_address>0x1888d</run_address>
         <size>0x131</size>
         <input_file_ref idref="fl-14"/>
      </object_component>
      <object_component id="oc-30e">
         <name>.debug_info</name>
         <load_address>0x189be</load_address>
         <run_address>0x189be</run_address>
         <size>0x24e</size>
         <input_file_ref idref="fl-14"/>
      </object_component>
      <object_component id="oc-325">
         <name>.debug_info</name>
         <load_address>0x18c0c</load_address>
         <run_address>0x18c0c</run_address>
         <size>0x24c</size>
         <input_file_ref idref="fl-14"/>
      </object_component>
      <object_component id="oc-314">
         <name>.debug_info</name>
         <load_address>0x18e58</load_address>
         <run_address>0x18e58</run_address>
         <size>0x29f</size>
         <input_file_ref idref="fl-14"/>
      </object_component>
      <object_component id="oc-233">
         <name>.debug_info</name>
         <load_address>0x190f7</load_address>
         <run_address>0x190f7</run_address>
         <size>0x256</size>
         <input_file_ref idref="fl-14"/>
      </object_component>
      <object_component id="oc-338">
         <name>.debug_info</name>
         <load_address>0x1934d</load_address>
         <run_address>0x1934d</run_address>
         <size>0x254</size>
         <input_file_ref idref="fl-14"/>
      </object_component>
      <object_component id="oc-101">
         <name>.debug_info</name>
         <load_address>0x195a1</load_address>
         <run_address>0x195a1</run_address>
         <size>0x254</size>
         <input_file_ref idref="fl-14"/>
      </object_component>
      <object_component id="oc-343">
         <name>.debug_info</name>
         <load_address>0x197f5</load_address>
         <run_address>0x197f5</run_address>
         <size>0x24e</size>
         <input_file_ref idref="fl-15"/>
      </object_component>
      <object_component id="oc-362">
         <name>.debug_info</name>
         <load_address>0x19a43</load_address>
         <run_address>0x19a43</run_address>
         <size>0x2a6</size>
         <input_file_ref idref="fl-ce"/>
      </object_component>
      <object_component id="oc-27c">
         <name>.debug_info</name>
         <load_address>0x19ce9</load_address>
         <run_address>0x19ce9</run_address>
         <size>0x1df</size>
         <input_file_ref idref="fl-ce"/>
      </object_component>
      <object_component id="oc-404">
         <name>.debug_info</name>
         <load_address>0x19ec8</load_address>
         <run_address>0x19ec8</run_address>
         <size>0x39</size>
         <input_file_ref idref="fl-ce"/>
      </object_component>
      <object_component id="oc-363">
         <name>.debug_info</name>
         <load_address>0x19f01</load_address>
         <run_address>0x19f01</run_address>
         <size>0x2c</size>
         <input_file_ref idref="fl-ce"/>
      </object_component>
      <object_component id="oc-42b">
         <name>.debug_info</name>
         <load_address>0x19f2d</load_address>
         <run_address>0x19f2d</run_address>
         <size>0x2ed</size>
         <input_file_ref idref="fl-cf"/>
      </object_component>
      <object_component id="oc-3ff">
         <name>.debug_info</name>
         <load_address>0x1a21a</load_address>
         <run_address>0x1a21a</run_address>
         <size>0x127</size>
         <input_file_ref idref="fl-cf"/>
      </object_component>
      <object_component id="oc-35d">
         <name>.debug_info</name>
         <load_address>0x1a341</load_address>
         <run_address>0x1a341</run_address>
         <size>0x1a2</size>
         <input_file_ref idref="fl-cf"/>
      </object_component>
      <object_component id="oc-b7">
         <name>.debug_info</name>
         <load_address>0x1a4e3</load_address>
         <run_address>0x1a4e3</run_address>
         <size>0x13f</size>
         <input_file_ref idref="fl-d0"/>
      </object_component>
      <object_component id="oc-391">
         <name>.debug_info</name>
         <load_address>0x1a622</load_address>
         <run_address>0x1a622</run_address>
         <size>0x144</size>
         <input_file_ref idref="fl-d1"/>
      </object_component>
      <object_component id="oc-388">
         <name>.debug_info</name>
         <load_address>0x1a766</load_address>
         <run_address>0x1a766</run_address>
         <size>0x132</size>
         <input_file_ref idref="fl-d2"/>
      </object_component>
      <object_component id="oc-38c">
         <name>.debug_info</name>
         <load_address>0x1a898</load_address>
         <run_address>0x1a898</run_address>
         <size>0x136</size>
         <input_file_ref idref="fl-d3"/>
      </object_component>
      <object_component id="oc-381">
         <name>.debug_info</name>
         <load_address>0x1a9ce</load_address>
         <run_address>0x1a9ce</run_address>
         <size>0x124</size>
         <input_file_ref idref="fl-d4"/>
      </object_component>
      <object_component id="oc-b3">
         <name>.debug_info</name>
         <load_address>0x1aaf2</load_address>
         <run_address>0x1aaf2</run_address>
         <size>0x313</size>
         <input_file_ref idref="fl-d5"/>
      </object_component>
      <object_component id="oc-43">
         <name>.debug_info</name>
         <load_address>0x1ae05</load_address>
         <run_address>0x1ae05</run_address>
         <size>0x1b4</size>
         <input_file_ref idref="fl-d5"/>
      </object_component>
      <object_component id="oc-ae">
         <name>.debug_info</name>
         <load_address>0x1afb9</load_address>
         <run_address>0x1afb9</run_address>
         <size>0x46</size>
         <input_file_ref idref="fl-d5"/>
      </object_component>
      <object_component id="oc-3f">
         <name>.debug_info</name>
         <load_address>0x1afff</load_address>
         <run_address>0x1afff</run_address>
         <size>0x29d</size>
         <input_file_ref idref="fl-d6"/>
      </object_component>
      <object_component id="oc-1b">
         <name>.debug_info</name>
         <load_address>0x1b29c</load_address>
         <run_address>0x1b29c</run_address>
         <size>0x1df</size>
         <input_file_ref idref="fl-d6"/>
      </object_component>
      <object_component id="oc-3a">
         <name>.debug_info</name>
         <load_address>0x1b47b</load_address>
         <run_address>0x1b47b</run_address>
         <size>0x46</size>
         <input_file_ref idref="fl-d6"/>
      </object_component>
      <object_component id="oc-a6">
         <name>.debug_info</name>
         <load_address>0x1b4c1</load_address>
         <run_address>0x1b4c1</run_address>
         <size>0x2c</size>
         <input_file_ref idref="fl-d6"/>
      </object_component>
      <object_component id="oc-a4">
         <name>.debug_info</name>
         <load_address>0x1b4ed</load_address>
         <run_address>0x1b4ed</run_address>
         <size>0x293</size>
         <input_file_ref idref="fl-d7"/>
      </object_component>
      <object_component id="oc-15">
         <name>.debug_info</name>
         <load_address>0x1b780</load_address>
         <run_address>0x1b780</run_address>
         <size>0x245</size>
         <input_file_ref idref="fl-d7"/>
      </object_component>
      <object_component id="oc-2a">
         <name>.debug_info</name>
         <load_address>0x1b9c5</load_address>
         <run_address>0x1b9c5</run_address>
         <size>0x60</size>
         <input_file_ref idref="fl-d7"/>
      </object_component>
      <object_component id="oc-11b">
         <name>.debug_info</name>
         <load_address>0x1ba25</load_address>
         <run_address>0x1ba25</run_address>
         <size>0x46</size>
         <input_file_ref idref="fl-d7"/>
      </object_component>
      <object_component id="oc-9f">
         <name>.debug_info</name>
         <load_address>0x1ba6b</load_address>
         <run_address>0x1ba6b</run_address>
         <size>0x39</size>
         <input_file_ref idref="fl-d7"/>
      </object_component>
      <object_component id="oc-27">
         <name>.debug_info</name>
         <load_address>0x1baa4</load_address>
         <run_address>0x1baa4</run_address>
         <size>0x100</size>
         <input_file_ref idref="fl-d8"/>
      </object_component>
      <object_component id="oc-53">
         <name>.debug_info</name>
         <load_address>0x1bba4</load_address>
         <run_address>0x1bba4</run_address>
         <size>0x1a4</size>
         <input_file_ref idref="fl-d8"/>
      </object_component>
      <object_component id="oc-139">
         <name>.debug_info</name>
         <load_address>0x1bd48</load_address>
         <run_address>0x1bd48</run_address>
         <size>0x117</size>
         <input_file_ref idref="fl-d9"/>
      </object_component>
      <object_component id="oc-36">
         <name>.debug_info</name>
         <load_address>0x1be5f</load_address>
         <run_address>0x1be5f</run_address>
         <size>0x111</size>
         <input_file_ref idref="fl-dc"/>
      </object_component>
      <object_component id="oc-2bd">
         <name>.debug_info</name>
         <load_address>0x1bf70</load_address>
         <run_address>0x1bf70</run_address>
         <size>0x547</size>
         <input_file_ref idref="fl-dd"/>
      </object_component>
      <object_component id="oc-145">
         <name>.debug_info</name>
         <load_address>0x1c4b7</load_address>
         <run_address>0x1c4b7</run_address>
         <size>0x19b</size>
         <input_file_ref idref="fl-dd"/>
      </object_component>
      <object_component id="oc-3c6">
         <name>.debug_info</name>
         <load_address>0x1c652</load_address>
         <run_address>0x1c652</run_address>
         <size>0x39</size>
         <input_file_ref idref="fl-dd"/>
      </object_component>
      <object_component id="oc-41c">
         <name>.debug_info</name>
         <load_address>0x1c68b</load_address>
         <run_address>0x1c68b</run_address>
         <size>0x39</size>
         <input_file_ref idref="fl-dd"/>
      </object_component>
      <object_component id="oc-3cb">
         <name>.debug_info</name>
         <load_address>0x1c6c4</load_address>
         <run_address>0x1c6c4</run_address>
         <size>0x39</size>
         <input_file_ref idref="fl-dd"/>
      </object_component>
      <object_component id="oc-3d0">
         <name>.debug_info</name>
         <load_address>0x1c6fd</load_address>
         <run_address>0x1c6fd</run_address>
         <size>0xcd</size>
         <input_file_ref idref="fl-dd"/>
      </object_component>
      <object_component id="oc-bb">
         <name>.debug_info</name>
         <load_address>0x1c7ca</load_address>
[...]
         <name>set_motor_1_backward</name>
         <value>0x216d</value>
         <object_component_ref idref="oc-397"/>
      </symbol>
      <symbol id="sm-2fe">
         <name>set_motor_1_forward</name>
         <value>0x2181</value>
         <object_component_ref idref="oc-24a"/>
      </symbol>
      <symbol id="sm-2ff">
         <name>start_motor</name>
         <value>0x223f</value>
         <object_component_ref idref="oc-10b"/>
      </symbol>
      <symbol id="sm-300">
         <name>set_motor_1_direction</name>
         <value>0x20e1</value>
         <object_component_ref idref="oc-299"/>
      </symbol>
      <symbol id="sm-301">
         <name>set_motor_2_direction</name>
         <value>0x20f9</value>
         <object_component_ref idref="oc-29f"/>
      </symbol>
      <symbol id="sm-302">
         <name>set_motor_2_backward</name>
         <value>0x2195</value>
         <object_component_ref idref="oc-39e"/>
      </symbol>
      <symbol id="sm-303">
         <name>PORT1_IRQHandler</name>
         <value>0x2051</value>
         <object_component_ref idref="oc-88"/>
      </symbol>
      <symbol id="sm-304">
         <name>get_motor_1_speed</name>
         <value>0x1b6d</value>
         <object_component_ref idref="oc-269"/>
      </symbol>
      <symbol id="sm-305">
         <name>setup_pwm</name>
         <value>0xa5d</value>
         <object_component_ref idref="oc-244"/>
      </symbol>
      <symbol id="sm-306">
         <name>motor_2_direction</name>
         <value>0x20000155</value>
         <object_component_ref idref="oc-349"/>
      </symbol>
      <symbol id="sm-307">
         <name>compareConfig_PWM2</name>
         <value>0x2000013c</value>
         <object_component_ref idref="oc-331"/>
      </symbol>
      <symbol id="sm-308">
         <name>compareConfig_PWM1</name>
         <value>0x2000012c</value>
         <object_component_ref idref="oc-32e"/>
      </symbol>
      <symbol id="sm-309">
         <name>motor_1_direction</name>
         <value>0x20000154</value>
         <object_component_ref idref="oc-349"/>
      </symbol>
      <symbol id="sm-30a">
         <name>set_pwm_duty</name>
         <value>0x21bd</value>
         <object_component_ref idref="oc-2a5"/>
      </symbol>
      <symbol id="sm-30b">
         <name>set_pwm_2_duty</name>
         <value>0x1f51</value>
         <object_component_ref idref="oc-3ab"/>
      </symbol>
      <symbol id="sm-30c">
         <name>set_pwm_1_duty</name>
         <value>0x1f21</value>
         <object_component_ref idref="oc-3a5"/>
      </symbol>
      <symbol id="sm-30d">
         <name>set_motor_2_forward</name>
         <value>0x21a9</value>
         <object_component_ref idref="oc-250"/>
      </symbol>
      <symbol id="sm-30e">
         <name>get_motor_2_speed</name>
         <value>0x1ba9</value>
         <object_component_ref idref="oc-26f"/>
      </symbol>
      <symbol id="sm-30f">
         <name>upDownConfig</name>
         <value>0x22e8</value>
         <object_component_ref idref="oc-32b"/>
      </symbol>
      <symbol id="sm-310">
         <name>PORT5_IRQHandler</name>
         <value>0x1dcd</value>
         <object_component_ref idref="oc-8e"/>
      </symbol>
      <symbol id="sm-311">
         <name>stop_motor</name>
         <value>0x224b</value>
         <object_component_ref idref="oc-256"/>
      </symbol>
      <symbol id="sm-312">
         <name>PORT6_IRQHandler</name>
         <value>0x1e01</value>
         <object_component_ref idref="oc-94"/>
      </symbol>
      <symbol id="sm-313">
         <name>T32_INT1_IRQHandler</name>
         <value>0x19d1</value>
         <object_component_ref idref="oc-82"/>
      </symbol>
      <symbol id="sm-3a6">
         <name>ACC_RATIO</name>
         <value>0x2314</value>
         <object_component_ref idref="oc-351"/>
      </symbol>
      <symbol id="sm-3a7">
         <name>EUSCIB0_IRQHandler</name>
         <value>0x12a9</value>
         <object_component_ref idref="oc-7c"/>
      </symbol>
      <symbol id="sm-3a8">
         <name>GYR_RATIO</name>
         <value>0x2324</value>
         <object_component_ref idref="oc-357"/>
      </symbol>
      <symbol id="sm-3a9">
         <name>setup_i2c</name>
         <value>0x16c5</value>
         <object_component_ref idref="oc-25c"/>
      </symbol>
      <symbol id="sm-3aa">
         <name>get_stored_mpu_data</name>
         <value>0x2159</value>
         <object_component_ref idref="oc-2d9"/>
      </symbol>
      <symbol id="sm-3ab">
         <name>request_mpu_data</name>
         <value>0x83d</value>
         <object_component_ref idref="oc-275"/>
      </symbol>
      <symbol id="sm-3ac">
         <name>i2cConfig</name>
         <value>0x2300</value>
         <object_component_ref idref="oc-33e"/>
      </symbol>
      <symbol id="sm-3ad">
         <name>setup_mpu_6050</name>
         <value>0x1a1d</value>
         <object_component_ref idref="oc-262"/>
      </symbol>
      <symbol id="sm-3ae">
         <name>RegData</name>
         <value>0x233c</value>
         <object_component_ref idref="oc-34e"/>
      </symbol>
      <symbol id="sm-42e">
         <name>check_version</name>
         <value>0x21e3</value>
         <object_component_ref idref="oc-17c"/>
      </symbol>
      <symbol id="sm-42f">
         <name>process_command</name>
         <value>0x601</value>
         <object_component_ref idref="oc-e5"/>
      </symbol>
      <symbol id="sm-430">
         <name>get_GYR_Z</name>
         <value>0x1d63</value>
         <object_component_ref idref="oc-1a0"/>
      </symbol>
      <symbol id="sm-431">
         <name>get_GYR_Y</name>
         <value>0x1d2d</value>
         <object_component_ref idref="oc-19a"/>
      </symbol>
      <symbol id="sm-432">
         <name>get_GYR_X</name>
         <value>0x1cf7</value>
         <object_component_ref idref="oc-194"/>
      </symbol>
      <symbol id="sm-433">
         <name>get_ACC_Z</name>
         <value>0x1cc1</value>
         <object_component_ref idref="oc-18e"/>
      </symbol>
      <symbol id="sm-434">
         <name>get_ACC_Y</name>
         <value>0x1c8b</value>
         <object_component_ref idref="oc-188"/>
      </symbol>
      <symbol id="sm-435">
         <name>get_ACC_X</name>
         <value>0x1c55</value>
         <object_component_ref idref="oc-182"/>
      </symbol>
      <symbol id="sm-436">
         <name>get_all_data</name>
         <value>0x1879</value>
         <object_component_ref idref="oc-1a6"/>
      </symbol>
      <symbol id="sm-449">
         <name>SystemInit</name>
         <value>0x164d</value>
         <object_component_ref idref="oc-d2"/>
      </symbol>
      <symbol id="sm-4a0">
         <name>RXData</name>
         <value>0x20000000</value>
      </symbol>
      <symbol id="sm-4a1">
         <name>uartConfig</name>
         <value>0x22c4</value>
         <object_component_ref idref="oc-31d"/>
      </symbol>
      <symbol id="sm-4a2">
         <name>send_string_pc</name>
         <value>0x1935</value>
         <object_component_ref idref="oc-23e"/>
      </symbol>
      <symbol id="sm-4a3">
         <name>EUSCIA2_IRQHandler</name>
         <value>0x14b9</value>
         <object_component_ref idref="oc-76"/>
      </symbol>
      <symbol id="sm-4a4">
         <name>send_char_bt</name>
         <value>0x2079</value>
         <object_component_ref idref="oc-2d2"/>
      </symbol>
      <symbol id="sm-4a5">
         <name>EUSCIA0_IRQHandler</name>
         <value>0x1aad</value>
         <object_component_ref idref="oc-70"/>
      </symbol>
      <symbol id="sm-4a6">
         <name>setup_uart</name>
         <value>0x136d</value>
         <object_component_ref idref="oc-238"/>
      </symbol>
      <symbol id="sm-4a7">
         <name>RXData_length</name>
         <value>0x20000158</value>
         <object_component_ref idref="oc-eb"/>
      </symbol>
      <symbol id="sm-4c3">
         <name>Reset_Handler</name>
         <value>0x2233</value>
         <object_component_ref idref="oc-64"/>
      </symbol>
      <symbol id="sm-4c4">
         <name>Default_Handler</name>
         <value>0xdd7</value>
         <object_component_ref idref="oc-6a"/>
      </symbol>
      <symbol id="sm-4c5">
         <name>interruptVectors</name>
         <value>0x0</value>
         <object_component_ref idref="oc-23"/>
      </symbol>
      <symbol id="sm-4e0">
         <name>CS_setDCOCenteredFrequency</name>
         <value>0x1d99</value>
         <object_component_ref idref="oc-317"/>
      </symbol>
      <symbol id="sm-52d">
         <name>GPIO_setAsInputPin</name>
         <value>0x1985</value>
         <object_component_ref idref="oc-322"/>
      </symbol>
      <symbol id="sm-52e">
         <name>GPIO_setOutputHighOnPin</name>
         <value>0x1fd9</value>
         <object_component_ref idref="oc-230"/>
      </symbol>
      <symbol id="sm-52f">
         <name>GPIO_setAsOutputPin</name>
         <value>0x1aed</value>
         <object_component_ref idref="oc-30b"/>
      </symbol>
      <symbol id="sm-530">
         <name>GPIO_setOutputLowOnPin</name>
         <value>0x2001</value>
         <object_component_ref idref="oc-335"/>
      </symbol>
      <symbol id="sm-531">
         <name>GPIO_toggleOutputOnPin</name>
         <value>0x2029</value>
         <object_component_ref idref="oc-fe"/>
      </symbol>
      <symbol id="sm-532">
         <name>GPIO_setAsPeripheralModuleFunctionInputPin</name>
         <value>0x1549</value>
         <object_component_ref idref="oc-311"/>
      </symbol>
      <symbol id="sm-541">
         <name>I2C_masterSendMultiByteStart</name>
         <value>0x17a9</value>
         <object_component_ref idref="oc-342"/>
      </symbol>
      <symbol id="sm-580">
         <name>atan2f</name>
         <value>0xdd9</value>
         <object_component_ref idref="oc-27b"/>
      </symbol>
      <symbol id="sm-5ad">
         <name>atanf</name>
         <value>0xf31</value>
         <object_component_ref idref="oc-35b"/>
      </symbol>
      <symbol id="sm-5bc">
         <name>__aeabi_memset</name>
         <value>0x15d3</value>
         <object_component_ref idref="oc-b4"/>
      </symbol>
      <symbol id="sm-5bd">
         <name>memset</name>
         <value>0x15d9</value>
         <object_component_ref idref="oc-b4"/>
      </symbol>
      <symbol id="sm-5be">
         <name>__aeabi_memset8</name>
         <value>0x15d3</value>
         <object_component_ref idref="oc-b4"/>
      </symbol>
      <symbol id="sm-5bf">
         <name>__aeabi_memset4</name>
         <value>0x15d3</value>
         <object_component_ref idref="oc-b4"/>
      </symbol>
      <symbol id="sm-5c0">
         <name>__aeabi_memclr8</name>
         <value>0x15d1</value>
         <object_component_ref idref="oc-b4"/>
      </symbol>
      <symbol id="sm-5c1">
         <name>__aeabi_memclr4</name>
         <value>0x15d1</value>
         <object_component_ref idref="oc-b4"/>
      </symbol>
      <symbol id="sm-5c2">
         <name>__aeabi_memclr</name>
         <value>0x15d1</value>
         <object_component_ref idref="oc-b4"/>
      </symbol>
      <symbol id="sm-5d9">
         <name>__aeabi_dsub</name>
         <value>0xc21</value>
         <object_component_ref idref="oc-38f"/>
      </symbol>
      <symbol id="sm-5da">
         <name>__aeabi_dadd</name>
         <value>0xc2b</value>
         <object_component_ref idref="oc-38f"/>
      </symbol>
      <symbol id="sm-5e5">
         <name>__aeabi_dmul</name>
         <value>0x11ad</value>
         <object_component_ref idref="oc-385"/>
      </symbol>
      <symbol id="sm-5f1">
         <name>__aeabi_d2f</name>
         <value>0x1739</value>
         <object_component_ref idref="oc-38a"/>
      </symbol>
      <symbol id="sm-5fc">
         <name>__aeabi_f2d</name>
         <value>0x1c1d</value>
         <object_component_ref idref="oc-380"/>
      </symbol>
      <symbol id="sm-610">
         <name>__TI_zero_init_nomemset</name>
         <value>0x21d1</value>
         <object_component_ref idref="oc-40"/>
      </symbol>
      <symbol id="sm-627">
         <name>__TI_decompress_none</name>
         <value>0x2225</value>
         <object_component_ref idref="oc-1a"/>
      </symbol>
      <symbol id="sm-64a">
         <name>__TI_decompress_lzss</name>
         <value>0x1811</value>
         <object_component_ref idref="oc-14"/>
      </symbol>
      <symbol id="sm-65d">
         <name>__stack</name>
         <value>0x2000fe00</value>
         <object_component_ref idref="oc-26"/>
      </symbol>
      <symbol id="sm-65e">
         <name>_c_int00_noargs</name>
         <value>0x1be5</value>
         <object_component_ref idref="oc-52"/>
      </symbol>
      <symbol id="sm-669">
         <name>C$$EXIT</name>
         <value>0x225b</value>
         <object_component_ref idref="oc-138"/>
      </symbol>
      <symbol id="sm-66a">
         <name>abort</name>
         <value>0x225b</value>
         <object_component_ref idref="oc-138"/>
      </symbol>
      <symbol id="sm-687">
         <name>memcpy</name>
         <value>0x141d</value>
         <object_component_ref idref="oc-34"/>
      </symbol>
      <symbol id="sm-688">
         <name>__aeabi_memcpy</name>
         <value>0x141d</value>
         <object_component_ref idref="oc-34"/>
      </symbol>
      <symbol id="sm-689">
         <name>__aeabi_memcpy8</name>
         <value>0x141d</value>
         <object_component_ref idref="oc-34"/>
      </symbol>
      <symbol id="sm-68a">
         <name>__aeabi_memcpy4</name>
         <value>0x141d</value>
         <object_component_ref idref="oc-34"/>
      </symbol>
      <symbol id="sm-6b2">
         <name>__TI_auto_init_nobinit_nopinit</name>
         <value>0x1a69</value>
         <object_component_ref idref="oc-144"/>
      </symbol>
      <symbol id="sm-6bc">
         <name>_system_pre_init</name>
         <value>0x2257</value>
         <object_component_ref idref="oc-ba"/>
      </symbol>
      <symbol id="sm-6be">
         <name>__TI_static_base__</name>
         <value>0x0</value>
      </symbol>
      <symbol id="sm-6c1">
         <name>__mpu_init</name>
         <value>0x0</value>
      </symbol>
      <symbol id="sm-6c2">
         <name>_system_post_cinit</name>
         <value>0x0</value>
      </symbol>
      <symbol id="sm-6c3">
         <name>NMI_Handler</name>
         <value>0xdd7</value>
      </symbol>
      <symbol id="sm-6c4">
         <name>HardFault_Handler</name>
         <value>0xdd7</value>
      </symbol>
      <symbol id="sm-6c5">
         <name>MemManage_Handler</name>
         <value>0xdd7</value>
      </symbol>
      <symbol id="sm-6c6">
         <name>BusFault_Handler</name>
         <value>0xdd7</value>
      </symbol>
      <symbol id="sm-6c7">
         <name>UsageFault_Handler</name>
         <value>0xdd7</value>
      </symbol>
      <symbol id="sm-6c8">
         <name>SVC_Handler</name>
         <value>0xdd7</value>
      </symbol>
      <symbol id="sm-6c9">
         <name>DebugMon_Handler</name>
         <value>0xdd7</value>
      </symbol>
      <symbol id="sm-6ca">
         <name>PendSV_Handler</name>
         <value>0xdd7</value>
      </symbol>
      <symbol id="sm-6cb">
         <name>SysTick_Handler</name>
         <value>0xdd7</value>
      </symbol>
      <symbol id="sm-6cc">
         <name>PSS_IRQHandler</name>
         <value>0xdd7</value>
      </symbol>
      <symbol id="sm-6cd">
         <name>CS_IRQHandler</name>
         <value>0xdd7</value>
      </symbol>
      <symbol id="sm-6ce">
         <name>PCM_IRQHandler</name>
         <value>0xdd7</value>
      </symbol>
      <symbol id="sm-6cf">
         <name>WDT_A_IRQHandler</name>
         <value>0xdd7</value>
      </symbol>
      <symbol id="sm-6d0">
         <name>FPU_IRQHandler</name>
         <value>0xdd7</value>
      </symbol>
      <symbol id="sm-6d1">
         <name>FLCTL_IRQHandler</name>
         <value>0xdd7</value>
      </symbol>
      <symbol id="sm-6d2">
         <name>COMP_E0_IRQHandler</name>
         <value>0xdd7</value>
      </symbol>
      <symbol id="sm-6d3">
         <name>COMP_E1_IRQHandler</name>
         <value>0xdd7</value>
      </symbol>
      <symbol id="sm-6d4">
         <name>TA0_0_IRQHandler</name>
         <value>0xdd7</value>
      </symbol>
      <symbol id="sm-6d5">
         <name>TA0_N_IRQHandler</name>
         <value>0xdd7</value>
      </symbol>
      <symbol id="sm-6d6">
         <name>TA1_0_IRQHandler</name>
         <value>0xdd7</value>
      </symbol>
      <symbol id="sm-6d7">
         <name>TA1_N_IRQHandler</name>
         <value>0xdd7</value>
      </symbol>
      <symbol id="sm-6d8">
         <name>TA2_0_IRQHandler</name>
         <value>0xdd7</value>
      </symbol>
      <symbol id="sm-6d9">
         <name>TA2_N_IRQHandler</name>
         <value>0xdd7</value>
      </symbol>
      <symbol id="sm-6da">
         <name>TA3_0_IRQHandler</name>
         <value>0xdd7</value>
      </symbol>
      <symbol id="sm-6db">
         <name>TA3_N_IRQHandler</name>
         <value>0xdd7</value>
      </symbol>
      <symbol id="sm-6dc">
         <name>EUSCIA0_IRQHandler</name>
         <value>0x1aad</value>
      </symbol>
      <symbol id="sm-6dd">
         <name>EUSCIA1_IRQHandler</name>
         <value>0xdd7</value>
      </symbol>
      <symbol id="sm-6de">
         <name>EUSCIA2_IRQHandler</name>
         <value>0x14b9</value>
      </symbol>
      <symbol id="sm-6df">
         <name>EUSCIA3_IRQHandler</name>
         <value>0xdd7</value>
      </symbol>
      <symbol id="sm-6e0">
         <name>EUSCIB0_IRQHandler</name>
         <value>0x12a9</value>
      </symbol>
      <symbol id="sm-6e1">
         <name>EUSCIB1_IRQHandler</name>
         <value>0xdd7</value>
      </symbol>
      <symbol id="sm-6e2">
         <name>EUSCIB2_IRQHandler</name>
         <value>0xdd7</value>
      </symbol>
      <symbol id="sm-6e3">
         <name>EUSCIB3_IRQHandler</name>
         <value>0xdd7</value>
      </symbol>
      <symbol id="sm-6e4">
         <name>ADC14_IRQHandler</name>
         <value>0xdd7</value>
      </symbol>
      <symbol id="sm-6e5">
         <name>T32_INT1_IRQHandler</name>
         <value>0x19d1</value>
      </symbol>
      <symbol id="sm-6e6">
         <name>T32_INT2_IRQHandler</name>
         <value>0xdd7</value>
      </symbol>
      <symbol id="sm-6e7">
         <name>T32_INTC_IRQHandler</name>
         <value>0xdd7</value>
      </symbol>
      <symbol id="sm-6e8">
         <name>AES256_IRQHandler</name>
         <value>0xdd7</value>
      </symbol>
      <symbol id="sm-6e9">
         <name>RTC_C_IRQHandler</name>
         <value>0xdd7</value>
      </symbol>
      <symbol id="sm-6ea">
         <name>DMA_ERR_IRQHandler</name>
         <value>0xdd7</value>
      </symbol>
      <symbol id="sm-6eb">
         <name>DMA_INT3_IRQHandler</name>
         <value>0xdd7</value>
      </symbol>
      <symbol id="sm-6ec">
         <name>DMA_INT2_IRQHandler</name>
         <value>0xdd7</value>
      </symbol>
      <symbol id="sm-6ed">
         <name>DMA_INT1_IRQHandler</name>
         <value>0xdd7</value>
      </symbol>
      <symbol id="sm-6ee">
         <name>DMA_INT0_IRQHandler</name>
         <value>0xdd7</value>
      </symbol>
      <symbol id="sm-6ef">
         <name>PORT1_IRQHandler</name>
         <value>0x2051</value>
      </symbol>
      <symbol id="sm-6f0">
         <name>PORT2_IRQHandler</name>
         <value>0xdd7</value>
      </symbol>
      <symbol id="sm-6f1">
         <name>PORT3_IRQHandler</name>
         <value>0xdd7</value>
      </symbol>
      <symbol id="sm-6f2">
         <name>PORT4_IRQHandler</name>
         <value>0xdd7</value>
      </symbol>
      <symbol id="sm-6f3">
         <name>PORT5_IRQHandler</name>
         <value>0x1dcd</value>
      </symbol>
      <symbol id="sm-6f4">
         <name>PORT6_IRQHandler</name>
         <value>0x1e01</value>
      </symbol>
   </symbol_table>
   <title>Link successful</title>
</link_info>
