<?xml version="1.0"?>
<link_info>
   <banner>TI ARM Linker PC v16.9.6.LTS</banner>
   <copyright>Copyright (c) 1996-2017 Texas Instruments Incorporated</copyright>
   <link_time>0x5b0bb318</link_time>
   <link_errors>0x0</link_errors>
   <output_file>empty_MSP_EXP432P401R_nortos_ccs.out</output_file>
   <entry_point>
      <name>_c_int00</name>
      <address>0x17f1</address>
   </entry_point>
   <input_file_list>
      <input_file id="fl-2">
         <path>.\</path>
         <kind>object</kind>
         <file>PID.obj</file>
         <name>PID.obj</name>
      </input_file>
      <input_file id="fl-3">
         <path>.\</path>
         <kind>object</kind>
         <file>filter.obj</file>
         <name>filter.obj</name>
      </input_file>
      <input_file id="fl-4">
         <path>.\</path>
         <kind>object</kind>
         <file>main.obj</file>
         <name>main.obj</name>
      </input_file>
      <input_file id="fl-5">
         <path>.\</path>
         <kind>object</kind>
         <file>main_prog.obj</file>
         <name>main_prog.obj</name>
      </input_file>
      <input_file id="fl-6">
         <path>.\</path>
         <kind>object</kind>
         <file>motor.obj</file>
         <name>motor.obj</name>
      </input_file>
      <input_file id="fl-7">
         <path>.\</path>
         <kind>object</kind>
         <file>mpu_6050.obj</file>
         <name>mpu_6050.obj</name>
      </input_file>
      <input_file id="fl-8">
         <path>.\</path>
         <kind>object</kind>
         <file>protocol.obj</file>
         <name>protocol.obj</name>
      </input_file>
      <input_file id="fl-9">
         <path>.\</path>
         <kind>object</kind>
         <file>system_msp432p401r.obj</file>
         <name>system_msp432p401r.obj</name>
      </input_file>
      <input_file id="fl-a">
         <path>.\</path>
         <kind>object</kind>
         <file>uart.obj</file>
         <name>uart.obj</name>
      </input_file>
      <input_file id="fl-b">
         <path>.\ccs\</path>
         <kind>object</kind>
         <file>startup_msp432p401r_ccs.obj</file>
         <name>startup_msp432p401r_ccs.obj</name>
      </input_file>
      <input_file id="fl-13">
         <kind>object</kind>
         <file>&lt;internal&gt;</file>
         <name>&lt;internal&gt;</name>
      </input_file>
      <input_file id="fl-14">
         <path>C:\ti\simplelink_msp432p4_sdk_1_60_00_12\source\ti\devices\msp432p4xx\driverlib\ccs\</path>
         <kind>archive</kind>
         <file>msp432p4xx_driverlib.lib</file>
         <name>cs_MSP432P4XX.obj</name>
      </input_file>
      <input_file id="fl-15">
         <path>C:\ti\simplelink_msp432p4_sdk_1_60_00_12\source\ti\devices\msp432p4xx\driverlib\ccs\</path>
         <kind>archive</kind>
         <file>msp432p4xx_driverlib.lib</file>
         <name>gpio_MSP432P4XX.obj</name>
      </input_file>
      <input_file id="fl-16">
         <path>C:\ti\simplelink_msp432p4_sdk_1_60_00_12\source\ti\devices\msp432p4xx\driverlib\ccs\</path>
         <kind>archive</kind>
         <file>msp432p4xx_driverlib.lib</file>
         <name>i2c_MSP432P4XX.obj</name>
      </input_file>
      <input_file id="fl-17">
         <path>C:\ti\simplelink_msp432p4_sdk_1_60_00_12\source\ti\devices\msp432p4xx\driverlib\ccs\</path>
         <kind>archive</kind>
         <file>msp432p4xx_driverlib.lib</file>
         <name>interrupt_MSP432P4XX.obj</name>
      </input_file>
      <input_file id="fl-18">
         <path>C:\ti\simplelink_msp432p4_sdk_1_60_00_12\source\ti\devices\msp432p4xx\driverlib\ccs\</path>
         <kind>archive</kind>
         <file>msp432p4xx_driverlib.lib</file>
         <name>sysctl_a_MSP432P4XX.obj</name>
      </input_file>
      <input_file id="fl-19">
         <path>C:\ti\simplelink_msp432p4_sdk_1_60_00_12\source\ti\devices\msp432p4xx\driverlib\ccs\</path>
         <kind>archive</kind>
         <file>msp432p4xx_driverlib.lib</file>
         <name>cpu_MSP432P4XX.obj</name>
      </input_file>
      <input_file id="fl-cf">
         <path>C:\ti\ccsv7\tools\compiler\ti-cgt-arm_16.9.6.LTS\lib\</path>
         <kind>archive</kind>
         <file>rtsv7M4_T_le_v4SPD16_eabi.lib</file>
         <name>boot.obj</name>
      </input_file>
      <input_file id="fl-d0">
         <path>C:\ti\ccsv7\tools\compiler\ti-cgt-arm_16.9.6.LTS\lib\</path>
         <kind>archive</kind>
         <file>rtsv7M4_T_le_v4SPD16_eabi.lib</file>
         <name>copy_decompress_lzss.obj</name>
      </input_file>
      <input_file id="fl-d1">
         <path>C:\ti\ccsv7\tools\compiler\ti-cgt-arm_16.9.6.LTS\lib\</path>
         <kind>archive</kind>
         <file>rtsv7M4_T_le_v4SPD16_eabi.lib</file>
         <name>copy_decompress_none.obj</name>
      </input_file>
      <input_file id="fl-d2">
         <path>C:\ti\ccsv7\tools\compiler\ti-cgt-arm_16.9.6.LTS\lib\</path>
         <kind>archive</kind>
         <file>rtsv7M4_T_le_v4SPD16_eabi.lib</file>
         <name>copy_zero_init.obj</name>
      </input_file>
      <input_file id="fl-d3">
         <path>C:\ti\ccsv7\tools\compiler\ti-cgt-arm_16.9.6.LTS\lib\</path>
         <kind>archive</kind>
         <file>rtsv7M4_T_le_v4SPD16_eabi.lib</file>
         <name>e_atan2f.obj</name>
      </input_file>
      <input_file id="fl-d4">
         <path>C:\ti\ccsv7\tools\compiler\ti-cgt-arm_16.9.6.LTS\lib\</path>
         <kind>archive</kind>
         <file>rtsv7M4_T_le_v4SPD16_eabi.lib</file>
         <name>exit.obj</name>
      </input_file>
      <input_file id="fl-d5">
         <path>C:\ti\ccsv7\tools\compiler\ti-cgt-arm_16.9.6.LTS\lib\</path>
         <kind>archive</kind>
         <file>rtsv7M4_T_le_v4SPD16_eabi.lib</file>
         <name>fd_add_t2.obj</name>
      </input_file>
      <input_file id="fl-d6">
         <path>C:\ti\ccsv7\tools\compiler\ti-cgt-arm_16.9.6.LTS\lib\</path>
         <kind>archive</kind>
         <file>rtsv7M4_T_le_v4SPD16_eabi.lib</file>
         <name>fd_mul_t2.obj</name>
      </input_file>
      <input_file id="fl-d7">
         <path>C:\ti\ccsv7\tools\compiler\ti-cgt-arm_16.9.6.LTS\lib\</path>
         <kind>archive</kind>
         <file>rtsv7M4_T_le_v4SPD16_eabi.lib</file>
         <name>fd_tos_t2.obj</name>
      </input_file>
      <input_file id="fl-d8">
         <path>C:\ti\ccsv7\tools\compiler\ti-cgt-arm_16.9.6.LTS\lib\</path>
         <kind>archive</kind>
         <file>rtsv7M4_T_le_v4SPD16_eabi.lib</file>
         <name>fs_tod_t2.obj</name>
      </input_file>
      <input_file id="fl-d9">
         <path>C:\ti\ccsv7\tools\compiler\ti-cgt-arm_16.9.6.LTS\lib\</path>
         <kind>archive</kind>
         <file>rtsv7M4_T_le_v4SPD16_eabi.lib</file>
         <name>memcpy_t2.obj</name>
      </input_file>
      <input_file id="fl-da">
         <path>C:\ti\ccsv7\tools\compiler\ti-cgt-arm_16.9.6.LTS\lib\</path>
         <kind>archive</kind>
         <file>rtsv7M4_T_le_v4SPD16_eabi.lib</file>
         <name>memset_t2.obj</name>
      </input_file>
      <input_file id="fl-db">
         <path>C:\ti\ccsv7\tools\compiler\ti-cgt-arm_16.9.6.LTS\lib\</path>
         <kind>archive</kind>
         <file>rtsv7M4_T_le_v4SPD16_eabi.lib</file>
         <name>mpu_init.obj</name>
      </input_file>
      <input_file id="fl-dc">
         <path>C:\ti\ccsv7\tools\compiler\ti-cgt-arm_16.9.6.LTS\lib\</path>
         <kind>archive</kind>
         <file>rtsv7M4_T_le_v4SPD16_eabi.lib</file>
         <name>pre_init.obj</name>
      </input_file>
      <input_file id="fl-dd">
         <path>C:\ti\ccsv7\tools\compiler\ti-cgt-arm_16.9.6.LTS\lib\</path>
         <kind>archive</kind>
         <file>rtsv7M4_T_le_v4SPD16_eabi.lib</file>
         <name>s_atanf.obj</name>
      </input_file>
      <input_file id="fl-de">
         <path>C:\ti\ccsv7\tools\compiler\ti-cgt-arm_16.9.6.LTS\lib\</path>
         <kind>archive</kind>
         <file>rtsv7M4_T_le_v4SPD16_eabi.lib</file>
         <name>stkdepth_vars.obj</name>
      </input_file>
      <input_file id="fl-df">
         <path>C:\ti\ccsv7\tools\compiler\ti-cgt-arm_16.9.6.LTS\lib\</path>
         <kind>archive</kind>
         <file>rtsv7M4_T_le_v4SPD16_eabi.lib</file>
         <name>_lock.obj</name>
      </input_file>
      <input_file id="fl-e0">
         <path>C:\ti\ccsv7\tools\compiler\ti-cgt-arm_16.9.6.LTS\lib\</path>
         <kind>archive</kind>
         <file>rtsv7M4_T_le_v4SPD16_eabi.lib</file>
         <name>args_main.obj</name>
      </input_file>
      <input_file id="fl-e1">
         <path>C:\ti\ccsv7\tools\compiler\ti-cgt-arm_16.9.6.LTS\lib\</path>
         <kind>archive</kind>
         <file>rtsv7M4_T_le_v4SPD16_eabi.lib</file>
         <name>autoinit.obj</name>
      </input_file>
      <input_file id="fl-e2">
         <path>C:\ti\ccsv7\tools\compiler\ti-cgt-arm_16.9.6.LTS\lib\</path>
         <kind>archive</kind>
         <file>rtsv7M4_T_le_v4SPD16_eabi.lib</file>
         <name>cpy_tbl.obj</name>
      </input_file>
      <input_file id="fl-e3">
         <path>C:\ti\ccsv7\tools\compiler\ti-cgt-arm_16.9.6.LTS\lib\</path>
         <kind>archive</kind>
         <file>rtsv7M4_T_le_v4SPD16_eabi.lib</file>
         <name>startup.obj</name>
      </input_file>
   </input_file_list>
   <object_component_list>
      <object_component id="oc-2c">
         <name>.intvecs:retain</name>
         <load_address>0x0</load_address>
         <run_address>0x0</run_address>
         <size>0xe4</size>
         <input_file_ref idref="fl-b"/>
      </object_component>
      <object_component id="oc-259">
         <name>.text:Kalman_Filter</name>
         <load_address>0xe4</load_address>
         <run_address>0xe4</run_address>
         <size>0x28c</size>
         <input_file_ref idref="fl-3"/>
      </object_component>
      <object_component id="oc-24d">
         <name>.text:request_mpu_data</name>
         <load_address>0x370</load_address>
         <run_address>0x370</run_address>
         <size>0x220</size>
         <input_file_ref idref="fl-7"/>
      </object_component>
      <object_component id="oc-fa">
         <name>.text:process_command</name>
         <load_address>0x590</load_address>
         <run_address>0x590</run_address>
         <size>0x212</size>
         <input_file_ref idref="fl-8"/>
      </object_component>
      <object_component id="oc-7b">
         <name>.text:Default_Handler</name>
         <load_address>0x7a2</load_address>
         <run_address>0x7a2</run_address>
         <size>0x2</size>
         <input_file_ref idref="fl-b"/>
      </object_component>
      <object_component id="oc-13d">
         <name>.text:loop</name>
         <load_address>0x7a4</load_address>
         <run_address>0x7a4</run_address>
         <size>0x1f4</size>
         <input_file_ref idref="fl-5"/>
      </object_component>
      <object_component id="oc-21c">
         <name>.text:setup_pwm</name>
         <load_address>0x998</load_address>
         <run_address>0x998</run_address>
         <size>0x1c4</size>
         <input_file_ref idref="fl-6"/>
      </object_component>
      <object_component id="oc-346">
         <name>.text</name>
         <load_address>0xb5c</load_address>
         <run_address>0xb5c</run_address>
         <size>0x1b6</size>
         <input_file_ref idref="fl-d5"/>
      </object_component>
      <object_component id="oc-53">
         <name>.text</name>
         <load_address>0xd12</load_address>
         <run_address>0xd12</run_address>
         <size>0x2</size>
         <input_file_ref idref="fl-db"/>
      </object_component>
      <object_component id="oc-253">
         <name>.text</name>
         <load_address>0xd14</load_address>
         <run_address>0xd14</run_address>
         <size>0x158</size>
         <input_file_ref idref="fl-d3"/>
      </object_component>
      <object_component id="oc-312">
         <name>.text</name>
         <load_address>0xe6c</load_address>
         <run_address>0xe6c</run_address>
         <size>0x150</size>
         <input_file_ref idref="fl-dd"/>
      </object_component>
      <object_component id="oc-265">
         <name>.text:velocity</name>
         <load_address>0xfbc</load_address>
         <run_address>0xfbc</run_address>
         <size>0x12c</size>
         <input_file_ref idref="fl-2"/>
      </object_component>
      <object_component id="oc-33c">
         <name>.text</name>
         <load_address>0x10e8</load_address>
         <run_address>0x10e8</run_address>
         <size>0xfc</size>
         <input_file_ref idref="fl-d6"/>
      </object_component>
      <object_component id="oc-8d">
         <name>.text:EUSCIB0_IRQHandler</name>
         <load_address>0x11e4</load_address>
         <run_address>0x11e4</run_address>
         <size>0xc4</size>
         <input_file_ref idref="fl-7"/>
      </object_component>
      <object_component id="oc-210">
         <name>.text:setup_uart</name>
         <load_address>0x12a8</load_address>
         <run_address>0x12a8</run_address>
         <size>0xb0</size>
         <input_file_ref idref="fl-a"/>
      </object_component>
      <object_component id="oc-3b">
         <name>.text</name>
         <load_address>0x1358</load_address>
         <run_address>0x1358</run_address>
         <size>0x9c</size>
         <input_file_ref idref="fl-d9"/>
      </object_component>
      <object_component id="oc-87">
         <name>.text:EUSCIA2_IRQHandler</name>
         <load_address>0x13f4</load_address>
         <run_address>0x13f4</run_address>
         <size>0x90</size>
         <input_file_ref idref="fl-a"/>
      </object_component>
      <object_component id="oc-47">
         <name>.text</name>
         <load_address>0x1484</load_address>
         <run_address>0x1484</run_address>
         <size>0x7a</size>
         <input_file_ref idref="fl-da"/>
      </object_component>
      <object_component id="oc-cc">
         <name>.text</name>
         <load_address>0x14fe</load_address>
         <run_address>0x14fe</run_address>
         <size>0x2</size>
         <input_file_ref idref="fl-e3"/>
      </object_component>
      <object_component id="oc-e7">
         <name>.text:SystemInit</name>
         <load_address>0x1500</load_address>
         <run_address>0x1500</run_address>
         <size>0x78</size>
         <input_file_ref idref="fl-9"/>
      </object_component>
      <object_component id="oc-234">
         <name>.text:setup_i2c</name>
         <load_address>0x1578</load_address>
         <run_address>0x1578</run_address>
         <size>0x74</size>
         <input_file_ref idref="fl-7"/>
      </object_component>
      <object_component id="oc-5f">
         <name>.text</name>
         <load_address>0x15ec</load_address>
         <run_address>0x15ec</run_address>
         <size>0x70</size>
         <input_file_ref idref="fl-e1"/>
      </object_component>
      <object_component id="oc-341">
         <name>.text</name>
         <load_address>0x165c</load_address>
         <run_address>0x165c</run_address>
         <size>0x6e</size>
         <input_file_ref idref="fl-d7"/>
      </object_component>
      <object_component id="oc-14">
         <name>.text:decompress:lzss</name>
         <load_address>0x16ca</load_address>
         <run_address>0x16ca</run_address>
         <size>0x68</size>
         <input_file_ref idref="fl-d0"/>
      </object_component>
      <object_component id="oc-184">
         <name>.text:get_all_data</name>
         <load_address>0x1732</load_address>
         <run_address>0x1732</run_address>
         <size>0x64</size>
         <input_file_ref idref="fl-8"/>
      </object_component>
      <object_component id="oc-25f">
         <name>.text:balance</name>
         <load_address>0x1798</load_address>
         <run_address>0x1798</run_address>
         <size>0x58</size>
         <input_file_ref idref="fl-2"/>
      </object_component>
      <object_component id="oc-26">
         <name>.text</name>
         <load_address>0x17f0</load_address>
         <run_address>0x17f0</run_address>
         <size>0x54</size>
         <input_file_ref idref="fl-cf"/>
      </object_component>
      <object_component id="oc-6b">
         <name>.text</name>
         <load_address>0x1844</load_address>
         <run_address>0x1844</run_address>
         <size>0x54</size>
         <input_file_ref idref="fl-d4"/>
      </object_component>
      <object_component id="oc-216">
         <name>.text:send_string_pc</name>
         <load_address>0x1898</load_address>
         <run_address>0x1898</run_address>
         <size>0x50</size>
         <input_file_ref idref="fl-a"/>
      </object_component>
      <object_component id="oc-2c8">
         <name>.text:GPIO_setAsPeripheralModuleFunctionInputPin</name>
         <load_address>0x18e8</load_address>
         <run_address>0x18e8</run_address>
         <size>0x4c</size>
         <input_file_ref idref="fl-15"/>
      </object_component>
      <object_component id="oc-93">
         <name>.text:T32_INT1_IRQHandler</name>
         <load_address>0x1934</load_address>
         <run_address>0x1934</run_address>
         <size>0x4c</size>
         <input_file_ref idref="fl-6"/>
      </object_component>
      <object_component id="oc-c6">
         <name>.text</name>
         <load_address>0x1980</load_address>
         <run_address>0x1980</run_address>
         <size>0x4c</size>
         <input_file_ref idref="fl-e2"/>
      </object_component>
      <object_component id="oc-23a">
         <name>.text:setup_mpu_6050</name>
         <load_address>0x19cc</load_address>
         <run_address>0x19cc</run_address>
         <size>0x4c</size>
         <input_file_ref idref="fl-7"/>
      </object_component>
      <object_component id="oc-81">
         <name>.text:EUSCIA0_IRQHandler</name>
         <load_address>0x1a18</load_address>
         <run_address>0x1a18</run_address>
         <size>0x40</size>
         <input_file_ref idref="fl-a"/>
      </object_component>
      <object_component id="oc-2f9">
         <name>.text:I2C_masterSendMultiByteStart</name>
         <load_address>0x1a58</load_address>
         <run_address>0x1a58</run_address>
         <size>0x40</size>
         <input_file_ref idref="fl-16"/>
      </object_component>
      <object_component id="oc-241">
         <name>.text:get_motor_1_speed</name>
         <load_address>0x1a98</load_address>
         <run_address>0x1a98</run_address>
         <size>0x3c</size>
         <input_file_ref idref="fl-6"/>
      </object_component>
      <object_component id="oc-247">
         <name>.text:get_motor_2_speed</name>
         <load_address>0x1ad4</load_address>
         <run_address>0x1ad4</run_address>
         <size>0x3c</size>
         <input_file_ref idref="fl-6"/>
      </object_component>
      <object_component id="oc-337">
         <name>.text</name>
         <load_address>0x1b10</load_address>
         <run_address>0x1b10</run_address>
         <size>0x38</size>
         <input_file_ref idref="fl-d8"/>
      </object_component>
      <object_component id="oc-160">
         <name>.text:get_ACC_X</name>
         <load_address>0x1b48</load_address>
         <run_address>0x1b48</run_address>
         <size>0x36</size>
         <input_file_ref idref="fl-8"/>
      </object_component>
      <object_component id="oc-166">
         <name>.text:get_ACC_Y</name>
         <load_address>0x1b7e</load_address>
         <run_address>0x1b7e</run_address>
         <size>0x36</size>
         <input_file_ref idref="fl-8"/>
      </object_component>
      <object_component id="oc-16c">
         <name>.text:get_ACC_Z</name>
         <load_address>0x1bb4</load_address>
         <run_address>0x1bb4</run_address>
         <size>0x36</size>
         <input_file_ref idref="fl-8"/>
      </object_component>
      <object_component id="oc-172">
         <name>.text:get_GYR_X</name>
         <load_address>0x1bea</load_address>
         <run_address>0x1bea</run_address>
         <size>0x36</size>
         <input_file_ref idref="fl-8"/>
      </object_component>
      <object_component id="oc-178">
         <name>.text:get_GYR_Y</name>
         <load_address>0x1c20</load_address>
         <run_address>0x1c20</run_address>
         <size>0x36</size>
         <input_file_ref idref="fl-8"/>
      </object_component>
      <object_component id="oc-17e">
         <name>.text:get_GYR_Z</name>
         <load_address>0x1c56</load_address>
         <run_address>0x1c56</run_address>
         <size>0x36</size>
         <input_file_ref idref="fl-8"/>
      </object_component>
      <object_component id="oc-9f">
         <name>.text:PORT5_IRQHandler</name>
         <load_address>0x1c8c</load_address>
         <run_address>0x1c8c</run_address>
         <size>0x34</size>
         <input_file_ref idref="fl-6"/>
      </object_component>
      <object_component id="oc-a5">
         <name>.text:PORT6_IRQHandler</name>
         <load_address>0x1cc0</load_address>
         <run_address>0x1cc0</run_address>
         <size>0x30</size>
         <input_file_ref idref="fl-6"/>
      </object_component>
      <object_component id="oc-1a2">
         <name>.text:get_angle</name>
         <load_address>0x1cf0</load_address>
         <run_address>0x1cf0</run_address>
         <size>0x30</size>
         <input_file_ref idref="fl-2"/>
      </object_component>
      <object_component id="oc-190">
         <name>.text:get_balance_kd</name>
         <load_address>0x1d20</load_address>
         <run_address>0x1d20</run_address>
         <size>0x30</size>
         <input_file_ref idref="fl-2"/>
      </object_component>
      <object_component id="oc-18a">
         <name>.text:get_balance_kp</name>
         <load_address>0x1d50</load_address>
         <run_address>0x1d50</run_address>
         <size>0x30</size>
         <input_file_ref idref="fl-2"/>
      </object_component>
      <object_component id="oc-19c">
         <name>.text:get_velocity_ki</name>
         <load_address>0x1d80</load_address>
         <run_address>0x1d80</run_address>
         <size>0x30</size>
         <input_file_ref idref="fl-2"/>
      </object_component>
      <object_component id="oc-196">
         <name>.text:get_velocity_kp</name>
         <load_address>0x1db0</load_address>
         <run_address>0x1db0</run_address>
         <size>0x30</size>
         <input_file_ref idref="fl-2"/>
      </object_component>
      <object_component id="oc-35b">
         <name>.text:set_pwm_1_duty</name>
         <load_address>0x1de0</load_address>
         <run_address>0x1de0</run_address>
         <size>0x30</size>
         <input_file_ref idref="fl-6"/>
      </object_component>
      <object_component id="oc-361">
         <name>.text:set_pwm_2_duty</name>
         <load_address>0x1e10</load_address>
         <run_address>0x1e10</run_address>
         <size>0x30</size>
         <input_file_ref idref="fl-6"/>
      </object_component>
      <object_component id="oc-2d9">
         <name>.text:GPIO_setAsInputPin</name>
         <load_address>0x1e40</load_address>
         <run_address>0x1e40</run_address>
         <size>0x2c</size>
         <input_file_ref idref="fl-15"/>
      </object_component>
      <object_component id="oc-d4">
         <name>.text:main</name>
         <load_address>0x1e6c</load_address>
         <run_address>0x1e6c</run_address>
         <size>0x2c</size>
         <input_file_ref idref="fl-4"/>
      </object_component>
      <object_component id="oc-137">
         <name>.text:setup</name>
         <load_address>0x1e98</load_address>
         <run_address>0x1e98</run_address>
         <size>0x2c</size>
         <input_file_ref idref="fl-5"/>
      </object_component>
      <object_component id="oc-99">
         <name>.text:PORT1_IRQHandler</name>
         <load_address>0x1ec4</load_address>
         <run_address>0x1ec4</run_address>
         <size>0x28</size>
         <input_file_ref idref="fl-6"/>
      </object_component>
      <object_component id="oc-2ce">
         <name>.text:CS_setDCOCenteredFrequency</name>
         <load_address>0x1eec</load_address>
         <run_address>0x1eec</run_address>
         <size>0x24</size>
         <input_file_ref idref="fl-14"/>
      </object_component>
      <object_component id="oc-2c2">
         <name>.text:GPIO_setAsOutputPin</name>
         <load_address>0x1f10</load_address>
         <run_address>0x1f10</run_address>
         <size>0x24</size>
         <input_file_ref idref="fl-15"/>
      </object_component>
      <object_component id="oc-287">
         <name>.text:send_char_bt</name>
         <load_address>0x1f34</load_address>
         <run_address>0x1f34</run_address>
         <size>0x20</size>
         <input_file_ref idref="fl-a"/>
      </object_component>
      <object_component id="oc-2ec">
         <name>.text:GPIO_setOutputLowOnPin</name>
         <load_address>0x1f54</load_address>
         <run_address>0x1f54</run_address>
         <size>0x18</size>
         <input_file_ref idref="fl-15"/>
      </object_component>
      <object_component id="oc-65">
         <name>.text</name>
         <load_address>0x1f6c</load_address>
         <run_address>0x1f6c</run_address>
         <size>0x18</size>
         <input_file_ref idref="fl-e0"/>
      </object_component>
      <object_component id="oc-1c6">
         <name>.text:set_angle</name>
         <load_address>0x1f84</load_address>
         <run_address>0x1f84</run_address>
         <size>0x18</size>
         <input_file_ref idref="fl-2"/>
      </object_component>
      <object_component id="oc-1ae">
         <name>.text:set_balance_kd</name>
         <load_address>0x1f9c</load_address>
         <run_address>0x1f9c</run_address>
         <size>0x18</size>
         <input_file_ref idref="fl-2"/>
      </object_component>
      <object_component id="oc-1a8">
         <name>.text:set_balance_kp</name>
         <load_address>0x1fb4</load_address>
         <run_address>0x1fb4</run_address>
         <size>0x18</size>
         <input_file_ref idref="fl-2"/>
      </object_component>
      <object_component id="oc-26b">
         <name>.text:set_motor_1_direction</name>
         <load_address>0x1fcc</load_address>
         <run_address>0x1fcc</run_address>
         <size>0x18</size>
         <input_file_ref idref="fl-6"/>
      </object_component>
      <object_component id="oc-271">
         <name>.text:set_motor_2_direction</name>
         <load_address>0x1fe4</load_address>
         <run_address>0x1fe4</run_address>
         <size>0x18</size>
         <input_file_ref idref="fl-6"/>
      </object_component>
      <object_component id="oc-1c0">
         <name>.text:set_speed</name>
         <load_address>0x1ffc</load_address>
         <run_address>0x1ffc</run_address>
         <size>0x18</size>
         <input_file_ref idref="fl-2"/>
      </object_component>
      <object_component id="oc-1ba">
         <name>.text:set_velocity_ki</name>
         <load_address>0x2014</load_address>
         <run_address>0x2014</run_address>
         <size>0x18</size>
         <input_file_ref idref="fl-2"/>
      </object_component>
      <object_component id="oc-1b4">
         <name>.text:set_velocity_kp</name>
         <load_address>0x202c</load_address>
         <run_address>0x202c</run_address>
         <size>0x18</size>
         <input_file_ref idref="fl-2"/>
      </object_component>
      <object_component id="oc-1fd">
         <name>.text:GPIO_setOutputHighOnPin</name>
         <load_address>0x2044</load_address>
         <run_address>0x2044</run_address>
         <size>0x14</size>
         <input_file_ref idref="fl-15"/>
      </object_component>
      <object_component id="oc-10e">
         <name>.text:GPIO_toggleOutputOnPin</name>
         <load_address>0x2058</load_address>
         <run_address>0x2058</run_address>
         <size>0x14</size>
         <input_file_ref idref="fl-15"/>
      </object_component>
      <object_component id="oc-28e">
         <name>.text:get_stored_mpu_data</name>
         <load_address>0x206c</load_address>
         <run_address>0x206c</run_address>
         <size>0x14</size>
         <input_file_ref idref="fl-7"/>
      </object_component>
      <object_component id="oc-14d">
         <name>.text</name>
         <load_address>0x2080</load_address>
         <run_address>0x2080</run_address>
         <size>0x14</size>
         <input_file_ref idref="fl-df"/>
      </object_component>
      <object_component id="oc-34d">
         <name>.text:set_motor_1_backward</name>
         <load_address>0x2094</load_address>
         <run_address>0x2094</run_address>
         <size>0x14</size>
         <input_file_ref idref="fl-6"/>
      </object_component>
      <object_component id="oc-222">
         <name>.text:set_motor_1_forward</name>
         <load_address>0x20a8</load_address>
         <run_address>0x20a8</run_address>
         <size>0x14</size>
         <input_file_ref idref="fl-6"/>
      </object_component>
      <object_component id="oc-354">
         <name>.text:set_motor_2_backward</name>
         <load_address>0x20bc</load_address>
         <run_address>0x20bc</run_address>
         <size>0x14</size>
         <input_file_ref idref="fl-6"/>
      </object_component>
      <object_component id="oc-228">
         <name>.text:set_motor_2_forward</name>
         <load_address>0x20d0</load_address>
         <run_address>0x20d0</run_address>
         <size>0x14</size>
         <input_file_ref idref="fl-6"/>
      </object_component>
      <object_component id="oc-277">
         <name>.text:set_pwm_duty</name>
         <load_address>0x20e4</load_address>
         <run_address>0x20e4</run_address>
         <size>0x14</size>
         <input_file_ref idref="fl-6"/>
      </object_component>
      <object_component id="oc-15a">
         <name>.text:check_version</name>
         <load_address>0x20f8</load_address>
         <run_address>0x20f8</run_address>
         <size>0x10</size>
         <input_file_ref idref="fl-8"/>
      </object_component>
      <object_component id="oc-1a">
         <name>.text:decompress:none</name>
         <load_address>0x2108</load_address>
         <run_address>0x2108</run_address>
         <size>0xe</size>
         <input_file_ref idref="fl-d1"/>
      </object_component>
      <object_component id="oc-75">
         <name>.text:Reset_Handler</name>
         <load_address>0x2116</load_address>
         <run_address>0x2116</run_address>
         <size>0xc</size>
         <input_file_ref idref="fl-b"/>
      </object_component>
      <object_component id="oc-20">
         <name>.text:decompress:ZI</name>
         <load_address>0x2122</load_address>
         <run_address>0x2122</run_address>
         <size>0xc</size>
         <input_file_ref idref="fl-d2"/>
      </object_component>
      <object_component id="oc-11b">
         <name>.text:start_motor</name>
         <load_address>0x212e</load_address>
         <run_address>0x212e</run_address>
         <size>0xc</size>
         <input_file_ref idref="fl-6"/>
      </object_component>
      <object_component id="oc-22e">
         <name>.text:stop_motor</name>
         <load_address>0x213a</load_address>
         <run_address>0x213a</run_address>
         <size>0xc</size>
         <input_file_ref idref="fl-6"/>
      </object_component>
      <object_component id="oc-59">
         <name>.text</name>
         <load_address>0x2146</load_address>
         <run_address>0x2146</run_address>
         <size>0x4</size>
         <input_file_ref idref="fl-dc"/>
      </object_component>
      <object_component id="oc-390">
         <name>.const:$O1$$</name>
         <load_address>0x214c</load_address>
         <run_address>0x214c</run_address>
         <size>0x34</size>
         <input_file_ref idref="fl-dd"/>
      </object_component>
      <object_component id="oc-1ec">
         <name>.const:GPIO_PORT_TO_BASE</name>
         <load_address>0x2180</load_address>
         <run_address>0x2180</run_address>
         <size>0x30</size>
         <input_file_ref idref="fl-15"/>
      </object_component>
      <object_component id="oc-2d4">
         <name>.const:uartConfig</name>
         <load_address>0x21b0</load_address>
         <run_address>0x21b0</run_address>
         <size>0x24</size>
         <input_file_ref idref="fl-a"/>
      </object_component>
      <object_component id="oc-2e2">
         <name>.const:upDownConfig</name>
         <load_address>0x21d4</load_address>
         <run_address>0x21d4</run_address>
         <size>0x18</size>
         <input_file_ref idref="fl-6"/>
      </object_component>
      <object_component id="oc-2f5">
         <name>.const:i2cConfig</name>
         <load_address>0x21ec</load_address>
         <run_address>0x21ec</run_address>
         <size>0x14</size>
         <input_file_ref idref="fl-7"/>
      </object_component>
      <object_component id="oc-308">
         <name>.const:ACC_RATIO</name>
         <load_address>0x2200</load_address>
         <run_address>0x2200</run_address>
         <size>0x10</size>
         <input_file_ref idref="fl-7"/>
      </object_component>
      <object_component id="oc-30e">
         <name>.const:GYR_RATIO</name>
         <load_address>0x2210</load_address>
         <run_address>0x2210</run_address>
         <size>0x10</size>
         <input_file_ref idref="fl-7"/>
      </object_component>
      <object_component id="oc-2df">
         <name>.const:.string:$P$T0$1</name>
         <load_address>0x2220</load_address>
         <run_address>0x2220</run_address>
         <size>0x8</size>
         <input_file_ref idref="fl-6"/>
      </object_component>
      <object_component id="oc-305">
         <name>.const:.string:RegData</name>
         <load_address>0x2228</load_address>
         <run_address>0x2228</run_address>
         <size>0x7</size>
         <input_file_ref idref="fl-7"/>
      </object_component>
      <object_component id="oc-3dc">
         <name>.cinit..data.load</name>
         <load_address>0x2230</load_address>
         <run_address>0x2230</run_address>
         <size>0x61</size>
      </object_component>
      <object_component id="oc-3da">
         <name>__TI_handler_table</name>
         <load_address>0x2294</load_address>
         <run_address>0x2294</run_address>
         <size>0xc</size>
      </object_component>
      <object_component id="oc-3dd">
         <name>.cinit..bss.load</name>
         <load_address>0x22a0</load_address>
         <run_address>0x22a0</run_address>
         <size>0x8</size>
      </object_component>
      <object_component id="oc-3db">
         <name>__TI_cinit_table</name>
         <load_address>0x22a8</load_address>
         <run_address>0x22a8</run_address>
         <size>0x10</size>
      </object_component>
      <object_component id="oc-3b7">
         <name>.binit</name>
         <load_address>0x0</load_address>
         <run_address>0x0</run_address>
         <size>0x0</size>
      </object_component>
      <object_component id="oc-2a0">
         <name>.data</name>
         <load_address>0x200000f4</load_address>
         <run_address>0x200000f4</run_address>
         <size>0x18</size>
         <input_file_ref idref="fl-2"/>
      </object_component>
      <object_component id="oc-327">
         <name>.data</name>
         <load_address>0x2000010c</load_address>
         <run_address>0x2000010c</run_address>
         <size>0x18</size>
         <input_file_ref idref="fl-3"/>
      </object_component>
      <object_component id="oc-32a">
         <name>.data:P</name>
         <load_address>0x20000124</load_address>
         <run_address>0x20000124</run_address>
         <size>0x10</size>
         <input_file_ref idref="fl-3"/>
      </object_component>
      <object_component id="oc-324">
         <name>.data:Pdot</name>
         <load_address>0x20000134</load_address>
         <run_address>0x20000134</run_address>
         <size>0x10</size>
         <input_file_ref idref="fl-3"/>
      </object_component>
      <object_component id="oc-27d">
         <name>.data</name>
         <load_address>0x200000d8</load_address>
         <run_address>0x200000d8</run_address>
         <size>0x1c</size>
         <input_file_ref idref="fl-5"/>
      </object_component>
      <object_component id="oc-300">
         <name>.data</name>
         <load_address>0x2000017c</load_address>
         <run_address>0x2000017c</run_address>
         <size>0x2</size>
         <input_file_ref idref="fl-6"/>
      </object_component>
      <object_component id="oc-2e5">
         <name>.data:compareConfig_PWM1</name>
         <load_address>0x20000144</load_address>
         <run_address>0x20000144</run_address>
         <size>0x10</size>
         <input_file_ref idref="fl-6"/>
      </object_component>
      <object_component id="oc-2e8">
         <name>.data:compareConfig_PWM2</name>
         <load_address>0x20000154</load_address>
         <run_address>0x20000154</run_address>
         <size>0x10</size>
         <input_file_ref idref="fl-6"/>
      </object_component>
      <object_component id="oc-30b">
         <name>.data</name>
         <load_address>0x2000017e</load_address>
         <run_address>0x2000017e</run_address>
         <size>0x2</size>
         <input_file_ref idref="fl-7"/>
      </object_component>
      <object_component id="oc-100">
         <name>.data</name>
         <load_address>0x20000180</load_address>
         <run_address>0x20000180</run_address>
         <size>0x2</size>
         <input_file_ref idref="fl-a"/>
      </object_component>
      <object_component id="oc-dc">
         <name>.data:$O1$$</name>
         <load_address>0x20000164</load_address>
         <run_address>0x20000164</run_address>
         <size>0xc</size>
         <input_file_ref idref="fl-d4"/>
      </object_component>
      <object_component id="oc-71">
         <name>.data</name>
         <load_address>0x20000178</load_address>
         <run_address>0x20000178</run_address>
         <size>0x4</size>
         <input_file_ref idref="fl-de"/>
      </object_component>
      <object_component id="oc-df">
         <name>.data:$O1$$</name>
         <load_address>0x20000170</load_address>
         <run_address>0x20000170</run_address>
         <size>0x8</size>
         <input_file_ref idref="fl-df"/>
      </object_component>
      <object_component id="oc-34b">
         <name>.bss</name>
         <uninitialized>true</uninitialized>
         <run_address>0x20000080</run_address>
         <size>0x10</size>
         <input_file_ref idref="fl-2"/>
      </object_component>
      <object_component id="oc-10a">
         <name>.bss:RXData</name>
         <uninitialized>true</uninitialized>
         <run_address>0x20000095</run_address>
         <size>0x4</size>
         <input_file_ref idref="fl-7"/>
      </object_component>
      <object_component id="oc-107">
         <name>.bss</name>
         <uninitialized>true</uninitialized>
         <run_address>0x20000090</run_address>
         <size>0x5</size>
         <input_file_ref idref="fl-7"/>
      </object_component>
      <object_component id="oc-31f">
         <name>.common:angle</name>
         <uninitialized>true</uninitialized>
         <run_address>0x200000b0</run_address>
         <size>0x4</size>
      </object_component>
      <object_component id="oc-334">
         <name>.common:angle_dot</name>
         <uninitialized>true</uninitialized>
         <run_address>0x200000b4</run_address>
         <size>0x4</size>
      </object_component>
      <object_component id="oc-322">
         <name>.common:q_bias</name>
         <uninitialized>true</uninitialized>
         <run_address>0x200000cc</run_address>
         <size>0x4</size>
      </object_component>
      <object_component id="oc-323">
         <name>.common:angle_err</name>
         <uninitialized>true</uninitialized>
         <run_address>0x200000b8</run_address>
         <size>0x4</size>
      </object_component>
      <object_component id="oc-32d">
         <name>.common:PCt_0</name>
         <uninitialized>true</uninitialized>
         <run_address>0x200000a8</run_address>
         <size>0x4</size>
      </object_component>
      <object_component id="oc-32e">
         <name>.common:PCt_1</name>
         <uninitialized>true</uninitialized>
         <run_address>0x200000ac</run_address>
         <size>0x4</size>
      </object_component>
      <object_component id="oc-32f">
         <name>.common:E</name>
         <uninitialized>true</uninitialized>
         <run_address>0x2000009c</run_address>
         <size>0x4</size>
      </object_component>
      <object_component id="oc-330">
         <name>.common:K_0</name>
         <uninitialized>true</uninitialized>
         <run_address>0x200000a0</run_address>
         <size>0x4</size>
      </object_component>
      <object_component id="oc-331">
         <name>.common:K_1</name>
         <uninitialized>true</uninitialized>
         <run_address>0x200000a4</run_address>
         <size>0x4</size>
      </object_component>
      <object_component id="oc-332">
         <name>.common:t_0</name>
         <uninitialized>true</uninitialized>
         <run_address>0x200000d0</run_address>
         <size>0x4</size>
      </object_component>
      <object_component id="oc-333">
         <name>.common:t_1</name>
         <uninitialized>true</uninitialized>
         <run_address>0x200000d4</run_address>
         <size>0x4</size>
      </object_component>
      <object_component id="oc-280">
         <name>.common:mpu_data</name>
         <uninitialized>true</uninitialized>
         <run_address>0x20000064</run_address>
         <size>0x1c</size>
      </object_component>
      <object_component id="oc-117">
         <name>.common:encoder_count_1</name>
         <uninitialized>true</uninitialized>
         <run_address>0x200000bc</run_address>
         <size>0x4</size>
      </object_component>
      <object_component id="oc-119">
         <name>.common:encoder_count_2</name>
         <uninitialized>true</uninitialized>
         <run_address>0x200000c0</run_address>
         <size>0x4</size>
      </object_component>
      <object_component id="oc-114">
         <name>.common:motor_1_speed</name>
         <uninitialized>true</uninitialized>
         <run_address>0x200000c4</run_address>
         <size>0x4</size>
      </object_component>
      <object_component id="oc-118">
         <name>.common:motor_2_speed</name>
         <uninitialized>true</uninitialized>
         <run_address>0x200000c8</run_address>
         <size>0x4</size>
      </object_component>
      <object_component id="oc-103">
         <name>.common:RXData</name>
         <uninitialized>true</uninitialized>
         <run_address>0x20000000</run_address>
         <size>0x64</size>
      </object_component>
      <object_component id="oc-2f">
         <name>.stack</name>
         <uninitialized>true</uninitialized>
         <run_address>0x2000fe00</run_address>
         <size>0x0</size>
         <input_file_ref idref="fl-cf"/>
      </object_component>
      <object_component id="oc-3de">
         <name>.stack</name>
         <uninitialized>true</uninitialized>
         <run_address>0x2000fe00</run_address>
         <size>0x0</size>
      </object_component>
      <object_component id="oc-2b0">
         <name>.debug_info</name>
         <load_address>0x0</load_address>
         <run_address>0x0</run_address>
         <size>0x568</size>
         <input_file_ref idref="fl-2"/>
      </object_component>
      <object_component id="oc-2a1">
         <name>.debug_info</name>
         <load_address>0x568</load_address>
         <run_address>0x568</run_address>
         <size>0x1a0</size>
         <input_file_ref idref="fl-2"/>
      </object_component>
      <object_component id="oc-18b">
         <name>.debug_info</name>
         <load_address>0x708</load_address>
         <run_address>0x708</run_address>
         <size>0x144</size>
         <input_file_ref idref="fl-2"/>
      </object_component>
      <object_component id="oc-191">
         <name>.debug_info</name>
         <load_address>0x84c</load_address>
         <run_address>0x84c</run_address>
         <size>0x144</size>
         <input_file_ref idref="fl-2"/>
      </object_component>
      <object_component id="oc-197">
         <name>.debug_info</name>
         <load_address>0x990</load_address>
         <run_address>0x990</run_address>
         <size>0x146</size>
         <input_file_ref idref="fl-2"/>
      </object_component>
      <object_component id="oc-19d">
         <name>.debug_info</name>
         <load_address>0xad6</load_address>
         <run_address>0xad6</run_address>
         <size>0x146</size>
         <input_file_ref idref="fl-2"/>
      </object_component>
      <object_component id="oc-1a3">
         <name>.debug_info</name>
         <load_address>0xc1c</load_address>
         <run_address>0xc1c</run_address>
         <size>0x134</size>
         <input_file_ref idref="fl-2"/>
      </object_component>
      <object_component id="oc-1a9">
         <name>.debug_info</name>
         <load_address>0xd50</load_address>
         <run_address>0xd50</run_address>
         <size>0x133</size>
         <input_file_ref idref="fl-2"/>
      </object_component>
      <object_component id="oc-1af">
         <name>.debug_info</name>
         <load_address>0xe83</load_address>
         <run_address>0xe83</run_address>
         <size>0x133</size>
         <input_file_ref idref="fl-2"/>
      </object_component>
      <object_component id="oc-1b5">
         <name>.debug_info</name>
         <load_address>0xfb6</load_address>
         <run_address>0xfb6</run_address>
         <size>0x135</size>
         <input_file_ref idref="fl-2"/>
      </object_component>
      <object_component id="oc-1bb">
         <name>.debug_info</name>
         <load_address>0x10eb</load_address>
         <run_address>0x10eb</run_address>
         <size>0x135</size>
         <input_file_ref idref="fl-2"/>
      </object_component>
      <object_component id="oc-1c1">
         <name>.debug_info</name>
         <load_address>0x1220</load_address>
         <run_address>0x1220</run_address>
         <size>0x11d</size>
         <input_file_ref idref="fl-2"/>
      </object_component>
      <object_component id="oc-1c7">
         <name>.debug_info</name>
         <load_address>0x133d</load_address>
         <run_address>0x133d</run_address>
         <size>0x11d</size>
         <input_file_ref idref="fl-2"/>
      </object_component>
      <object_component id="oc-260">
         <name>.debug_info</name>
         <load_address>0x145a</load_address>
         <run_address>0x145a</run_address>
         <size>0x17b</size>
         <input_file_ref idref="fl-2"/>
      </object_component>
      <object_component id="oc-266">
         <name>.debug_info</name>
         <load_address>0x15d5</load_address>
         <run_address>0x15d5</run_address>
         <size>0x2b8</size>
         <input_file_ref idref="fl-2"/>
      </object_component>
      <object_component id="oc-1dc">
         <name>.debug_info</name>
         <load_address>0x188d</load_address>
         <run_address>0x188d</run_address>
         <size>0x1055</size>
         <input_file_ref idref="fl-2"/>
      </object_component>
      <object_component id="oc-1d7">
         <name>.debug_info</name>
         <load_address>0x28e2</load_address>
         <run_address>0x28e2</run_address>
         <size>0x37e2</size>
         <input_file_ref idref="fl-2"/>
      </object_component>
      <object_component id="oc-2b3">
         <name>.debug_info</name>
         <load_address>0x60c4</load_address>
         <run_address>0x60c4</run_address>
         <size>0x9a</size>
         <input_file_ref idref="fl-2"/>
      </object_component>
      <object_component id="oc-1f8">
         <name>.debug_info</name>
         <load_address>0x615e</load_address>
         <run_address>0x615e</run_address>
         <size>0x341</size>
         <input_file_ref idref="fl-2"/>
      </object_component>
      <object_component id="oc-36">
         <name>.debug_info</name>
         <load_address>0x649f</load_address>
         <run_address>0x649f</run_address>
         <size>0x84</size>
         <input_file_ref idref="fl-2"/>
      </object_component>
      <object_component id="oc-f0">
         <name>.debug_info</name>
         <load_address>0x6523</load_address>
         <run_address>0x6523</run_address>
         <size>0x18b</size>
         <input_file_ref idref="fl-2"/>
      </object_component>
      <object_component id="oc-bd">
         <name>.debug_info</name>
         <load_address>0x66ae</load_address>
         <run_address>0x66ae</run_address>
         <size>0x2c</size>
         <input_file_ref idref="fl-2"/>
      </object_component>
      <object_component id="oc-1e1">
         <name>.debug_info</name>
         <load_address>0x66da</load_address>
         <run_address>0x66da</run_address>
         <size>0xee</size>
         <input_file_ref idref="fl-2"/>
      </object_component>
      <object_component id="oc-1ce">
         <name>.debug_info</name>
         <load_address>0x67c8</load_address>
         <run_address>0x67c8</run_address>
         <size>0xa5</size>
         <input_file_ref idref="fl-2"/>
      </object_component>
      <object_component id="oc-320">
         <name>.debug_info</name>
         <load_address>0x686d</load_address>
         <run_address>0x686d</run_address>
         <size>0x41f</size>
         <input_file_ref idref="fl-3"/>
      </object_component>
      <object_component id="oc-328">
         <name>.debug_info</name>
         <load_address>0x6c8c</load_address>
         <run_address>0x6c8c</run_address>
         <size>0x159</size>
         <input_file_ref idref="fl-3"/>
      </object_component>
      <object_component id="oc-32b">
         <name>.debug_info</name>
         <load_address>0x6de5</load_address>
         <run_address>0x6de5</run_address>
         <size>0xd0</size>
         <input_file_ref idref="fl-3"/>
      </object_component>
      <object_component id="oc-325">
         <name>.debug_info</name>
         <load_address>0x6eb5</load_address>
         <run_address>0x6eb5</run_address>
         <size>0xd6</size>
         <input_file_ref idref="fl-3"/>
      </object_component>
      <object_component id="oc-25a">
         <name>.debug_info</name>
         <load_address>0x6f8b</load_address>
         <run_address>0x6f8b</run_address>
         <size>0x192</size>
         <input_file_ref idref="fl-3"/>
      </object_component>
      <object_component id="oc-d5">
         <name>.debug_info</name>
         <load_address>0x711d</load_address>
         <run_address>0x711d</run_address>
         <size>0x128</size>
         <input_file_ref idref="fl-4"/>
      </object_component>
      <object_component id="oc-f5">
         <name>.debug_info</name>
         <load_address>0x7245</load_address>
         <run_address>0x7245</run_address>
         <size>0x8b</size>
         <input_file_ref idref="fl-4"/>
      </object_component>
      <object_component id="oc-281">
         <name>.debug_info</name>
         <load_address>0x72d0</load_address>
         <run_address>0x72d0</run_address>
         <size>0x9a6</size>
         <input_file_ref idref="fl-5"/>
      </object_component>
      <object_component id="oc-27e">
         <name>.debug_info</name>
         <load_address>0x7c76</load_address>
         <run_address>0x7c76</run_address>
         <size>0xe8</size>
         <input_file_ref idref="fl-5"/>
      </object_component>
      <object_component id="oc-13a">
         <name>.debug_info</name>
         <load_address>0x7d5e</load_address>
         <run_address>0x7d5e</run_address>
         <size>0x1af</size>
         <input_file_ref idref="fl-5"/>
      </object_component>
      <object_component id="oc-140">
         <name>.debug_info</name>
         <load_address>0x7f0d</load_address>
         <run_address>0x7f0d</run_address>
         <size>0x2a7</size>
         <input_file_ref idref="fl-5"/>
      </object_component>
      <object_component id="oc-295">
         <name>.debug_info</name>
         <load_address>0x81b4</load_address>
         <run_address>0x81b4</run_address>
         <size>0x144</size>
         <input_file_ref idref="fl-5"/>
      </object_component>
      <object_component id="oc-115">
         <name>.debug_info</name>
         <load_address>0x82f8</load_address>
         <run_address>0x82f8</run_address>
         <size>0x73f</size>
         <input_file_ref idref="fl-6"/>
      </object_component>
      <object_component id="oc-301">
         <name>.debug_info</name>
         <load_address>0x8a37</load_address>
         <run_address>0x8a37</run_address>
         <size>0x122</size>
         <input_file_ref idref="fl-6"/>
      </object_component>
      <object_component id="oc-2e3">
         <name>.debug_info</name>
         <load_address>0x8b59</load_address>
         <run_address>0x8b59</run_address>
         <size>0xe5</size>
         <input_file_ref idref="fl-6"/>
      </object_component>
      <object_component id="oc-2e6">
         <name>.debug_info</name>
         <load_address>0x8c3e</load_address>
         <run_address>0x8c3e</run_address>
         <size>0xf1</size>
         <input_file_ref idref="fl-6"/>
      </object_component>
      <object_component id="oc-2e9">
         <name>.debug_info</name>
         <load_address>0x8d2f</load_address>
         <run_address>0x8d2f</run_address>
         <size>0xf1</size>
         <input_file_ref idref="fl-6"/>
      </object_component>
      <object_component id="oc-2e0">
         <name>.debug_info</name>
         <load_address>0x8e20</load_address>
         <run_address>0x8e20</run_address>
         <size>0xda</size>
         <input_file_ref idref="fl-6"/>
      </object_component>
      <object_component id="oc-21d">
         <name>.debug_info</name>
         <load_address>0x8efa</load_address>
         <run_address>0x8efa</run_address>
         <size>0x21b</size>
         <input_file_ref idref="fl-6"/>
      </object_component>
      <object_component id="oc-35c">
         <name>.debug_info</name>
         <load_address>0x9115</load_address>
         <run_address>0x9115</run_address>
         <size>0x13f</size>
         <input_file_ref idref="fl-6"/>
      </object_component>
      <object_component id="oc-362">
         <name>.debug_info</name>
         <load_address>0x9254</load_address>
         <run_address>0x9254</run_address>
         <size>0x13f</size>
         <input_file_ref idref="fl-6"/>
      </object_component>
      <object_component id="oc-278">
         <name>.debug_info</name>
         <load_address>0x9393</load_address>
         <run_address>0x9393</run_address>
         <size>0x191</size>
         <input_file_ref idref="fl-6"/>
      </object_component>
      <object_component id="oc-11c">
         <name>.debug_info</name>
         <load_address>0x9524</load_address>
         <run_address>0x9524</run_address>
         <size>0x12d</size>
         <input_file_ref idref="fl-6"/>
      </object_component>
      <object_component id="oc-22f">
         <name>.debug_info</name>
         <load_address>0x9651</load_address>
         <run_address>0x9651</run_address>
         <size>0x12a</size>
         <input_file_ref idref="fl-6"/>
      </object_component>
      <object_component id="oc-223">
         <name>.debug_info</name>
         <load_address>0x977b</load_address>
         <run_address>0x977b</run_address>
         <size>0x15a</size>
         <input_file_ref idref="fl-6"/>
      </object_component>
      <object_component id="oc-34e">
         <name>.debug_info</name>
         <load_address>0x98d5</load_address>
         <run_address>0x98d5</run_address>
         <size>0x15f</size>
         <input_file_ref idref="fl-6"/>
      </object_component>
      <object_component id="oc-26c">
         <name>.debug_info</name>
         <load_address>0x9a34</load_address>
         <run_address>0x9a34</run_address>
         <size>0x192</size>
         <input_file_ref idref="fl-6"/>
      </object_component>
      <object_component id="oc-229">
         <name>.debug_info</name>
         <load_address>0x9bc6</load_address>
         <run_address>0x9bc6</run_address>
         <size>0x15d</size>
         <input_file_ref idref="fl-6"/>
      </object_component>
      <object_component id="oc-355">
         <name>.debug_info</name>
         <load_address>0x9d23</load_address>
         <run_address>0x9d23</run_address>
         <size>0x15f</size>
         <input_file_ref idref="fl-6"/>
      </object_component>
      <object_component id="oc-272">
         <name>.debug_info</name>
         <load_address>0x9e82</load_address>
         <run_address>0x9e82</run_address>
         <size>0x192</size>
         <input_file_ref idref="fl-6"/>
      </object_component>
      <object_component id="oc-243">
         <name>.debug_info</name>
         <load_address>0xa014</load_address>
         <run_address>0xa014</run_address>
         <size>0x129</size>
         <input_file_ref idref="fl-6"/>
      </object_component>
      <object_component id="oc-249">
         <name>.debug_info</name>
         <load_address>0xa13d</load_address>
         <run_address>0xa13d</run_address>
         <size>0x129</size>
         <input_file_ref idref="fl-6"/>
      </object_component>
      <object_component id="oc-a1">
         <name>.debug_info</name>
         <load_address>0xa266</load_address>
         <run_address>0xa266</run_address>
         <size>0x140</size>
         <input_file_ref idref="fl-6"/>
      </object_component>
      <object_component id="oc-a7">
         <name>.debug_info</name>
         <load_address>0xa3a6</load_address>
         <run_address>0xa3a6</run_address>
         <size>0x140</size>
         <input_file_ref idref="fl-6"/>
      </object_component>
      <object_component id="oc-9b">
         <name>.debug_info</name>
         <load_address>0xa4e6</load_address>
         <run_address>0xa4e6</run_address>
         <size>0x152</size>
         <input_file_ref idref="fl-6"/>
      </object_component>
      <object_component id="oc-95">
         <name>.debug_info</name>
         <load_address>0xa638</load_address>
         <run_address>0xa638</run_address>
         <size>0x146</size>
         <input_file_ref idref="fl-6"/>
      </object_component>
      <object_component id="oc-1f3">
         <name>.debug_info</name>
         <load_address>0xa77e</load_address>
         <run_address>0xa77e</run_address>
         <size>0x37e2</size>
         <input_file_ref idref="fl-6"/>
      </object_component>
      <object_component id="oc-1e8">
         <name>.debug_info</name>
         <load_address>0xdf60</load_address>
         <run_address>0xdf60</run_address>
         <size>0x674</size>
         <input_file_ref idref="fl-7"/>
      </object_component>
      <object_component id="oc-306">
         <name>.debug_info</name>
         <load_address>0xe5d4</load_address>
         <run_address>0xe5d4</run_address>
         <size>0xde</size>
         <input_file_ref idref="fl-7"/>
      </object_component>
      <object_component id="oc-10b">
         <name>.debug_info</name>
         <load_address>0xe6b2</load_address>
         <run_address>0xe6b2</run_address>
         <size>0xdb</size>
         <input_file_ref idref="fl-7"/>
      </object_component>
      <object_component id="oc-108">
         <name>.debug_info</name>
         <load_address>0xe78d</load_address>
         <run_address>0xe78d</run_address>
         <size>0x105</size>
         <input_file_ref idref="fl-7"/>
      </object_component>
      <object_component id="oc-30c">
         <name>.debug_info</name>
         <load_address>0xe892</load_address>
         <run_address>0xe892</run_address>
         <size>0x103</size>
         <input_file_ref idref="fl-7"/>
      </object_component>
      <object_component id="oc-309">
         <name>.debug_info</name>
         <load_address>0xe995</load_address>
         <run_address>0xe995</run_address>
         <size>0xe2</size>
         <input_file_ref idref="fl-7"/>
      </object_component>
      <object_component id="oc-30f">
         <name>.debug_info</name>
         <load_address>0xea77</load_address>
         <run_address>0xea77</run_address>
         <size>0xe2</size>
         <input_file_ref idref="fl-7"/>
      </object_component>
      <object_component id="oc-2f6">
         <name>.debug_info</name>
         <load_address>0xeb59</load_address>
         <run_address>0xeb59</run_address>
         <size>0xe2</size>
         <input_file_ref idref="fl-7"/>
      </object_component>
      <object_component id="oc-236">
         <name>.debug_info</name>
         <load_address>0xec3b</load_address>
         <run_address>0xec3b</run_address>
         <size>0x144</size>
         <input_file_ref idref="fl-7"/>
      </object_component>
      <object_component id="oc-23c">
         <name>.debug_info</name>
         <load_address>0xed7f</load_address>
         <run_address>0xed7f</run_address>
         <size>0x15d</size>
         <input_file_ref idref="fl-7"/>
      </object_component>
      <object_component id="oc-24f">
         <name>.debug_info</name>
         <load_address>0xeedc</load_address>
         <run_address>0xeedc</run_address>
         <size>0x215</size>
         <input_file_ref idref="fl-7"/>
      </object_component>
      <object_component id="oc-290">
         <name>.debug_info</name>
         <load_address>0xf0f1</load_address>
         <run_address>0xf0f1</run_address>
         <size>0x12c</size>
         <input_file_ref idref="fl-7"/>
      </object_component>
      <object_component id="oc-8f">
         <name>.debug_info</name>
         <load_address>0xf21d</load_address>
         <run_address>0xf21d</run_address>
         <size>0x17c</size>
         <input_file_ref idref="fl-7"/>
      </object_component>
      <object_component id="oc-1cd">
         <name>.debug_info</name>
         <load_address>0xf399</load_address>
         <run_address>0xf399</run_address>
         <size>0x7c0</size>
         <input_file_ref idref="fl-8"/>
      </object_component>
      <object_component id="oc-fb">
         <name>.debug_info</name>
         <load_address>0xfb59</load_address>
         <run_address>0xfb59</run_address>
         <size>0x3f1</size>
         <input_file_ref idref="fl-8"/>
      </object_component>
      <object_component id="oc-15b">
         <name>.debug_info</name>
         <load_address>0xff4a</load_address>
         <run_address>0xff4a</run_address>
         <size>0x142</size>
         <input_file_ref idref="fl-8"/>
      </object_component>
      <object_component id="oc-161">
         <name>.debug_info</name>
         <load_address>0x1008c</load_address>
         <run_address>0x1008c</run_address>
         <size>0x17b</size>
         <input_file_ref idref="fl-8"/>
      </object_component>
      <object_component id="oc-167">
         <name>.debug_info</name>
         <load_address>0x10207</load_address>
         <run_address>0x10207</run_address>
         <size>0x17b</size>
         <input_file_ref idref="fl-8"/>
      </object_component>
      <object_component id="oc-16d">
         <name>.debug_info</name>
         <load_address>0x10382</load_address>
         <run_address>0x10382</run_address>
         <size>0x17b</size>
         <input_file_ref idref="fl-8"/>
      </object_component>
      <object_component id="oc-173">
         <name>.debug_info</name>
         <load_address>0x104fd</load_address>
         <run_address>0x104fd</run_address>
         <size>0x17b</size>
         <input_file_ref idref="fl-8"/>
      </object_component>
      <object_component id="oc-179">
         <name>.debug_info</name>
         <load_address>0x10678</load_address>
         <run_address>0x10678</run_address>
         <size>0x17b</size>
         <input_file_ref idref="fl-8"/>
      </object_component>
      <object_component id="oc-17f">
         <name>.debug_info</name>
         <load_address>0x107f3</load_address>
         <run_address>0x107f3</run_address>
         <size>0x17c</size>
         <input_file_ref idref="fl-8"/>
      </object_component>
      <object_component id="oc-185">
         <name>.debug_info</name>
         <load_address>0x1096f</load_address>
         <run_address>0x1096f</run_address>
         <size>0x18e</size>
         <input_file_ref idref="fl-8"/>
      </object_component>
      <object_component id="oc-eb">
         <name>.debug_info</name>
         <load_address>0x10afd</load_address>
         <run_address>0x10afd</run_address>
         <size>0x137</size>
         <input_file_ref idref="fl-9"/>
      </object_component>
      <object_component id="oc-104">
         <name>.debug_info</name>
         <load_address>0x10c34</load_address>
         <run_address>0x10c34</run_address>
         <size>0x6dc</size>
         <input_file_ref idref="fl-a"/>
      </object_component>
      <object_component id="oc-2d5">
         <name>.debug_info</name>
         <load_address>0x11310</load_address>
         <run_address>0x11310</run_address>
         <size>0xe0</size>
         <input_file_ref idref="fl-a"/>
      </object_component>
      <object_component id="oc-101">
         <name>.debug_info</name>
         <load_address>0x113f0</load_address>
         <run_address>0x113f0</run_address>
         <size>0xe6</size>
         <input_file_ref idref="fl-a"/>
      </object_component>
      <object_component id="oc-211">
         <name>.debug_info</name>
         <load_address>0x114d6</load_address>
         <run_address>0x114d6</run_address>
         <size>0x1b5</size>
         <input_file_ref idref="fl-a"/>
      </object_component>
      <object_component id="oc-218">
         <name>.debug_info</name>
         <load_address>0x1168b</load_address>
         <run_address>0x1168b</run_address>
         <size>0x18f</size>
         <input_file_ref idref="fl-a"/>
      </object_component>
      <object_component id="oc-288">
         <name>.debug_info</name>
         <load_address>0x1181a</load_address>
         <run_address>0x1181a</run_address>
         <size>0x130</size>
         <input_file_ref idref="fl-a"/>
      </object_component>
      <object_component id="oc-82">
         <name>.debug_info</name>
         <load_address>0x1194a</load_address>
         <run_address>0x1194a</run_address>
         <size>0x177</size>
         <input_file_ref idref="fl-a"/>
      </object_component>
      <object_component id="oc-88">
         <name>.debug_info</name>
         <load_address>0x11ac1</load_address>
         <run_address>0x11ac1</run_address>
         <size>0x1a1</size>
         <input_file_ref idref="fl-a"/>
      </object_component>
      <object_component id="oc-ad">
         <name>.debug_info</name>
         <load_address>0x11c62</load_address>
         <run_address>0x11c62</run_address>
         <size>0x2c5</size>
         <input_file_ref idref="fl-b"/>
      </object_component>
      <object_component id="oc-2d">
         <name>.debug_info</name>
         <load_address>0x11f27</load_address>
         <run_address>0x11f27</run_address>
         <size>0x103</size>
         <input_file_ref idref="fl-b"/>
      </object_component>
      <object_component id="oc-76">
         <name>.debug_info</name>
         <load_address>0x1202a</load_address>
         <run_address>0x1202a</run_address>
         <size>0x166</size>
         <input_file_ref idref="fl-b"/>
      </object_component>
      <object_component id="oc-7f">
         <name>.debug_info</name>
         <load_address>0x12190</load_address>
         <run_address>0x12190</run_address>
         <size>0x14e</size>
         <input_file_ref idref="fl-b"/>
      </object_component>
      <object_component id="oc-372">
         <name>.debug_info</name>
         <load_address>0x122de</load_address>
         <run_address>0x122de</run_address>
         <size>0x810</size>
         <input_file_ref idref="fl-14"/>
      </object_component>
      <object_component id="oc-2d1">
         <name>.debug_info</name>
         <load_address>0x12aee</load_address>
         <run_address>0x12aee</run_address>
         <size>0x1e1</size>
         <input_file_ref idref="fl-14"/>
      </object_component>
      <object_component id="oc-2bc">
         <name>.debug_info</name>
         <load_address>0x12ccf</load_address>
         <run_address>0x12ccf</run_address>
         <size>0x431a</size>
         <input_file_ref idref="fl-14"/>
      </object_component>
      <object_component id="oc-3a8">
         <name>.debug_info</name>
         <load_address>0x16fe9</load_address>
         <run_address>0x16fe9</run_address>
         <size>0x1b5</size>
         <input_file_ref idref="fl-14"/>
      </object_component>
      <object_component id="oc-1f0">
         <name>.debug_info</name>
         <load_address>0x1719e</load_address>
         <run_address>0x1719e</run_address>
         <size>0x6f5</size>
         <input_file_ref idref="fl-15"/>
      </object_component>
      <object_component id="oc-1ed">
         <name>.debug_info</name>
         <load_address>0x17893</load_address>
         <run_address>0x17893</run_address>
         <size>0x131</size>
         <input_file_ref idref="fl-15"/>
      </object_component>
      <object_component id="oc-10f">
         <name>.debug_info</name>
         <load_address>0x179c4</load_address>
         <run_address>0x179c4</run_address>
         <size>0x232</size>
         <input_file_ref idref="fl-15"/>
      </object_component>
      <object_component id="oc-2ed">
         <name>.debug_info</name>
         <load_address>0x17bf6</load_address>
         <run_address>0x17bf6</run_address>
         <size>0x232</size>
         <input_file_ref idref="fl-15"/>
      </object_component>
      <object_component id="oc-1fe">
         <name>.debug_info</name>
         <load_address>0x17e28</load_address>
         <run_address>0x17e28</run_address>
         <size>0x234</size>
         <input_file_ref idref="fl-15"/>
      </object_component>
      <object_component id="oc-2c9">
         <name>.debug_info</name>
         <load_address>0x1805c</load_address>
         <run_address>0x1805c</run_address>
         <size>0x28a</size>
         <input_file_ref idref="fl-15"/>
      </object_component>
      <object_component id="oc-2c3">
         <name>.debug_info</name>
         <load_address>0x182e6</load_address>
         <run_address>0x182e6</run_address>
         <size>0x22c</size>
         <input_file_ref idref="fl-15"/>
      </object_component>
      <object_component id="oc-2da">
         <name>.debug_info</name>
         <load_address>0x18512</load_address>
         <run_address>0x18512</run_address>
         <size>0x22a</size>
         <input_file_ref idref="fl-15"/>
      </object_component>
      <object_component id="oc-385">
         <name>.debug_info</name>
         <load_address>0x1873c</load_address>
         <run_address>0x1873c</run_address>
         <size>0x6fd</size>
         <input_file_ref idref="fl-16"/>
      </object_component>
      <object_component id="oc-2fa">
         <name>.debug_info</name>
         <load_address>0x18e39</load_address>
         <run_address>0x18e39</run_address>
         <size>0x24b</size>
         <input_file_ref idref="fl-16"/>
      </object_component>
      <object_component id="oc-27">
         <name>.debug_info</name>
         <load_address>0x19084</load_address>
         <run_address>0x19084</run_address>
         <size>0x160</size>
         <input_file_ref idref="fl-cf"/>
      </object_component>
      <object_component id="oc-b3">
         <name>.debug_info</name>
         <load_address>0x191e4</load_address>
         <run_address>0x191e4</run_address>
         <size>0x293</size>
         <input_file_ref idref="fl-d0"/>
      </object_component>
      <object_component id="oc-17">
         <name>.debug_info</name>
         <load_address>0x19477</load_address>
         <run_address>0x19477</run_address>
         <size>0x245</size>
         <input_file_ref idref="fl-d0"/>
      </object_component>
      <object_component id="oc-31">
         <name>.debug_info</name>
         <load_address>0x196bc</load_address>
         <run_address>0x196bc</run_address>
         <size>0x60</size>
         <input_file_ref idref="fl-d0"/>
      </object_component>
      <object_component id="oc-ae">
         <name>.debug_info</name>
         <load_address>0x1971c</load_address>
         <run_address>0x1971c</run_address>
         <size>0x46</size>
         <input_file_ref idref="fl-d0"/>
      </object_component>
      <object_component id="oc-46">
         <name>.debug_info</name>
         <load_address>0x19762</load_address>
         <run_address>0x19762</run_address>
         <size>0x2da</size>
         <input_file_ref idref="fl-d1"/>
      </object_component>
      <object_component id="oc-1b">
         <name>.debug_info</name>
         <load_address>0x19a3c</load_address>
         <run_address>0x19a3c</run_address>
         <size>0x1df</size>
         <input_file_ref idref="fl-d1"/>
      </object_component>
      <object_component id="oc-41">
         <name>.debug_info</name>
         <load_address>0x19c1b</load_address>
         <run_address>0x19c1b</run_address>
         <size>0x46</size>
         <input_file_ref idref="fl-d1"/>
      </object_component>
      <object_component id="oc-b5">
         <name>.debug_info</name>
         <load_address>0x19c61</load_address>
         <run_address>0x19c61</run_address>
         <size>0x2c</size>
         <input_file_ref idref="fl-d1"/>
      </object_component>
      <object_component id="oc-52">
         <name>.debug_info</name>
         <load_address>0x19c8d</load_address>
         <run_address>0x19c8d</run_address>
         <size>0x2c9</size>
         <input_file_ref idref="fl-d2"/>
      </object_component>
      <object_component id="oc-22">
         <name>.debug_info</name>
         <load_address>0x19f56</load_address>
         <run_address>0x19f56</run_address>
         <size>0x1aa</size>
         <input_file_ref idref="fl-d2"/>
      </object_component>
      <object_component id="oc-4d">
         <name>.debug_info</name>
         <load_address>0x1a100</load_address>
         <run_address>0x1a100</run_address>
         <size>0x46</size>
         <input_file_ref idref="fl-d2"/>
      </object_component>
      <object_component id="oc-319">
         <name>.debug_info</name>
         <load_address>0x1a146</load_address>
         <run_address>0x1a146</run_address>
         <size>0x2da</size>
         <input_file_ref idref="fl-d3"/>
      </object_component>
      <object_component id="oc-254">
         <name>.debug_info</name>
         <load_address>0x1a420</load_address>
         <run_address>0x1a420</run_address>
         <size>0x1df</size>
         <input_file_ref idref="fl-d3"/>
      </object_component>
      <object_component id="oc-31a">
         <name>.debug_info</name>
         <load_address>0x1a5ff</load_address>
         <run_address>0x1a5ff</run_address>
         <size>0x2c</size>
         <input_file_ref idref="fl-d3"/>
      </object_component>
      <object_component id="oc-e3">
         <name>.debug_info</name>
         <load_address>0x1a62b</load_address>
         <run_address>0x1a62b</run_address>
         <size>0x3ce</size>
         <input_file_ref idref="fl-d4"/>
      </object_component>
      <object_component id="oc-dd">
         <name>.debug_info</name>
         <load_address>0x1a9f9</load_address>
         <run_address>0x1a9f9</run_address>
         <size>0x185</size>
         <input_file_ref idref="fl-d4"/>
      </object_component>
      <object_component id="oc-6d">
         <name>.debug_info</name>
         <load_address>0x1ab7e</load_address>
         <run_address>0x1ab7e</run_address>
         <size>0x214</size>
         <input_file_ref idref="fl-d4"/>
      </object_component>
      <object_component id="oc-347">
         <name>.debug_info</name>
         <load_address>0x1ad92</load_address>
         <run_address>0x1ad92</run_address>
         <size>0x144</size>
         <input_file_ref idref="fl-d5"/>
      </object_component>
      <object_component id="oc-33f">
         <name>.debug_info</name>
         <load_address>0x1aed6</load_address>
         <run_address>0x1aed6</run_address>
         <size>0x132</size>
         <input_file_ref idref="fl-d6"/>
      </object_component>
      <object_component id="oc-343">
         <name>.debug_info</name>
         <load_address>0x1b008</load_address>
         <run_address>0x1b008</run_address>
         <size>0x136</size>
         <input_file_ref idref="fl-d7"/>
      </object_component>
      <object_component id="oc-33a">
         <name>.debug_info</name>
         <load_address>0x1b13e</load_address>
         <run_address>0x1b13e</run_address>
         <size>0x124</size>
         <input_file_ref idref="fl-d8"/>
      </object_component>
      <object_component id="oc-3c">
         <name>.debug_info</name>
         <load_address>0x1b262</load_address>
         <run_address>0x1b262</run_address>
         <size>0x111</size>
         <input_file_ref idref="fl-d9"/>
      </object_component>
      <object_component id="oc-48">
         <name>.debug_info</name>
         <load_address>0x1b373</load_address>
         <run_address>0x1b373</run_address>
         <size>0x13f</size>
         <input_file_ref idref="fl-da"/>
      </object_component>
      <object_component id="oc-57">
         <name>.debug_info</name>
         <load_address>0x1b4b2</load_address>
         <run_address>0x1b4b2</run_address>
         <size>0x138</size>
         <input_file_ref idref="fl-db"/>
      </object_component>
      <object_component id="oc-5b">
         <name>.debug_info</name>
         <load_address>0x1b5ea</load_address>
         <run_address>0x1b5ea</run_address>
         <size>0x148</size>
         <input_file_ref idref="fl-dc"/>
      </object_component>
      <object_component id="oc-3b1">
         <name>.debug_info</name>
         <load_address>0x1b732</load_address>
         <run_address>0x1b732</run_address>
         <size>0x321</size>
         <input_file_ref idref="fl-dd"/>
      </object_component>
      <object_component id="oc-391">
         <name>.debug_info</name>
         <load_address>0x1ba53</load_address>
         <run_address>0x1ba53</run_address>
         <size>0x127</size>
         <input_file_ref idref="fl-dd"/>
      </object_component>
      <object_component id="oc-313">
         <name>.debug_info</name>
         <load_address>0x1bb7a</load_address>
         <run_address>0x1bb7a</run_address>
         <size>0x1a2</size>
         <input_file_ref idref="fl-dd"/>
      </object_component>
      <object_component id="oc-72">
         <name>.debug_info</name>
         <load_address>0x1bd1c</load_address>
         <run_address>0x1bd1c</run_address>
         <size>0x109</size>
         <input_file_ref idref="fl-de"/>
      </object_component>
      <object_component id="oc-155">
         <name>.debug_info</name>
         <load_address>0x1be25</load_address>
         <run_address>0x1be25</run_address>
         <size>0x2be</size>
         <input_file_ref idref="fl-df"/>
      </object_component>
      <object_component id="oc-e0">
         <name>.debug_info</name>
         <load_address>0x1c0e3</load_address>
         <run_address>0x1c0e3</run_address>
         <size>0x113</size>
         <input_file_ref idref="fl-df"/>
      </object_component>
      <object_component id="oc-14f">
         <name>.debug_info</name>
         <load_address>0x1c1f6</load_address>
         <run_address>0x1c1f6</run_address>
         <size>0x21f</size>
         <input_file_ref idref="fl-df"/>
      </object_component>
      <object_component id="oc-db">
         <name>.debug_info</name>
         <load_address>0x1c415</load_address>
         <run_address>0x1c415</run_address>
         <size>0x300</size>
         <input_file_ref idref="fl-e0"/>
      </object_component>
      <object_component id="oc-67">
         <name>.debug_info</name>
         <load_address>0x1c715</load_address>
[...]
         <object_component_ref idref="oc-277"/>
      </symbol>
      <symbol id="sm-2d2">
         <name>set_pwm_2_duty</name>
         <value>0x1e11</value>
         <object_component_ref idref="oc-361"/>
      </symbol>
      <symbol id="sm-2d3">
         <name>set_pwm_1_duty</name>
         <value>0x1de1</value>
         <object_component_ref idref="oc-35b"/>
      </symbol>
      <symbol id="sm-2d4">
         <name>set_motor_2_forward</name>
         <value>0x20d1</value>
         <object_component_ref idref="oc-228"/>
      </symbol>
      <symbol id="sm-2d5">
         <name>get_motor_2_speed</name>
         <value>0x1ad5</value>
         <object_component_ref idref="oc-247"/>
      </symbol>
      <symbol id="sm-2d6">
         <name>upDownConfig</name>
         <value>0x21d4</value>
         <object_component_ref idref="oc-2e2"/>
      </symbol>
      <symbol id="sm-2d7">
         <name>PORT5_IRQHandler</name>
         <value>0x1c8d</value>
         <object_component_ref idref="oc-9f"/>
      </symbol>
      <symbol id="sm-2d8">
         <name>stop_motor</name>
         <value>0x213b</value>
         <object_component_ref idref="oc-22e"/>
      </symbol>
      <symbol id="sm-2d9">
         <name>PORT6_IRQHandler</name>
         <value>0x1cc1</value>
         <object_component_ref idref="oc-a5"/>
      </symbol>
      <symbol id="sm-2da">
         <name>T32_INT1_IRQHandler</name>
         <value>0x1935</value>
         <object_component_ref idref="oc-93"/>
      </symbol>
      <symbol id="sm-36d">
         <name>ACC_RATIO</name>
         <value>0x2200</value>
         <object_component_ref idref="oc-308"/>
      </symbol>
      <symbol id="sm-36e">
         <name>EUSCIB0_IRQHandler</name>
         <value>0x11e5</value>
         <object_component_ref idref="oc-8d"/>
      </symbol>
      <symbol id="sm-36f">
         <name>GYR_RATIO</name>
         <value>0x2210</value>
         <object_component_ref idref="oc-30e"/>
      </symbol>
      <symbol id="sm-370">
         <name>setup_i2c</name>
         <value>0x1579</value>
         <object_component_ref idref="oc-234"/>
      </symbol>
      <symbol id="sm-371">
         <name>get_stored_mpu_data</name>
         <value>0x206d</value>
         <object_component_ref idref="oc-28e"/>
      </symbol>
      <symbol id="sm-372">
         <name>request_mpu_data</name>
         <value>0x371</value>
         <object_component_ref idref="oc-24d"/>
      </symbol>
      <symbol id="sm-373">
         <name>i2cConfig</name>
         <value>0x21ec</value>
         <object_component_ref idref="oc-2f5"/>
      </symbol>
      <symbol id="sm-374">
         <name>setup_mpu_6050</name>
         <value>0x19cd</value>
         <object_component_ref idref="oc-23a"/>
      </symbol>
      <symbol id="sm-375">
         <name>RegData</name>
         <value>0x2228</value>
         <object_component_ref idref="oc-305"/>
      </symbol>
      <symbol id="sm-3f2">
         <name>check_version</name>
         <value>0x20f9</value>
         <object_component_ref idref="oc-15a"/>
      </symbol>
      <symbol id="sm-3f3">
         <name>process_command</name>
         <value>0x591</value>
         <object_component_ref idref="oc-fa"/>
      </symbol>
      <symbol id="sm-3f4">
         <name>get_GYR_Z</name>
         <value>0x1c57</value>
         <object_component_ref idref="oc-17e"/>
      </symbol>
      <symbol id="sm-3f5">
         <name>get_GYR_Y</name>
         <value>0x1c21</value>
         <object_component_ref idref="oc-178"/>
      </symbol>
      <symbol id="sm-3f6">
         <name>get_GYR_X</name>
         <value>0x1beb</value>
         <object_component_ref idref="oc-172"/>
      </symbol>
      <symbol id="sm-3f7">
         <name>get_ACC_Z</name>
         <value>0x1bb5</value>
         <object_component_ref idref="oc-16c"/>
      </symbol>
      <symbol id="sm-3f8">
         <name>get_ACC_Y</name>
         <value>0x1b7f</value>
         <object_component_ref idref="oc-166"/>
      </symbol>
      <symbol id="sm-3f9">
         <name>get_ACC_X</name>
         <value>0x1b49</value>
         <object_component_ref idref="oc-160"/>
      </symbol>
      <symbol id="sm-3fa">
         <name>get_all_data</name>
         <value>0x1733</value>
         <object_component_ref idref="oc-184"/>
      </symbol>
      <symbol id="sm-40d">
         <name>SystemInit</name>
         <value>0x1501</value>
         <object_component_ref idref="oc-e7"/>
      </symbol>
      <symbol id="sm-464">
         <name>RXData</name>
         <value>0x20000000</value>
      </symbol>
      <symbol id="sm-465">
         <name>uartConfig</name>
         <value>0x21b0</value>
         <object_component_ref idref="oc-2d4"/>
      </symbol>
      <symbol id="sm-466">
         <name>send_string_pc</name>
         <value>0x1899</value>
         <object_component_ref idref="oc-216"/>
      </symbol>
      <symbol id="sm-467">
         <name>EUSCIA2_IRQHandler</name>
         <value>0x13f5</value>
         <object_component_ref idref="oc-87"/>
      </symbol>
      <symbol id="sm-468">
         <name>send_char_bt</name>
         <value>0x1f35</value>
         <object_component_ref idref="oc-287"/>
      </symbol>
      <symbol id="sm-469">
         <name>EUSCIA0_IRQHandler</name>
         <value>0x1a19</value>
         <object_component_ref idref="oc-81"/>
      </symbol>
      <symbol id="sm-46a">
         <name>setup_uart</name>
         <value>0x12a9</value>
         <object_component_ref idref="oc-210"/>
      </symbol>
      <symbol id="sm-46b">
         <name>RXData_length</name>
         <value>0x20000180</value>
         <object_component_ref idref="oc-100"/>
      </symbol>
      <symbol id="sm-487">
         <name>Reset_Handler</name>
         <value>0x2117</value>
         <object_component_ref idref="oc-75"/>
      </symbol>
      <symbol id="sm-488">
         <name>Default_Handler</name>
         <value>0x7a3</value>
         <object_component_ref idref="oc-7b"/>
      </symbol>
      <symbol id="sm-489">
         <name>interruptVectors</name>
         <value>0x0</value>
         <object_component_ref idref="oc-2c"/>
      </symbol>
      <symbol id="sm-4a3">
         <name>CS_setDCOCenteredFrequency</name>
         <value>0x1eed</value>
         <object_component_ref idref="oc-2ce"/>
      </symbol>
      <symbol id="sm-4f0">
         <name>GPIO_setAsInputPin</name>
         <value>0x1e41</value>
         <object_component_ref idref="oc-2d9"/>
      </symbol>
      <symbol id="sm-4f1">
         <name>GPIO_setOutputHighOnPin</name>
         <value>0x2045</value>
         <object_component_ref idref="oc-1fd"/>
      </symbol>
      <symbol id="sm-4f2">
         <name>GPIO_setAsOutputPin</name>
         <value>0x1f11</value>
         <object_component_ref idref="oc-2c2"/>
      </symbol>
      <symbol id="sm-4f3">
         <name>GPIO_setOutputLowOnPin</name>
         <value>0x1f55</value>
         <object_component_ref idref="oc-2ec"/>
      </symbol>
      <symbol id="sm-4f4">
         <name>GPIO_toggleOutputOnPin</name>
         <value>0x2059</value>
         <object_component_ref idref="oc-10e"/>
      </symbol>
      <symbol id="sm-4f5">
         <name>GPIO_setAsPeripheralModuleFunctionInputPin</name>
         <value>0x18e9</value>
         <object_component_ref idref="oc-2c8"/>
      </symbol>
      <symbol id="sm-505">
         <name>I2C_masterSendMultiByteStart</name>
         <value>0x1a59</value>
         <object_component_ref idref="oc-2f9"/>
      </symbol>
      <symbol id="sm-519">
         <name>_c_int00</name>
         <value>0x17f1</value>
         <object_component_ref idref="oc-26"/>
      </symbol>
      <symbol id="sm-51a">
         <name>__stack</name>
         <value>0x2000fe00</value>
         <object_component_ref idref="oc-2f"/>
      </symbol>
      <symbol id="sm-538">
         <name>__TI_decompress_lzss</name>
         <value>0x16cb</value>
         <object_component_ref idref="oc-14"/>
      </symbol>
      <symbol id="sm-54f">
         <name>__TI_decompress_none</name>
         <value>0x2109</value>
         <object_component_ref idref="oc-1a"/>
      </symbol>
      <symbol id="sm-561">
         <name>__TI_zero_init</name>
         <value>0x2123</value>
         <object_component_ref idref="oc-20"/>
      </symbol>
      <symbol id="sm-598">
         <name>atan2f</name>
         <value>0xd15</value>
         <object_component_ref idref="oc-253"/>
      </symbol>
      <symbol id="sm-5b9">
         <name>C$$EXIT</name>
         <value>0x1845</value>
         <object_component_ref idref="oc-6b"/>
      </symbol>
      <symbol id="sm-5ba">
         <name>abort</name>
         <value>0x1849</value>
         <object_component_ref idref="oc-6b"/>
      </symbol>
      <symbol id="sm-5bb">
         <name>exit</name>
         <value>0x1851</value>
         <object_component_ref idref="oc-6b"/>
      </symbol>
      <symbol id="sm-5bc">
         <name>__TI_dtors_ptr</name>
         <value>0x20000168</value>
         <object_component_ref idref="oc-dc"/>
      </symbol>
      <symbol id="sm-5bd">
         <name>__TI_cleanup_ptr</name>
         <value>0x20000164</value>
         <object_component_ref idref="oc-dc"/>
      </symbol>
      <symbol id="sm-5be">
         <name>__TI_enable_exit_profile_output</name>
         <value>0x2000016c</value>
         <object_component_ref idref="oc-dc"/>
      </symbol>
      <symbol id="sm-5d5">
         <name>__aeabi_dsub</name>
         <value>0xb5d</value>
         <object_component_ref idref="oc-346"/>
      </symbol>
      <symbol id="sm-5d6">
         <name>__aeabi_dadd</name>
         <value>0xb67</value>
         <object_component_ref idref="oc-346"/>
      </symbol>
      <symbol id="sm-5e1">
         <name>__aeabi_dmul</name>
         <value>0x10e9</value>
         <object_component_ref idref="oc-33c"/>
      </symbol>
      <symbol id="sm-5ed">
         <name>__aeabi_d2f</name>
         <value>0x165d</value>
         <object_component_ref idref="oc-341"/>
      </symbol>
      <symbol id="sm-5f8">
         <name>__aeabi_f2d</name>
         <value>0x1b11</value>
         <object_component_ref idref="oc-337"/>
      </symbol>
      <symbol id="sm-613">
         <name>memcpy</name>
         <value>0x1359</value>
         <object_component_ref idref="oc-3b"/>
      </symbol>
      <symbol id="sm-614">
         <name>__aeabi_memcpy</name>
         <value>0x1359</value>
         <object_component_ref idref="oc-3b"/>
      </symbol>
      <symbol id="sm-615">
         <name>__aeabi_memcpy8</name>
         <value>0x1359</value>
         <object_component_ref idref="oc-3b"/>
      </symbol>
      <symbol id="sm-616">
         <name>__aeabi_memcpy4</name>
         <value>0x1359</value>
         <object_component_ref idref="oc-3b"/>
      </symbol>
      <symbol id="sm-625">
         <name>__aeabi_memset</name>
         <value>0x1487</value>
         <object_component_ref idref="oc-47"/>
      </symbol>
      <symbol id="sm-626">
         <name>memset</name>
         <value>0x148d</value>
         <object_component_ref idref="oc-47"/>
      </symbol>
      <symbol id="sm-627">
         <name>__aeabi_memset8</name>
         <value>0x1487</value>
         <object_component_ref idref="oc-47"/>
      </symbol>
      <symbol id="sm-628">
         <name>__aeabi_memset4</name>
         <value>0x1487</value>
         <object_component_ref idref="oc-47"/>
      </symbol>
      <symbol id="sm-629">
         <name>__aeabi_memclr8</name>
         <value>0x1485</value>
         <object_component_ref idref="oc-47"/>
      </symbol>
      <symbol id="sm-62a">
         <name>__aeabi_memclr4</name>
         <value>0x1485</value>
         <object_component_ref idref="oc-47"/>
      </symbol>
      <symbol id="sm-62b">
         <name>__aeabi_memclr</name>
         <value>0x1485</value>
         <object_component_ref idref="oc-47"/>
      </symbol>
      <symbol id="sm-635">
         <name>__mpu_init</name>
         <value>0xd13</value>
         <object_component_ref idref="oc-53"/>
      </symbol>
      <symbol id="sm-63f">
         <name>_system_pre_init</name>
         <value>0x2147</value>
         <object_component_ref idref="oc-59"/>
      </symbol>
      <symbol id="sm-66c">
         <name>atanf</name>
         <value>0xe6d</value>
         <object_component_ref idref="oc-312"/>
      </symbol>
      <symbol id="sm-674">
         <name>main_func_sp</name>
         <value>0x20000178</value>
         <object_component_ref idref="oc-71"/>
      </symbol>
      <symbol id="sm-68d">
         <name>_nop</name>
         <value>0x208f</value>
         <object_component_ref idref="oc-14d"/>
      </symbol>
      <symbol id="sm-68e">
         <name>_lock</name>
         <value>0x20000170</value>
         <object_component_ref idref="oc-df"/>
      </symbol>
      <symbol id="sm-68f">
         <name>_unlock</name>
         <value>0x20000174</value>
         <object_component_ref idref="oc-df"/>
      </symbol>
      <symbol id="sm-690">
         <name>_register_lock</name>
         <value>0x2087</value>
         <object_component_ref idref="oc-14d"/>
      </symbol>
      <symbol id="sm-691">
         <name>_register_unlock</name>
         <value>0x2081</value>
         <object_component_ref idref="oc-14d"/>
      </symbol>
      <symbol id="sm-6a5">
         <name>_args_main</name>
         <value>0x1f6d</value>
         <object_component_ref idref="oc-65"/>
      </symbol>
      <symbol id="sm-6cf">
         <name>__TI_auto_init</name>
         <value>0x15ed</value>
         <object_component_ref idref="oc-5f"/>
      </symbol>
      <symbol id="sm-6e9">
         <name>copy_in</name>
         <value>0x1981</value>
         <object_component_ref idref="oc-c6"/>
      </symbol>
      <symbol id="sm-6f3">
         <name>_system_post_cinit</name>
         <value>0x14ff</value>
         <object_component_ref idref="oc-cc"/>
      </symbol>
      <symbol id="sm-6f4">
         <name>__TI_static_base__</name>
         <value>0x0</value>
      </symbol>
      <symbol id="sm-6f7">
         <name>SHT$$INIT_ARRAY$$Limit</name>
         <value>0x0</value>
      </symbol>
      <symbol id="sm-6f8">
         <name>SHT$$INIT_ARRAY$$Base</name>
         <value>0x0</value>
      </symbol>
      <symbol id="sm-6f9">
         <name>NMI_Handler</name>
         <value>0x7a3</value>
      </symbol>
      <symbol id="sm-6fa">
         <name>HardFault_Handler</name>
         <value>0x7a3</value>
      </symbol>
      <symbol id="sm-6fb">
         <name>MemManage_Handler</name>
         <value>0x7a3</value>
      </symbol>
      <symbol id="sm-6fc">
         <name>BusFault_Handler</name>
         <value>0x7a3</value>
      </symbol>
      <symbol id="sm-6fd">
         <name>UsageFault_Handler</name>
         <value>0x7a3</value>
      </symbol>
      <symbol id="sm-6fe">
         <name>SVC_Handler</name>
         <value>0x7a3</value>
      </symbol>
      <symbol id="sm-6ff">
         <name>DebugMon_Handler</name>
         <value>0x7a3</value>
      </symbol>
      <symbol id="sm-700">
         <name>PendSV_Handler</name>
         <value>0x7a3</value>
      </symbol>
      <symbol id="sm-701">
         <name>SysTick_Handler</name>
         <value>0x7a3</value>
      </symbol>
      <symbol id="sm-702">
         <name>PSS_IRQHandler</name>
         <value>0x7a3</value>
      </symbol>
      <symbol id="sm-703">
         <name>CS_IRQHandler</name>
         <value>0x7a3</value>
      </symbol>
      <symbol id="sm-704">
         <name>PCM_IRQHandler</name>
         <value>0x7a3</value>
      </symbol>
      <symbol id="sm-705">
         <name>WDT_A_IRQHandler</name>
         <value>0x7a3</value>
      </symbol>
      <symbol id="sm-706">
         <name>FPU_IRQHandler</name>
         <value>0x7a3</value>
      </symbol>
      <symbol id="sm-707">
         <name>FLCTL_IRQHandler</name>
         <value>0x7a3</value>
      </symbol>
      <symbol id="sm-708">
         <name>COMP_E0_IRQHandler</name>
         <value>0x7a3</value>
      </symbol>
      <symbol id="sm-709">
         <name>COMP_E1_IRQHandler</name>
         <value>0x7a3</value>
      </symbol>
      <symbol id="sm-70a">
         <name>TA0_0_IRQHandler</name>
         <value>0x7a3</value>
      </symbol>
      <symbol id="sm-70b">
         <name>TA0_N_IRQHandler</name>
         <value>0x7a3</value>
      </symbol>
      <symbol id="sm-70c">
         <name>TA1_0_IRQHandler</name>
         <value>0x7a3</value>
      </symbol>
      <symbol id="sm-70d">
         <name>TA1_N_IRQHandler</name>
         <value>0x7a3</value>
      </symbol>
      <symbol id="sm-70e">
         <name>TA2_0_IRQHandler</name>
         <value>0x7a3</value>
      </symbol>
      <symbol id="sm-70f">
         <name>TA2_N_IRQHandler</name>
         <value>0x7a3</value>
      </symbol>
      <symbol id="sm-710">
         <name>TA3_0_IRQHandler</name>
         <value>0x7a3</value>
      </symbol>
      <symbol id="sm-711">
         <name>TA3_N_IRQHandler</name>
         <value>0x7a3</value>
      </symbol>
      <symbol id="sm-712">
         <name>EUSCIA0_IRQHandler</name>
         <value>0x1a19</value>
      </symbol>
      <symbol id="sm-713">
         <name>EUSCIA1_IRQHandler</name>
         <value>0x7a3</value>
      </symbol>
      <symbol id="sm-714">
         <name>EUSCIA2_IRQHandler</name>
         <value>0x13f5</value>
      </symbol>
      <symbol id="sm-715">
         <name>EUSCIA3_IRQHandler</name>
         <value>0x7a3</value>
      </symbol>
      <symbol id="sm-716">
         <name>EUSCIB0_IRQHandler</name>
         <value>0x11e5</value>
      </symbol>
      <symbol id="sm-717">
         <name>EUSCIB1_IRQHandler</name>
         <value>0x7a3</value>
      </symbol>
      <symbol id="sm-718">
         <name>EUSCIB2_IRQHandler</name>
         <value>0x7a3</value>
      </symbol>
      <symbol id="sm-719">
         <name>EUSCIB3_IRQHandler</name>
         <value>0x7a3</value>
      </symbol>
      <symbol id="sm-71a">
         <name>ADC14_IRQHandler</name>
         <value>0x7a3</value>
      </symbol>
      <symbol id="sm-71b">
         <name>T32_INT1_IRQHandler</name>
         <value>0x1935</value>
      </symbol>
      <symbol id="sm-71c">
         <name>T32_INT2_IRQHandler</name>
         <value>0x7a3</value>
      </symbol>
      <symbol id="sm-71d">
         <name>T32_INTC_IRQHandler</name>
         <value>0x7a3</value>
      </symbol>
      <symbol id="sm-71e">
         <name>AES256_IRQHandler</name>
         <value>0x7a3</value>
      </symbol>
      <symbol id="sm-71f">
         <name>RTC_C_IRQHandler</name>
         <value>0x7a3</value>
      </symbol>
      <symbol id="sm-720">
         <name>DMA_ERR_IRQHandler</name>
         <value>0x7a3</value>
      </symbol>
      <symbol id="sm-721">
         <name>DMA_INT3_IRQHandler</name>
         <value>0x7a3</value>
      </symbol>
      <symbol id="sm-722">
         <name>DMA_INT2_IRQHandler</name>
         <value>0x7a3</value>
      </symbol>
      <symbol id="sm-723">
         <name>DMA_INT1_IRQHandler</name>
         <value>0x7a3</value>
      </symbol>
      <symbol id="sm-724">
         <name>DMA_INT0_IRQHandler</name>
         <value>0x7a3</value>
      </symbol>
      <symbol id="sm-725">
         <name>PORT1_IRQHandler</name>
         <value>0x1ec5</value>
      </symbol>
      <symbol id="sm-726">
         <name>PORT2_IRQHandler</name>
         <value>0x7a3</value>
      </symbol>
      <symbol id="sm-727">
         <name>PORT3_IRQHandler</name>
         <value>0x7a3</value>
      </symbol>
      <symbol id="sm-728">
         <name>PORT4_IRQHandler</name>
         <value>0x7a3</value>
      </symbol>
      <symbol id="sm-729">
         <name>PORT5_IRQHandler</name>
         <value>0x1c8d</value>
      </symbol>
      <symbol id="sm-72a">
         <name>PORT6_IRQHandler</name>
         <value>0x1cc1</value>
      </symbol>
   </symbol_table>
   <title>Link successful</title>
</link_info>
