<?xml version="1.0"?>
<link_info>
   <banner>TI ARM Linker PC v17.9.0.STS</banner>
   <copyright>Copyright (c) 1996-2017 Texas Instruments Incorporated</copyright>
   <link_time>0x5a8e204b</link_time>
   <link_errors>0x0</link_errors>
   <output_file>auto_balance.out</output_file>
   <entry_point>
      <name>_c_int00_noargs</name>
      <address>0x296d</address>
   </entry_point>
   <input_file_list>
      <input_file id="fl-2">
         <path>.\</path>
         <kind>object</kind>
         <file>main.obj</file>
         <name>main.obj</name>
      </input_file>
      <input_file id="fl-3">
         <path>.\</path>
         <kind>object</kind>
         <file>main_prog.obj</file>
         <name>main_prog.obj</name>
      </input_file>
      <input_file id="fl-4">
         <path>.\</path>
         <kind>object</kind>
         <file>motor.obj</file>
         <name>motor.obj</name>
      </input_file>
      <input_file id="fl-5">
         <path>.\</path>
         <kind>object</kind>
         <file>mpu_6050.obj</file>
         <name>mpu_6050.obj</name>
      </input_file>
      <input_file id="fl-6">
         <path>.\</path>
         <kind>object</kind>
         <file>system_msp432p401r.obj</file>
         <name>system_msp432p401r.obj</name>
      </input_file>
      <input_file id="fl-7">
         <path>.\</path>
         <kind>object</kind>
         <file>uart.obj</file>
         <name>uart.obj</name>
      </input_file>
      <input_file id="fl-8">
         <path>.\ccs\</path>
         <kind>object</kind>
         <file>startup_msp432p401r_ccs.obj</file>
         <name>startup_msp432p401r_ccs.obj</name>
      </input_file>
      <input_file id="fl-10">
         <kind>object</kind>
         <file>&lt;internal&gt;</file>
         <name>&lt;internal&gt;</name>
      </input_file>
      <input_file id="fl-11">
         <path>C:\ti\simplelink_msp432p4_sdk_1_60_00_12\source\ti\devices\msp432p4xx\driverlib\ccs\</path>
         <kind>archive</kind>
         <file>msp432p4xx_driverlib.lib</file>
         <name>cs_MSP432P4XX.obj</name>
      </input_file>
      <input_file id="fl-12">
         <path>C:\ti\simplelink_msp432p4_sdk_1_60_00_12\source\ti\devices\msp432p4xx\driverlib\ccs\</path>
         <kind>archive</kind>
         <file>msp432p4xx_driverlib.lib</file>
         <name>gpio_MSP432P4XX.obj</name>
      </input_file>
      <input_file id="fl-13">
         <path>C:\ti\simplelink_msp432p4_sdk_1_60_00_12\source\ti\devices\msp432p4xx\driverlib\ccs\</path>
         <kind>archive</kind>
         <file>msp432p4xx_driverlib.lib</file>
         <name>i2c_MSP432P4XX.obj</name>
      </input_file>
      <input_file id="fl-14">
         <path>C:\ti\simplelink_msp432p4_sdk_1_60_00_12\source\ti\devices\msp432p4xx\driverlib\ccs\</path>
         <kind>archive</kind>
         <file>msp432p4xx_driverlib.lib</file>
         <name>interrupt_MSP432P4XX.obj</name>
      </input_file>
      <input_file id="fl-15">
         <path>C:\ti\simplelink_msp432p4_sdk_1_60_00_12\source\ti\devices\msp432p4xx\driverlib\ccs\</path>
         <kind>archive</kind>
         <file>msp432p4xx_driverlib.lib</file>
         <name>sysctl_a_MSP432P4XX.obj</name>
      </input_file>
      <input_file id="fl-16">
         <path>C:\ti\simplelink_msp432p4_sdk_1_60_00_12\source\ti\devices\msp432p4xx\driverlib\ccs\</path>
         <kind>archive</kind>
         <file>msp432p4xx_driverlib.lib</file>
         <name>cpu_MSP432P4XX.obj</name>
      </input_file>
      <input_file id="fl-cc">
         <path>C:\ti\ccsv7\tools\compiler\ti-cgt-arm_17.9.0.STS\lib\</path>
         <kind>archive</kind>
         <file>rtsv7M4_T_le_v4SPD16_eabi.lib</file>
         <name>fs_tod_t2.obj</name>
      </input_file>
      <input_file id="fl-cd">
         <path>C:\ti\ccsv7\tools\compiler\ti-cgt-arm_17.9.0.STS\lib\</path>
         <kind>archive</kind>
         <file>rtsv7M4_T_le_v4SPD16_eabi.lib</file>
         <name>memcpy_t2.obj</name>
      </input_file>
      <input_file id="fl-ce">
         <path>C:\ti\ccsv7\tools\compiler\ti-cgt-arm_17.9.0.STS\lib\</path>
         <kind>archive</kind>
         <file>rtsv7M4_T_le_v4SPD16_eabi.lib</file>
         <name>u_divt2.obj</name>
      </input_file>
      <input_file id="fl-cf">
         <path>C:\ti\ccsv7\tools\compiler\ti-cgt-arm_17.9.0.STS\lib\</path>
         <kind>archive</kind>
         <file>rtsv7M4_T_le_v4SPD16_eabi.lib</file>
         <name>memset_t2.obj</name>
      </input_file>
      <input_file id="fl-d0">
         <path>C:\ti\ccsv7\tools\compiler\ti-cgt-arm_17.9.0.STS\lib\</path>
         <kind>archive</kind>
         <file>rtsv7M4_T_le_v4SPD16_eabi.lib</file>
         <name>copy_zero_init.obj</name>
      </input_file>
      <input_file id="fl-d1">
         <path>C:\ti\ccsv7\tools\compiler\ti-cgt-arm_17.9.0.STS\lib\</path>
         <kind>archive</kind>
         <file>rtsv7M4_T_le_v4SPD16_eabi.lib</file>
         <name>copy_decompress_none.obj</name>
      </input_file>
      <input_file id="fl-d2">
         <path>C:\ti\ccsv7\tools\compiler\ti-cgt-arm_17.9.0.STS\lib\</path>
         <kind>archive</kind>
         <file>rtsv7M4_T_le_v4SPD16_eabi.lib</file>
         <name>copy_decompress_lzss.obj</name>
      </input_file>
      <input_file id="fl-d3">
         <path>C:\ti\ccsv7\tools\compiler\ti-cgt-arm_17.9.0.STS\lib\</path>
         <kind>archive</kind>
         <file>rtsv7M4_T_le_v4SPD16_eabi.lib</file>
         <name>i_div0.obj</name>
      </input_file>
      <input_file id="fl-d4">
         <path>C:\ti\ccsv7\tools\compiler\ti-cgt-arm_17.9.0.STS\lib\</path>
         <kind>archive</kind>
         <file>rtsv7M4_T_le_v4SPD16_eabi.lib</file>
         <name>sprintf.obj</name>
      </input_file>
      <input_file id="fl-d5">
         <path>C:\ti\ccsv7\tools\compiler\ti-cgt-arm_17.9.0.STS\lib\</path>
         <kind>archive</kind>
         <file>rtsv7M4_T_le_v4SPD16_eabi.lib</file>
         <name>boot_cortex_m.obj</name>
      </input_file>
      <input_file id="fl-d6">
         <path>C:\ti\ccsv7\tools\compiler\ti-cgt-arm_17.9.0.STS\lib\</path>
         <kind>archive</kind>
         <file>rtsv7M4_T_le_v4SPD16_eabi.lib</file>
         <name>autoinit.obj</name>
      </input_file>
      <input_file id="fl-d7">
         <path>C:\ti\ccsv7\tools\compiler\ti-cgt-arm_17.9.0.STS\lib\</path>
         <kind>archive</kind>
         <file>rtsv7M4_T_le_v4SPD16_eabi.lib</file>
         <name>pre_init.obj</name>
      </input_file>
      <input_file id="fl-d8">
         <path>C:\ti\ccsv7\tools\compiler\ti-cgt-arm_17.9.0.STS\lib\</path>
         <kind>archive</kind>
         <file>rtsv7M4_T_le_v4SPD16_eabi.lib</file>
         <name>cpy_tbl.obj</name>
      </input_file>
      <input_file id="fl-d9">
         <path>C:\ti\ccsv7\tools\compiler\ti-cgt-arm_17.9.0.STS\lib\</path>
         <kind>archive</kind>
         <file>rtsv7M4_T_le_v4SPD16_eabi.lib</file>
         <name>exit.obj</name>
      </input_file>
      <input_file id="fl-da">
         <path>C:\ti\ccsv7\tools\compiler\ti-cgt-arm_17.9.0.STS\lib\</path>
         <kind>archive</kind>
         <file>rtsv7M4_T_le_v4SPD16_eabi.lib</file>
         <name>_lock.obj</name>
      </input_file>
      <input_file id="fl-db">
         <path>C:\ti\ccsv7\tools\compiler\ti-cgt-arm_17.9.0.STS\lib\</path>
         <kind>archive</kind>
         <file>rtsv7M4_T_le_v4SPD16_eabi.lib</file>
         <name>_printfi.obj</name>
      </input_file>
      <input_file id="fl-dc">
         <path>C:\ti\ccsv7\tools\compiler\ti-cgt-arm_17.9.0.STS\lib\</path>
         <kind>archive</kind>
         <file>rtsv7M4_T_le_v4SPD16_eabi.lib</file>
         <name>args_main.obj</name>
      </input_file>
      <input_file id="fl-dd">
         <path>C:\ti\ccsv7\tools\compiler\ti-cgt-arm_17.9.0.STS\lib\</path>
         <kind>archive</kind>
         <file>rtsv7M4_T_le_v4SPD16_eabi.lib</file>
         <name>atoi.obj</name>
      </input_file>
      <input_file id="fl-de">
         <path>C:\ti\ccsv7\tools\compiler\ti-cgt-arm_17.9.0.STS\lib\</path>
         <kind>archive</kind>
         <file>rtsv7M4_T_le_v4SPD16_eabi.lib</file>
         <name>ctype.obj</name>
      </input_file>
      <input_file id="fl-df">
         <path>C:\ti\ccsv7\tools\compiler\ti-cgt-arm_17.9.0.STS\lib\</path>
         <kind>archive</kind>
         <file>rtsv7M4_T_le_v4SPD16_eabi.lib</file>
         <name>ltoa.obj</name>
      </input_file>
      <input_file id="fl-e0">
         <path>C:\ti\ccsv7\tools\compiler\ti-cgt-arm_17.9.0.STS\lib\</path>
         <kind>archive</kind>
         <file>rtsv7M4_T_le_v4SPD16_eabi.lib</file>
         <name>memccpy.obj</name>
      </input_file>
      <input_file id="fl-e1">
         <path>C:\ti\ccsv7\tools\compiler\ti-cgt-arm_17.9.0.STS\lib\</path>
         <kind>archive</kind>
         <file>rtsv7M4_T_le_v4SPD16_eabi.lib</file>
         <name>strchr.obj</name>
      </input_file>
      <input_file id="fl-e2">
         <path>C:\ti\ccsv7\tools\compiler\ti-cgt-arm_17.9.0.STS\lib\</path>
         <kind>archive</kind>
         <file>rtsv7M4_T_le_v4SPD16_eabi.lib</file>
         <name>strlen.obj</name>
      </input_file>
      <input_file id="fl-e3">
         <path>C:\ti\ccsv7\tools\compiler\ti-cgt-arm_17.9.0.STS\lib\</path>
         <kind>archive</kind>
         <file>rtsv7M4_T_le_v4SPD16_eabi.lib</file>
         <name>s_frexp.obj</name>
      </input_file>
      <input_file id="fl-e4">
         <path>C:\ti\ccsv7\tools\compiler\ti-cgt-arm_17.9.0.STS\lib\</path>
         <kind>archive</kind>
         <file>rtsv7M4_T_le_v4SPD16_eabi.lib</file>
         <name>s_scalbn.obj</name>
      </input_file>
      <input_file id="fl-e5">
         <path>C:\ti\ccsv7\tools\compiler\ti-cgt-arm_17.9.0.STS\lib\</path>
         <kind>archive</kind>
         <file>rtsv7M4_T_le_v4SPD16_eabi.lib</file>
         <name>s_copysign.obj</name>
      </input_file>
      <input_file id="fl-e6">
         <path>C:\ti\ccsv7\tools\compiler\ti-cgt-arm_17.9.0.STS\lib\</path>
         <kind>archive</kind>
         <file>rtsv7M4_T_le_v4SPD16_eabi.lib</file>
         <name>fd_add_t2.obj</name>
      </input_file>
      <input_file id="fl-e7">
         <path>C:\ti\ccsv7\tools\compiler\ti-cgt-arm_17.9.0.STS\lib\</path>
         <kind>archive</kind>
         <file>rtsv7M4_T_le_v4SPD16_eabi.lib</file>
         <name>fd_cmp_t2.obj</name>
      </input_file>
      <input_file id="fl-e8">
         <path>C:\ti\ccsv7\tools\compiler\ti-cgt-arm_17.9.0.STS\lib\</path>
         <kind>archive</kind>
         <file>rtsv7M4_T_le_v4SPD16_eabi.lib</file>
         <name>fd_div_t2.obj</name>
      </input_file>
      <input_file id="fl-e9">
         <path>C:\ti\ccsv7\tools\compiler\ti-cgt-arm_17.9.0.STS\lib\</path>
         <kind>archive</kind>
         <file>rtsv7M4_T_le_v4SPD16_eabi.lib</file>
         <name>fd_mul_t2.obj</name>
      </input_file>
      <input_file id="fl-ea">
         <path>C:\ti\ccsv7\tools\compiler\ti-cgt-arm_17.9.0.STS\lib\</path>
         <kind>archive</kind>
         <file>rtsv7M4_T_le_v4SPD16_eabi.lib</file>
         <name>fd_toi_t2.obj</name>
      </input_file>
      <input_file id="fl-eb">
         <path>C:\ti\ccsv7\tools\compiler\ti-cgt-arm_17.9.0.STS\lib\</path>
         <kind>archive</kind>
         <file>rtsv7M4_T_le_v4SPD16_eabi.lib</file>
         <name>i_tofd_t2.obj</name>
      </input_file>
      <input_file id="fl-ec">
         <path>C:\ti\ccsv7\tools\compiler\ti-cgt-arm_17.9.0.STS\lib\</path>
         <kind>archive</kind>
         <file>rtsv7M4_T_le_v4SPD16_eabi.lib</file>
         <name>ull_div_t2.obj</name>
      </input_file>
      <input_file id="fl-ed">
         <path>C:\ti\ccsv7\tools\compiler\ti-cgt-arm_17.9.0.STS\lib\</path>
         <kind>archive</kind>
         <file>rtsv7M4_T_le_v4SPD16_eabi.lib</file>
         <name>errno.obj</name>
      </input_file>
   </input_file_list>
   <object_component_list>
      <object_component id="oc-23">
         <name>.intvecs:retain</name>
         <load_address>0x0</load_address>
         <run_address>0x0</run_address>
         <size>0xe4</size>
         <input_file_ref idref="fl-8"/>
      </object_component>
      <object_component id="oc-287">
         <name>.text</name>
         <load_address>0xe4</load_address>
         <run_address>0xe4</run_address>
         <size>0x11de</size>
         <input_file_ref idref="fl-db"/>
      </object_component>
      <object_component id="oc-6a">
         <name>.text:Default_Handler</name>
         <load_address>0x12c2</load_address>
         <run_address>0x12c2</run_address>
         <size>0x2</size>
         <input_file_ref idref="fl-8"/>
      </object_component>
      <object_component id="oc-102">
         <name>.text:loop</name>
         <load_address>0x12c4</load_address>
         <run_address>0x12c4</run_address>
         <size>0x258</size>
         <input_file_ref idref="fl-3"/>
      </object_component>
      <object_component id="oc-2ef">
         <name>.text</name>
         <load_address>0x151c</load_address>
         <run_address>0x151c</run_address>
         <size>0x1f4</size>
         <input_file_ref idref="fl-ec"/>
      </object_component>
      <object_component id="oc-31e">
         <name>.text</name>
         <load_address>0x1710</load_address>
         <run_address>0x1710</run_address>
         <size>0x1b6</size>
         <input_file_ref idref="fl-e6"/>
      </object_component>
      <object_component id="oc-35b">
         <name>.text</name>
         <load_address>0x18c6</load_address>
         <run_address>0x18c6</run_address>
         <size>0x2</size>
         <input_file_ref idref="fl-d3"/>
      </object_component>
      <object_component id="oc-17b">
         <name>.text:setup_pwm</name>
         <load_address>0x18c8</load_address>
         <run_address>0x18c8</run_address>
         <size>0x184</size>
         <input_file_ref idref="fl-4"/>
      </object_component>
      <object_component id="oc-1ac">
         <name>.text:request_mpu_data</name>
         <load_address>0x1a4c</load_address>
         <run_address>0x1a4c</run_address>
         <size>0x174</size>
         <input_file_ref idref="fl-5"/>
      </object_component>
      <object_component id="oc-304">
         <name>.text</name>
         <load_address>0x1bc0</load_address>
         <run_address>0x1bc0</run_address>
         <size>0x136</size>
         <input_file_ref idref="fl-e8"/>
      </object_component>
      <object_component id="oc-2ff">
         <name>.text</name>
         <load_address>0x1cf6</load_address>
         <run_address>0x1cf6</run_address>
         <size>0xfc</size>
         <input_file_ref idref="fl-e9"/>
      </object_component>
      <object_component id="oc-329">
         <name>.text</name>
         <load_address>0x1df4</load_address>
         <run_address>0x1df4</run_address>
         <size>0xf4</size>
         <input_file_ref idref="fl-e4"/>
      </object_component>
      <object_component id="oc-175">
         <name>.text:setup_ratio</name>
         <load_address>0x1ee8</load_address>
         <run_address>0x1ee8</run_address>
         <size>0xf0</size>
         <input_file_ref idref="fl-5"/>
      </object_component>
      <object_component id="oc-1c3">
         <name>.text:itoa</name>
         <load_address>0x1fd8</load_address>
         <run_address>0x1fd8</run_address>
         <size>0xd8</size>
         <input_file_ref idref="fl-3"/>
      </object_component>
      <object_component id="oc-76">
         <name>.text:EUSCIB0_IRQHandler</name>
         <load_address>0x20b0</load_address>
         <run_address>0x20b0</run_address>
         <size>0xc4</size>
         <input_file_ref idref="fl-5"/>
      </object_component>
      <object_component id="oc-34">
         <name>.text</name>
         <load_address>0x2174</load_address>
         <run_address>0x2174</run_address>
         <size>0x9c</size>
         <input_file_ref idref="fl-cd"/>
      </object_component>
      <object_component id="oc-2fa">
         <name>.text:__aeabi_cdcmple</name>
         <load_address>0x2210</load_address>
         <run_address>0x2210</run_address>
         <size>0x86</size>
         <input_file_ref idref="fl-e7"/>
      </object_component>
      <object_component id="oc-309">
         <name>.text:__aeabi_cdrcmple</name>
         <load_address>0x2296</load_address>
         <run_address>0x2296</run_address>
         <size>0x86</size>
         <input_file_ref idref="fl-e7"/>
      </object_component>
      <object_component id="oc-22c">
         <name>.text:i2c_read</name>
         <load_address>0x231c</load_address>
         <run_address>0x231c</run_address>
         <size>0x84</size>
         <input_file_ref idref="fl-5"/>
      </object_component>
      <object_component id="oc-a8">
         <name>.text</name>
         <load_address>0x23a0</load_address>
         <run_address>0x23a0</run_address>
         <size>0x7a</size>
         <input_file_ref idref="fl-cf"/>
      </object_component>
      <object_component id="oc-c6">
         <name>.text:SystemInit</name>
         <load_address>0x241c</load_address>
         <run_address>0x241c</run_address>
         <size>0x78</size>
         <input_file_ref idref="fl-6"/>
      </object_component>
      <object_component id="oc-169">
         <name>.text:setup_i2c</name>
         <load_address>0x2494</load_address>
         <run_address>0x2494</run_address>
         <size>0x74</size>
         <input_file_ref idref="fl-5"/>
      </object_component>
      <object_component id="oc-14">
         <name>.text:decompress:lzss</name>
         <load_address>0x2508</load_address>
         <run_address>0x2508</run_address>
         <size>0x68</size>
         <input_file_ref idref="fl-d2"/>
      </object_component>
      <object_component id="oc-323">
         <name>.text</name>
         <load_address>0x2570</load_address>
         <run_address>0x2570</run_address>
         <size>0x64</size>
         <input_file_ref idref="fl-e3"/>
      </object_component>
      <object_component id="oc-163">
         <name>.text:setup_uart</name>
         <load_address>0x25d4</load_address>
         <run_address>0x25d4</run_address>
         <size>0x64</size>
         <input_file_ref idref="fl-7"/>
      </object_component>
      <object_component id="oc-1b7">
         <name>.text</name>
         <load_address>0x2638</load_address>
         <run_address>0x2638</run_address>
         <size>0x60</size>
         <input_file_ref idref="fl-d4"/>
      </object_component>
      <object_component id="oc-313">
         <name>.text</name>
         <load_address>0x2698</load_address>
         <run_address>0x2698</run_address>
         <size>0x54</size>
         <input_file_ref idref="fl-df"/>
      </object_component>
      <object_component id="oc-1bd">
         <name>.text:send_string</name>
         <load_address>0x26ec</load_address>
         <run_address>0x26ec</run_address>
         <size>0x50</size>
         <input_file_ref idref="fl-7"/>
      </object_component>
      <object_component id="oc-7c">
         <name>.text:T32_INT1_IRQHandler</name>
         <load_address>0x273c</load_address>
         <run_address>0x273c</run_address>
         <size>0x4c</size>
         <input_file_ref idref="fl-4"/>
      </object_component>
      <object_component id="oc-335">
         <name>.text</name>
         <load_address>0x2788</load_address>
         <run_address>0x2788</run_address>
         <size>0x4c</size>
         <input_file_ref idref="fl-dd"/>
      </object_component>
      <object_component id="oc-16f">
         <name>.text:setup_mpu_6050</name>
         <load_address>0x27d4</load_address>
         <run_address>0x27d4</run_address>
         <size>0x4c</size>
         <input_file_ref idref="fl-5"/>
      </object_component>
      <object_component id="oc-30e">
         <name>.text</name>
         <load_address>0x2820</load_address>
         <run_address>0x2820</run_address>
         <size>0x48</size>
         <input_file_ref idref="fl-ea"/>
      </object_component>
      <object_component id="oc-115">
         <name>.text:__TI_auto_init_nobinit_nopinit</name>
         <load_address>0x2868</load_address>
         <run_address>0x2868</run_address>
         <size>0x44</size>
         <input_file_ref idref="fl-d6"/>
      </object_component>
      <object_component id="oc-70">
         <name>.text:EUSCIA0_IRQHandler</name>
         <load_address>0x28ac</load_address>
         <run_address>0x28ac</run_address>
         <size>0x40</size>
         <input_file_ref idref="fl-7"/>
      </object_component>
      <object_component id="oc-225">
         <name>.text:I2C_masterSendMultiByteStart</name>
         <load_address>0x28ec</load_address>
         <run_address>0x28ec</run_address>
         <size>0x40</size>
         <input_file_ref idref="fl-13"/>
      </object_component>
      <object_component id="oc-297">
         <name>.text</name>
         <load_address>0x292c</load_address>
         <run_address>0x292c</run_address>
         <size>0x40</size>
         <input_file_ref idref="fl-ce"/>
      </object_component>
      <object_component id="oc-52">
         <name>.text:_c_int00_noargs</name>
         <load_address>0x296c</load_address>
         <run_address>0x296c</run_address>
         <size>0x38</size>
         <input_file_ref idref="fl-d5"/>
      </object_component>
      <object_component id="oc-1b2">
         <name>.text</name>
         <load_address>0x29a4</load_address>
         <run_address>0x29a4</run_address>
         <size>0x38</size>
         <input_file_ref idref="fl-cc"/>
      </object_component>
      <object_component id="oc-82">
         <name>.text:PORT5_IRQHandler</name>
         <load_address>0x29dc</load_address>
         <run_address>0x29dc</run_address>
         <size>0x34</size>
         <input_file_ref idref="fl-4"/>
      </object_component>
      <object_component id="oc-88">
         <name>.text:PORT6_IRQHandler</name>
         <load_address>0x2a10</load_address>
         <run_address>0x2a10</run_address>
         <size>0x34</size>
         <input_file_ref idref="fl-4"/>
      </object_component>
      <object_component id="oc-25a">
         <name>.text:set_pwm_1_duty</name>
         <load_address>0x2a44</load_address>
         <run_address>0x2a44</run_address>
         <size>0x30</size>
         <input_file_ref idref="fl-4"/>
      </object_component>
      <object_component id="oc-260">
         <name>.text:set_pwm_2_duty</name>
         <load_address>0x2a74</load_address>
         <run_address>0x2a74</run_address>
         <size>0x30</size>
         <input_file_ref idref="fl-4"/>
      </object_component>
      <object_component id="oc-319">
         <name>.text</name>
         <load_address>0x2aa4</load_address>
         <run_address>0x2aa4</run_address>
         <size>0x2e</size>
         <input_file_ref idref="fl-eb"/>
      </object_component>
      <object_component id="oc-b4">
         <name>.text:main</name>
         <load_address>0x2ad4</load_address>
         <run_address>0x2ad4</run_address>
         <size>0x2c</size>
         <input_file_ref idref="fl-2"/>
      </object_component>
      <object_component id="oc-fc">
         <name>.text:setup</name>
         <load_address>0x2b00</load_address>
         <run_address>0x2b00</run_address>
         <size>0x28</size>
         <input_file_ref idref="fl-3"/>
      </object_component>
      <object_component id="oc-217">
         <name>.text:CS_setDCOCenteredFrequency</name>
         <load_address>0x2b28</load_address>
         <run_address>0x2b28</run_address>
         <size>0x24</size>
         <input_file_ref idref="fl-11"/>
      </object_component>
      <object_component id="oc-236">
         <name>.text:GPIO_setAsOutputPin</name>
         <load_address>0x2b4c</load_address>
         <run_address>0x2b4c</run_address>
         <size>0x24</size>
         <input_file_ref idref="fl-12"/>
      </object_component>
      <object_component id="oc-26e">
         <name>.text:set_motor_1_backward</name>
         <load_address>0x2b70</load_address>
         <run_address>0x2b70</run_address>
         <size>0x20</size>
         <input_file_ref idref="fl-4"/>
      </object_component>
      <object_component id="oc-187">
         <name>.text:set_motor_1_forward</name>
         <load_address>0x2b90</load_address>
         <run_address>0x2b90</run_address>
         <size>0x20</size>
         <input_file_ref idref="fl-4"/>
      </object_component>
      <object_component id="oc-275">
         <name>.text:set_motor_2_backward</name>
         <load_address>0x2bb0</load_address>
         <run_address>0x2bb0</run_address>
         <size>0x20</size>
         <input_file_ref idref="fl-4"/>
      </object_component>
      <object_component id="oc-18d">
         <name>.text:set_motor_2_forward</name>
         <load_address>0x2bd0</load_address>
         <run_address>0x2bd0</run_address>
         <size>0x20</size>
         <input_file_ref idref="fl-4"/>
      </object_component>
      <object_component id="oc-33b">
         <name>.text</name>
         <load_address>0x2bf0</load_address>
         <run_address>0x2bf0</run_address>
         <size>0x1c</size>
         <input_file_ref idref="fl-e0"/>
      </object_component>
      <object_component id="oc-249">
         <name>.text:GPIO_setOutputLowOnPin</name>
         <load_address>0x2c0c</load_address>
         <run_address>0x2c0c</run_address>
         <size>0x18</size>
         <input_file_ref idref="fl-12"/>
      </object_component>
      <object_component id="oc-1c9">
         <name>.text:get_motor_1_speed</name>
         <load_address>0x2c24</load_address>
         <run_address>0x2c24</run_address>
         <size>0x18</size>
         <input_file_ref idref="fl-4"/>
      </object_component>
      <object_component id="oc-1cf">
         <name>.text:get_motor_2_speed</name>
         <load_address>0x2c3c</load_address>
         <run_address>0x2c3c</run_address>
         <size>0x18</size>
         <input_file_ref idref="fl-4"/>
      </object_component>
      <object_component id="oc-1a0">
         <name>.text:set_motor_1_direction</name>
         <load_address>0x2c54</load_address>
         <run_address>0x2c54</run_address>
         <size>0x18</size>
         <input_file_ref idref="fl-4"/>
      </object_component>
      <object_component id="oc-1a6">
         <name>.text:set_motor_2_direction</name>
         <load_address>0x2c6c</load_address>
         <run_address>0x2c6c</run_address>
         <size>0x18</size>
         <input_file_ref idref="fl-4"/>
      </object_component>
      <object_component id="oc-19a">
         <name>.text:set_motor_run</name>
         <load_address>0x2c84</load_address>
         <run_address>0x2c84</run_address>
         <size>0x18</size>
         <input_file_ref idref="fl-4"/>
      </object_component>
      <object_component id="oc-32f">
         <name>.text</name>
         <load_address>0x2c9c</load_address>
         <run_address>0x2c9c</run_address>
         <size>0x16</size>
         <input_file_ref idref="fl-e1"/>
      </object_component>
      <object_component id="oc-250">
         <name>.text:GPIO_setOutputHighOnPin</name>
         <load_address>0x2cb4</load_address>
         <run_address>0x2cb4</run_address>
         <size>0x14</size>
         <input_file_ref idref="fl-12"/>
      </object_component>
      <object_component id="oc-e0">
         <name>.text:GPIO_toggleOutputOnPin</name>
         <load_address>0x2cc8</load_address>
         <run_address>0x2cc8</run_address>
         <size>0x14</size>
         <input_file_ref idref="fl-12"/>
      </object_component>
      <object_component id="oc-38a">
         <name>.text</name>
         <load_address>0x2cdc</load_address>
         <run_address>0x2cdc</run_address>
         <size>0x14</size>
         <input_file_ref idref="fl-e5"/>
      </object_component>
      <object_component id="oc-2f4">
         <name>.text</name>
         <load_address>0x2cf0</load_address>
         <run_address>0x2cf0</run_address>
         <size>0x14</size>
         <input_file_ref idref="fl-e2"/>
      </object_component>
      <object_component id="oc-194">
         <name>.text:set_pwm_duty</name>
         <load_address>0x2d04</load_address>
         <run_address>0x2d04</run_address>
         <size>0x14</size>
         <input_file_ref idref="fl-4"/>
      </object_component>
      <object_component id="oc-40">
         <name>.text:decompress:ZI:__TI_zero_init_nomemset</name>
         <load_address>0x2d18</load_address>
         <run_address>0x2d18</run_address>
         <size>0x12</size>
         <input_file_ref idref="fl-d0"/>
      </object_component>
      <object_component id="oc-1a">
         <name>.text:decompress:none</name>
         <load_address>0x2d2a</load_address>
         <run_address>0x2d2a</run_address>
         <size>0xe</size>
         <input_file_ref idref="fl-d1"/>
      </object_component>
      <object_component id="oc-64">
         <name>.text:Reset_Handler</name>
         <load_address>0x2d38</load_address>
         <run_address>0x2d38</run_address>
         <size>0xc</size>
         <input_file_ref idref="fl-8"/>
      </object_component>
      <object_component id="oc-267">
         <name>.text:start_motor</name>
         <load_address>0x2d44</load_address>
         <run_address>0x2d44</run_address>
         <size>0xc</size>
         <input_file_ref idref="fl-4"/>
      </object_component>
      <object_component id="oc-181">
         <name>.text:stop_motor</name>
         <load_address>0x2d50</load_address>
         <run_address>0x2d50</run_address>
         <size>0xc</size>
         <input_file_ref idref="fl-4"/>
      </object_component>
      <object_component id="oc-109">
         <name>.text:abort</name>
         <load_address>0x2d5c</load_address>
         <run_address>0x2d5c</run_address>
         <size>0x4</size>
         <input_file_ref idref="fl-d9"/>
      </object_component>
      <object_component id="oc-ae">
         <name>.text</name>
         <load_address>0x2d60</load_address>
         <run_address>0x2d60</run_address>
         <size>0x4</size>
         <input_file_ref idref="fl-d7"/>
      </object_component>
      <object_component id="oc-397">
         <name>.const:.string:_ctypes_</name>
         <load_address>0x2d64</load_address>
         <run_address>0x2d64</run_address>
         <size>0x101</size>
         <input_file_ref idref="fl-de"/>
      </object_component>
      <object_component id="oc-14d">
         <name>.const:GPIO_PORT_TO_BASE</name>
         <load_address>0x2e68</load_address>
         <run_address>0x2e68</run_address>
         <size>0x30</size>
         <input_file_ref idref="fl-12"/>
      </object_component>
      <object_component id="oc-21d">
         <name>.const:uartConfig</name>
         <load_address>0x2e98</load_address>
         <run_address>0x2e98</run_address>
         <size>0x24</size>
         <input_file_ref idref="fl-7"/>
      </object_component>
      <object_component id="oc-23f">
         <name>.const:upDownConfig</name>
         <load_address>0x2ebc</load_address>
         <run_address>0x2ebc</run_address>
         <size>0x18</size>
         <input_file_ref idref="fl-4"/>
      </object_component>
      <object_component id="oc-221">
         <name>.const:i2cConfig</name>
         <load_address>0x2ed4</load_address>
         <run_address>0x2ed4</run_address>
         <size>0x14</size>
         <input_file_ref idref="fl-5"/>
      </object_component>
      <object_component id="oc-29c">
         <name>.const:.string:$P$T0$1</name>
         <load_address>0x2ee8</load_address>
         <run_address>0x2ee8</run_address>
         <size>0x11</size>
         <input_file_ref idref="fl-3"/>
      </object_component>
      <object_component id="oc-27f">
         <name>.const:ACC_RATIO</name>
         <load_address>0x2efc</load_address>
         <run_address>0x2efc</run_address>
         <size>0x10</size>
         <input_file_ref idref="fl-5"/>
      </object_component>
      <object_component id="oc-282">
         <name>.const:GYR_RATIO</name>
         <load_address>0x2f0c</load_address>
         <run_address>0x2f0c</run_address>
         <size>0x10</size>
         <input_file_ref idref="fl-5"/>
      </object_component>
      <object_component id="oc-23c">
         <name>.const:.string:$P$T0$1</name>
         <load_address>0x2f1c</load_address>
         <run_address>0x2f1c</run_address>
         <size>0x8</size>
         <input_file_ref idref="fl-4"/>
      </object_component>
      <object_component id="oc-27c">
         <name>.const:.string:RegData</name>
         <load_address>0x2f24</load_address>
         <run_address>0x2f24</run_address>
         <size>0x7</size>
         <input_file_ref idref="fl-5"/>
      </object_component>
      <object_component id="oc-3eb">
         <name>.cinit..data.load</name>
         <load_address>0x2f30</load_address>
         <run_address>0x2f30</run_address>
         <size>0x19</size>
      </object_component>
      <object_component id="oc-3e9">
         <name>__TI_handler_table</name>
         <load_address>0x2f4c</load_address>
         <run_address>0x2f4c</run_address>
         <size>0xc</size>
      </object_component>
      <object_component id="oc-3ec">
         <name>.cinit..bss.load</name>
         <load_address>0x2f58</load_address>
         <run_address>0x2f58</run_address>
         <size>0x8</size>
      </object_component>
      <object_component id="oc-3ea">
         <name>__TI_cinit_table</name>
         <load_address>0x2f60</load_address>
         <run_address>0x2f60</run_address>
         <size>0x10</size>
      </object_component>
      <object_component id="oc-3be">
         <name>.binit</name>
         <load_address>0x0</load_address>
         <run_address>0x0</run_address>
         <size>0x0</size>
      </object_component>
      <object_component id="oc-1d5">
         <name>.data</name>
         <load_address>0x20000058</load_address>
         <run_address>0x20000058</run_address>
         <size>0x8</size>
         <input_file_ref idref="fl-3"/>
      </object_component>
      <object_component id="oc-242">
         <name>.data:compareConfig_PWM1</name>
         <load_address>0x20000038</load_address>
         <run_address>0x20000038</run_address>
         <size>0x10</size>
         <input_file_ref idref="fl-4"/>
      </object_component>
      <object_component id="oc-245">
         <name>.data:compareConfig_PWM2</name>
         <load_address>0x20000048</load_address>
         <run_address>0x20000048</run_address>
         <size>0x10</size>
         <input_file_ref idref="fl-4"/>
      </object_component>
      <object_component id="oc-232">
         <name>.data</name>
         <load_address>0x20000064</load_address>
         <run_address>0x20000064</run_address>
         <size>0x2</size>
         <input_file_ref idref="fl-5"/>
      </object_component>
      <object_component id="oc-390">
         <name>.data</name>
         <load_address>0x20000060</load_address>
         <run_address>0x20000060</run_address>
         <size>0x4</size>
         <input_file_ref idref="fl-ed"/>
      </object_component>
      <object_component id="oc-dc">
         <name>.bss:RXData</name>
         <uninitialized>true</uninitialized>
         <run_address>0x20000021</run_address>
         <size>0x4</size>
         <input_file_ref idref="fl-5"/>
      </object_component>
      <object_component id="oc-d9">
         <name>.bss</name>
         <uninitialized>true</uninitialized>
         <run_address>0x2000001c</run_address>
         <size>0x5</size>
         <input_file_ref idref="fl-5"/>
      </object_component>
      <object_component id="oc-1d8">
         <name>.common:mpu_data</name>
         <uninitialized>true</uninitialized>
         <run_address>0x20000000</run_address>
         <size>0x1c</size>
      </object_component>
      <object_component id="oc-e9">
         <name>.common:encoder_count_1</name>
         <uninitialized>true</uninitialized>
         <run_address>0x20000028</run_address>
         <size>0x4</size>
      </object_component>
      <object_component id="oc-eb">
         <name>.common:encoder_count_2</name>
         <uninitialized>true</uninitialized>
         <run_address>0x2000002c</run_address>
         <size>0x4</size>
      </object_component>
      <object_component id="oc-e6">
         <name>.common:motor_1_speed</name>
         <uninitialized>true</uninitialized>
         <run_address>0x20000030</run_address>
         <size>0x4</size>
      </object_component>
      <object_component id="oc-ea">
         <name>.common:motor_2_speed</name>
         <uninitialized>true</uninitialized>
         <run_address>0x20000034</run_address>
         <size>0x4</size>
      </object_component>
      <object_component id="oc-256">
         <name>.common:motor_1_direction</name>
         <uninitialized>true</uninitialized>
         <run_address>0x20000025</run_address>
         <size>0x1</size>
      </object_component>
      <object_component id="oc-258">
         <name>.common:motor_2_direction</name>
         <uninitialized>true</uninitialized>
         <run_address>0x20000026</run_address>
         <size>0x1</size>
      </object_component>
      <object_component id="oc-26">
         <name>.stack</name>
         <uninitialized>true</uninitialized>
         <run_address>0x2000fe00</run_address>
         <size>0x4</size>
         <input_file_ref idref="fl-d5"/>
      </object_component>
      <object_component id="oc-3ed">
         <name>.stack</name>
         <uninitialized>true</uninitialized>
         <run_address>0x2000fe00</run_address>
         <size>0x0</size>
      </object_component>
      <object_component id="oc-216">
         <name>.debug_info</name>
         <load_address>0x0</load_address>
         <run_address>0x0</run_address>
         <size>0x53d</size>
         <input_file_ref idref="fl-2"/>
      </object_component>
      <object_component id="oc-b5">
         <name>.debug_info</name>
         <load_address>0x53d</load_address>
         <run_address>0x53d</run_address>
         <size>0x117</size>
         <input_file_ref idref="fl-2"/>
      </object_component>
      <object_component id="oc-159">
         <name>.debug_info</name>
         <load_address>0x654</load_address>
         <run_address>0x654</run_address>
         <size>0x1055</size>
         <input_file_ref idref="fl-2"/>
      </object_component>
      <object_component id="oc-203">
         <name>.debug_info</name>
         <load_address>0x16a9</load_address>
         <run_address>0x16a9</run_address>
         <size>0x37e2</size>
         <input_file_ref idref="fl-2"/>
      </object_component>
      <object_component id="oc-1fe">
         <name>.debug_info</name>
         <load_address>0x4e8b</load_address>
         <run_address>0x4e8b</run_address>
         <size>0x9a</size>
         <input_file_ref idref="fl-2"/>
      </object_component>
      <object_component id="oc-15e">
         <name>.debug_info</name>
         <load_address>0x4f25</load_address>
         <run_address>0x4f25</run_address>
         <size>0x341</size>
         <input_file_ref idref="fl-2"/>
      </object_component>
      <object_component id="oc-d4">
         <name>.debug_info</name>
         <load_address>0x5266</load_address>
         <run_address>0x5266</run_address>
         <size>0x8b</size>
         <input_file_ref idref="fl-2"/>
      </object_component>
      <object_component id="oc-cf">
         <name>.debug_info</name>
         <load_address>0x52f1</load_address>
         <run_address>0x52f1</run_address>
         <size>0x18b</size>
         <input_file_ref idref="fl-2"/>
      </object_component>
      <object_component id="oc-356">
         <name>.debug_info</name>
         <load_address>0x547c</load_address>
         <run_address>0x547c</run_address>
         <size>0xee</size>
         <input_file_ref idref="fl-2"/>
      </object_component>
      <object_component id="oc-1d9">
         <name>.debug_info</name>
         <load_address>0x556a</load_address>
         <run_address>0x556a</run_address>
         <size>0x89a</size>
         <input_file_ref idref="fl-3"/>
      </object_component>
      <object_component id="oc-1d6">
         <name>.debug_info</name>
         <load_address>0x5e04</load_address>
         <run_address>0x5e04</run_address>
         <size>0xeb</size>
         <input_file_ref idref="fl-3"/>
      </object_component>
      <object_component id="oc-29d">
         <name>.debug_info</name>
         <load_address>0x5eef</load_address>
         <run_address>0x5eef</run_address>
         <size>0xcd</size>
         <input_file_ref idref="fl-3"/>
      </object_component>
      <object_component id="oc-fd">
         <name>.debug_info</name>
         <load_address>0x5fbc</load_address>
         <run_address>0x5fbc</run_address>
         <size>0x19b</size>
         <input_file_ref idref="fl-3"/>
      </object_component>
      <object_component id="oc-103">
         <name>.debug_info</name>
         <load_address>0x6157</load_address>
         <run_address>0x6157</run_address>
         <size>0x3e8</size>
         <input_file_ref idref="fl-3"/>
      </object_component>
      <object_component id="oc-1c4">
         <name>.debug_info</name>
         <load_address>0x653f</load_address>
         <run_address>0x653f</run_address>
         <size>0x1da</size>
         <input_file_ref idref="fl-3"/>
      </object_component>
      <object_component id="oc-154">
         <name>.debug_info</name>
         <load_address>0x6719</load_address>
         <run_address>0x6719</run_address>
         <size>0x37e2</size>
         <input_file_ref idref="fl-3"/>
      </object_component>
      <object_component id="oc-2a6">
         <name>.debug_info</name>
         <load_address>0x9efb</load_address>
         <run_address>0x9efb</run_address>
         <size>0xc8</size>
         <input_file_ref idref="fl-3"/>
      </object_component>
      <object_component id="oc-208">
         <name>.debug_info</name>
         <load_address>0x9fc3</load_address>
         <run_address>0x9fc3</run_address>
         <size>0x1eb</size>
         <input_file_ref idref="fl-3"/>
      </object_component>
      <object_component id="oc-28f">
         <name>.debug_info</name>
         <load_address>0xa1ae</load_address>
         <run_address>0xa1ae</run_address>
         <size>0x4e</size>
         <input_file_ref idref="fl-3"/>
      </object_component>
      <object_component id="oc-e7">
         <name>.debug_info</name>
         <load_address>0xa1fc</load_address>
         <run_address>0xa1fc</run_address>
         <size>0x759</size>
         <input_file_ref idref="fl-4"/>
      </object_component>
      <object_component id="oc-240">
         <name>.debug_info</name>
         <load_address>0xa955</load_address>
         <run_address>0xa955</run_address>
         <size>0xd4</size>
         <input_file_ref idref="fl-4"/>
      </object_component>
      <object_component id="oc-243">
         <name>.debug_info</name>
         <load_address>0xaa29</load_address>
         <run_address>0xaa29</run_address>
         <size>0xe0</size>
         <input_file_ref idref="fl-4"/>
      </object_component>
      <object_component id="oc-246">
         <name>.debug_info</name>
         <load_address>0xab09</load_address>
         <run_address>0xab09</run_address>
         <size>0xe0</size>
         <input_file_ref idref="fl-4"/>
      </object_component>
      <object_component id="oc-23d">
         <name>.debug_info</name>
         <load_address>0xabe9</load_address>
         <run_address>0xabe9</run_address>
         <size>0xc9</size>
         <input_file_ref idref="fl-4"/>
      </object_component>
      <object_component id="oc-17c">
         <name>.debug_info</name>
         <load_address>0xacb2</load_address>
         <run_address>0xacb2</run_address>
         <size>0x1d5</size>
         <input_file_ref idref="fl-4"/>
      </object_component>
      <object_component id="oc-25b">
         <name>.debug_info</name>
         <load_address>0xae87</load_address>
         <run_address>0xae87</run_address>
         <size>0x12e</size>
         <input_file_ref idref="fl-4"/>
      </object_component>
      <object_component id="oc-261">
         <name>.debug_info</name>
         <load_address>0xafb5</load_address>
         <run_address>0xafb5</run_address>
         <size>0x12e</size>
         <input_file_ref idref="fl-4"/>
      </object_component>
      <object_component id="oc-195">
         <name>.debug_info</name>
         <load_address>0xb0e3</load_address>
         <run_address>0xb0e3</run_address>
         <size>0x180</size>
         <input_file_ref idref="fl-4"/>
      </object_component>
      <object_component id="oc-268">
         <name>.debug_info</name>
         <load_address>0xb263</load_address>
         <run_address>0xb263</run_address>
         <size>0x11c</size>
         <input_file_ref idref="fl-4"/>
      </object_component>
      <object_component id="oc-182">
         <name>.debug_info</name>
         <load_address>0xb37f</load_address>
         <run_address>0xb37f</run_address>
         <size>0x119</size>
         <input_file_ref idref="fl-4"/>
      </object_component>
      <object_component id="oc-19b">
         <name>.debug_info</name>
         <load_address>0xb498</load_address>
         <run_address>0xb498</run_address>
         <size>0x144</size>
         <input_file_ref idref="fl-4"/>
      </object_component>
      <object_component id="oc-188">
         <name>.debug_info</name>
         <load_address>0xb5dc</load_address>
         <run_address>0xb5dc</run_address>
         <size>0x149</size>
         <input_file_ref idref="fl-4"/>
      </object_component>
      <object_component id="oc-26f">
         <name>.debug_info</name>
         <load_address>0xb725</load_address>
         <run_address>0xb725</run_address>
         <size>0x14b</size>
         <input_file_ref idref="fl-4"/>
      </object_component>
      <object_component id="oc-1a1">
         <name>.debug_info</name>
         <load_address>0xb870</load_address>
         <run_address>0xb870</run_address>
         <size>0x17e</size>
         <input_file_ref idref="fl-4"/>
      </object_component>
      <object_component id="oc-18e">
         <name>.debug_info</name>
         <load_address>0xb9ee</load_address>
         <run_address>0xb9ee</run_address>
         <size>0x149</size>
         <input_file_ref idref="fl-4"/>
      </object_component>
      <object_component id="oc-276">
         <name>.debug_info</name>
         <load_address>0xbb37</load_address>
         <run_address>0xbb37</run_address>
         <size>0x14b</size>
         <input_file_ref idref="fl-4"/>
      </object_component>
      <object_component id="oc-1a7">
         <name>.debug_info</name>
         <load_address>0xbc82</load_address>
         <run_address>0xbc82</run_address>
         <size>0x17e</size>
         <input_file_ref idref="fl-4"/>
      </object_component>
      <object_component id="oc-1ca">
         <name>.debug_info</name>
         <load_address>0xbe00</load_address>
         <run_address>0xbe00</run_address>
         <size>0x10e</size>
         <input_file_ref idref="fl-4"/>
      </object_component>
      <object_component id="oc-1d0">
         <name>.debug_info</name>
         <load_address>0xbf0e</load_address>
         <run_address>0xbf0e</run_address>
         <size>0x10e</size>
         <input_file_ref idref="fl-4"/>
      </object_component>
      <object_component id="oc-83">
         <name>.debug_info</name>
         <load_address>0xc01c</load_address>
         <run_address>0xc01c</run_address>
         <size>0x12c</size>
         <input_file_ref idref="fl-4"/>
      </object_component>
      <object_component id="oc-89">
         <name>.debug_info</name>
         <load_address>0xc148</load_address>
         <run_address>0xc148</run_address>
         <size>0x12d</size>
         <input_file_ref idref="fl-4"/>
      </object_component>
      <object_component id="oc-7d">
         <name>.debug_info</name>
         <load_address>0xc275</load_address>
         <run_address>0xc275</run_address>
         <size>0x135</size>
         <input_file_ref idref="fl-4"/>
      </object_component>
      <object_component id="oc-f3">
         <name>.debug_info</name>
         <load_address>0xc3aa</load_address>
         <run_address>0xc3aa</run_address>
         <size>0x2c</size>
         <input_file_ref idref="fl-4"/>
      </object_component>
      <object_component id="oc-14a">
         <name>.debug_info</name>
         <load_address>0xc3d6</load_address>
         <run_address>0xc3d6</run_address>
         <size>0x5f9</size>
         <input_file_ref idref="fl-5"/>
      </object_component>
      <object_component id="oc-27d">
         <name>.debug_info</name>
         <load_address>0xc9cf</load_address>
         <run_address>0xc9cf</run_address>
         <size>0xcd</size>
         <input_file_ref idref="fl-5"/>
      </object_component>
      <object_component id="oc-dd">
         <name>.debug_info</name>
         <load_address>0xca9c</load_address>
         <run_address>0xca9c</run_address>
         <size>0xca</size>
         <input_file_ref idref="fl-5"/>
      </object_component>
      <object_component id="oc-da">
         <name>.debug_info</name>
         <load_address>0xcb66</load_address>
         <run_address>0xcb66</run_address>
         <size>0xf4</size>
         <input_file_ref idref="fl-5"/>
      </object_component>
      <object_component id="oc-233">
         <name>.debug_info</name>
         <load_address>0xcc5a</load_address>
         <run_address>0xcc5a</run_address>
         <size>0xf2</size>
         <input_file_ref idref="fl-5"/>
      </object_component>
      <object_component id="oc-280">
         <name>.debug_info</name>
         <load_address>0xcd4c</load_address>
         <run_address>0xcd4c</run_address>
         <size>0xd1</size>
         <input_file_ref idref="fl-5"/>
      </object_component>
      <object_component id="oc-283">
         <name>.debug_info</name>
         <load_address>0xce1d</load_address>
         <run_address>0xce1d</run_address>
         <size>0xd1</size>
         <input_file_ref idref="fl-5"/>
      </object_component>
      <object_component id="oc-222">
         <name>.debug_info</name>
         <load_address>0xceee</load_address>
         <run_address>0xceee</run_address>
         <size>0xd1</size>
         <input_file_ref idref="fl-5"/>
      </object_component>
      <object_component id="oc-16a">
         <name>.debug_info</name>
         <load_address>0xcfbf</load_address>
         <run_address>0xcfbf</run_address>
         <size>0x133</size>
         <input_file_ref idref="fl-5"/>
      </object_component>
      <object_component id="oc-22d">
         <name>.debug_info</name>
         <load_address>0xd0f2</load_address>
         <run_address>0xd0f2</run_address>
         <size>0x17a</size>
         <input_file_ref idref="fl-5"/>
      </object_component>
      <object_component id="oc-170">
         <name>.debug_info</name>
         <load_address>0xd26c</load_address>
         <run_address>0xd26c</run_address>
         <size>0x14c</size>
         <input_file_ref idref="fl-5"/>
      </object_component>
      <object_component id="oc-176">
         <name>.debug_info</name>
         <load_address>0xd3b8</load_address>
         <run_address>0xd3b8</run_address>
         <size>0x239</size>
         <input_file_ref idref="fl-5"/>
      </object_component>
      <object_component id="oc-1ad">
         <name>.debug_info</name>
         <load_address>0xd5f1</load_address>
         <run_address>0xd5f1</run_address>
         <size>0x1cd</size>
         <input_file_ref idref="fl-5"/>
      </object_component>
      <object_component id="oc-77">
         <name>.debug_info</name>
         <load_address>0xd7be</load_address>
         <run_address>0xd7be</run_address>
         <size>0x16a</size>
         <input_file_ref idref="fl-5"/>
      </object_component>
      <object_component id="oc-c7">
         <name>.debug_info</name>
         <load_address>0xd928</load_address>
         <run_address>0xd928</run_address>
         <size>0x126</size>
         <input_file_ref idref="fl-6"/>
      </object_component>
      <object_component id="oc-2f">
         <name>.debug_info</name>
         <load_address>0xda4e</load_address>
         <run_address>0xda4e</run_address>
         <size>0x84</size>
         <input_file_ref idref="fl-6"/>
      </object_component>
      <object_component id="oc-295">
         <name>.debug_info</name>
         <load_address>0xdad2</load_address>
         <run_address>0xdad2</run_address>
         <size>0x5a2</size>
         <input_file_ref idref="fl-7"/>
      </object_component>
      <object_component id="oc-21e">
         <name>.debug_info</name>
         <load_address>0xe074</load_address>
         <run_address>0xe074</run_address>
         <size>0xcf</size>
         <input_file_ref idref="fl-7"/>
      </object_component>
      <object_component id="oc-164">
         <name>.debug_info</name>
         <load_address>0xe143</load_address>
         <run_address>0xe143</run_address>
         <size>0x13d</size>
         <input_file_ref idref="fl-7"/>
      </object_component>
      <object_component id="oc-1bf">
         <name>.debug_info</name>
         <load_address>0xe280</load_address>
         <run_address>0xe280</run_address>
         <size>0x178</size>
         <input_file_ref idref="fl-7"/>
      </object_component>
      <object_component id="oc-71">
         <name>.debug_info</name>
         <load_address>0xe3f8</load_address>
         <run_address>0xe3f8</run_address>
         <size>0x166</size>
         <input_file_ref idref="fl-7"/>
      </object_component>
      <object_component id="oc-90">
         <name>.debug_info</name>
         <load_address>0xe55e</load_address>
         <run_address>0xe55e</run_address>
         <size>0x2b4</size>
         <input_file_ref idref="fl-8"/>
      </object_component>
      <object_component id="oc-24">
         <name>.debug_info</name>
         <load_address>0xe812</load_address>
         <run_address>0xe812</run_address>
         <size>0xf2</size>
         <input_file_ref idref="fl-8"/>
      </object_component>
      <object_component id="oc-66">
         <name>.debug_info</name>
         <load_address>0xe904</load_address>
         <run_address>0xe904</run_address>
         <size>0x155</size>
         <input_file_ref idref="fl-8"/>
      </object_component>
      <object_component id="oc-6c">
         <name>.debug_info</name>
         <load_address>0xea59</load_address>
         <run_address>0xea59</run_address>
         <size>0x13d</size>
         <input_file_ref idref="fl-8"/>
      </object_component>
      <object_component id="oc-2cc">
         <name>.debug_info</name>
         <load_address>0xeb96</load_address>
         <run_address>0xeb96</run_address>
         <size>0x810</size>
         <input_file_ref idref="fl-11"/>
      </object_component>
      <object_component id="oc-219">
         <name>.debug_info</name>
         <load_address>0xf3a6</load_address>
         <run_address>0xf3a6</run_address>
         <size>0x1e1</size>
         <input_file_ref idref="fl-11"/>
      </object_component>
      <object_component id="oc-211">
         <name>.debug_info</name>
         <load_address>0xf587</load_address>
         <run_address>0xf587</run_address>
         <size>0x431a</size>
         <input_file_ref idref="fl-11"/>
      </object_component>
      <object_component id="oc-370">
         <name>.debug_info</name>
         <load_address>0x138a1</load_address>
         <run_address>0x138a1</run_address>
         <size>0x1b5</size>
         <input_file_ref idref="fl-11"/>
      </object_component>
      <object_component id="oc-151">
         <name>.debug_info</name>
         <load_address>0x13a56</load_address>
         <run_address>0x13a56</run_address>
         <size>0x6f5</size>
         <input_file_ref idref="fl-12"/>
      </object_component>
      <object_component id="oc-14e">
         <name>.debug_info</name>
         <load_address>0x1414b</load_address>
         <run_address>0x1414b</run_address>
         <size>0x131</size>
         <input_file_ref idref="fl-12"/>
      </object_component>
      <object_component id="oc-e2">
         <name>.debug_info</name>
         <load_address>0x1427c</load_address>
         <run_address>0x1427c</run_address>
         <size>0x232</size>
         <input_file_ref idref="fl-12"/>
      </object_component>
      <object_component id="oc-24b">
         <name>.debug_info</name>
         <load_address>0x144ae</load_address>
         <run_address>0x144ae</run_address>
         <size>0x232</size>
         <input_file_ref idref="fl-12"/>
      </object_component>
      <object_component id="oc-252">
         <name>.debug_info</name>
         <load_address>0x146e0</load_address>
         <run_address>0x146e0</run_address>
         <size>0x234</size>
         <input_file_ref idref="fl-12"/>
      </object_component>
      <object_component id="oc-238">
         <name>.debug_info</name>
         <load_address>0x14914</load_address>
         <run_address>0x14914</run_address>
         <size>0x22c</size>
         <input_file_ref idref="fl-12"/>
      </object_component>
      <object_component id="oc-2d5">
         <name>.debug_info</name>
         <load_address>0x14b40</load_address>
         <run_address>0x14b40</run_address>
         <size>0x6fd</size>
         <input_file_ref idref="fl-13"/>
      </object_component>
      <object_component id="oc-226">
         <name>.debug_info</name>
         <load_address>0x1523d</load_address>
         <run_address>0x1523d</run_address>
         <size>0x24b</size>
         <input_file_ref idref="fl-13"/>
      </object_component>
      <object_component id="oc-1b5">
         <name>.debug_info</name>
         <load_address>0x15488</load_address>
         <run_address>0x15488</run_address>
         <size>0x124</size>
         <input_file_ref idref="fl-cc"/>
      </object_component>
      <object_component id="oc-35">
         <name>.debug_info</name>
         <load_address>0x155ac</load_address>
         <run_address>0x155ac</run_address>
         <size>0x111</size>
         <input_file_ref idref="fl-cd"/>
      </object_component>
      <object_component id="oc-298">
         <name>.debug_info</name>
         <load_address>0x156bd</load_address>
         <run_address>0x156bd</run_address>
         <size>0x13a</size>
         <input_file_ref idref="fl-ce"/>
      </object_component>
      <object_component id="oc-a9">
         <name>.debug_info</name>
         <load_address>0x157f7</load_address>
         <run_address>0x157f7</run_address>
         <size>0x13f</size>
         <input_file_ref idref="fl-cf"/>
      </object_component>
      <object_component id="oc-a7">
         <name>.debug_info</name>
         <load_address>0x15936</load_address>
         <run_address>0x15936</run_address>
         <size>0x2c9</size>
         <input_file_ref idref="fl-d0"/>
      </object_component>
      <object_component id="oc-41">
         <name>.debug_info</name>
         <load_address>0x15bff</load_address>
         <run_address>0x15bff</run_address>
         <size>0x1b4</size>
         <input_file_ref idref="fl-d0"/>
      </object_component>
      <object_component id="oc-a2">
         <name>.debug_info</name>
         <load_address>0x15db3</load_address>
         <run_address>0x15db3</run_address>
         <size>0x46</size>
         <input_file_ref idref="fl-d0"/>
      </object_component>
      <object_component id="oc-3f">
         <name>.debug_info</name>
         <load_address>0x15df9</load_address>
         <run_address>0x15df9</run_address>
         <size>0x2e4</size>
         <input_file_ref idref="fl-d1"/>
      </object_component>
      <object_component id="oc-1c">
         <name>.debug_info</name>
         <load_address>0x160dd</load_address>
         <run_address>0x160dd</run_address>
         <size>0x1df</size>
         <input_file_ref idref="fl-d1"/>
      </object_component>
      <object_component id="oc-3a">
         <name>.debug_info</name>
         <load_address>0x162bc</load_address>
         <run_address>0x162bc</run_address>
         <size>0x46</size>
         <input_file_ref idref="fl-d1"/>
      </object_component>
      <object_component id="oc-9a">
         <name>.debug_info</name>
         <load_address>0x16302</load_address>
         <run_address>0x16302</run_address>
         <size>0x2c</size>
         <input_file_ref idref="fl-d1"/>
      </object_component>
      <object_component id="oc-98">
         <name>.debug_info</name>
         <load_address>0x1632e</load_address>
         <run_address>0x1632e</run_address>
         <size>0x293</size>
         <input_file_ref idref="fl-d2"/>
      </object_component>
      <object_component id="oc-16">
         <name>.debug_info</name>
         <load_address>0x165c1</load_address>
         <run_address>0x165c1</run_address>
         <size>0x245</size>
         <input_file_ref idref="fl-d2"/>
      </object_component>
      <object_component id="oc-2a">
         <name>.debug_info</name>
         <load_address>0x16806</load_address>
         <run_address>0x16806</run_address>
         <size>0x60</size>
         <input_file_ref idref="fl-d2"/>
      </object_component>
      <object_component id="oc-93">
         <name>.debug_info</name>
         <load_address>0x16866</load_address>
         <run_address>0x16866</run_address>
         <size>0x46</size>
         <input_file_ref idref="fl-d2"/>
      </object_component>
      <object_component id="oc-35f">
         <name>.debug_info</name>
         <load_address>0x168ac</load_address>
         <run_address>0x168ac</run_address>
         <size>0x147</size>
         <input_file_ref idref="fl-d3"/>
      </object_component>
      <object_component id="oc-28e">
         <name>.debug_info</name>
         <load_address>0x169f3</load_address>
         <run_address>0x169f3</run_address>
         <size>0x364</size>
         <input_file_ref idref="fl-d4"/>
      </object_component>
      <object_component id="oc-1ba">
         <name>.debug_info</name>
         <load_address>0x16d57</load_address>
         <run_address>0x16d57</run_address>
         <size>0x2e4</size>
         <input_file_ref idref="fl-d4"/>
      </object_component>
      <object_component id="oc-34d">
         <name>.debug_info</name>
         <load_address>0x1703b</load_address>
         <run_address>0x1703b</run_address>
         <size>0x2c</size>
         <input_file_ref idref="fl-d4"/>
      </object_component>
      <object_component id="oc-27">
         <name>.debug_info</name>
         <load_address>0x17067</load_address>
         <run_address>0x17067</run_address>
         <size>0x100</size>
         <input_file_ref idref="fl-d5"/>
      </object_component>
      <object_component id="oc-53">
         <name>.debug_info</name>
         <load_address>0x17167</load_address>
         <run_address>0x17167</run_address>
         <size>0x1a4</size>
         <input_file_ref idref="fl-d5"/>
      </object_component>
      <object_component id="oc-1e7">
         <name>.debug_info</name>
         <load_address>0x1730b</load_address>
         <run_address>0x1730b</run_address>
         <size>0x4a8</size>
         <input_file_ref idref="fl-d6"/>
      </object_component>
      <object_component id="oc-116">
         <name>.debug_info</name>
         <load_address>0x177b3</load_address>
         <run_address>0x177b3</run_address>
         <size>0x19b</size>
         <input_file_ref idref="fl-d6"/>
      </object_component>
      <object_component id="oc-2bb">
         <name>.debug_info</name>
         <load_address>0x1794e</load_address>
         <run_address>0x1794e</run_address>
         <size>0x39</size>
         <input_file_ref idref="fl-d6"/>
      </object_component>
      <object_component id="oc-2c0">
         <name>.debug_info</name>
         <load_address>0x17987</load_address>
         <run_address>0x17987</run_address>
         <size>0x39</size>
         <input_file_ref idref="fl-d6"/>
      </object_component>
      <object_component id="oc-2c5">
         <name>.debug_info</name>
         <load_address>0x179c0</load_address>
         <run_address>0x179c0</run_address>
         <size>0xcd</size>
         <input_file_ref idref="fl-d6"/>
      </object_component>
      <object_component id="oc-af">
         <name>.debug_info</name>
         <load_address>0x17a8d</load_address>
         <run_address>0x17a8d</run_address>
         <size>0x148</size>
         <input_file_ref idref="fl-d7"/>
      </object_component>
      <object_component id="oc-10a">
         <name>.debug_info</name>
         <load_address>0x17bd5</load_address>
         <run_address>0x17bd5</run_address>
         <size>0x117</size>
         <input_file_ref idref="fl-d9"/>
      </object_component>
      <object_component id="oc-342">
         <name>.debug_info</name>
         <load_address>0x17cec</load_address>
         <run_address>0x17cec</run_address>
         <size>0x583</size>
         <input_file_ref idref="fl-db"/>
      </object_component>
      <object_component id="oc-288">
         <name>.debug_info</name>
         <load_address>0x1826f</load_address>
         <run_address>0x1826f</run_address>
         <size>0x1549</size>
         <input_file_ref idref="fl-db"/>
      </object_component>
      <object_component id="oc-343">
         <name>.debug_info</name>
         <load_address>0x197b8</load_address>
         <run_address>0x197b8</run_address>
         <size>0x86</size>
         <input_file_ref idref="fl-db"/>
      </object_component>
      <object_component id="oc-348">
         <name>.debug_info</name>
         <load_address>0x1983e</load_address>
         <run_address>0x1983e</run_address>
         <size>0x53</size>
         <input_file_ref idref="fl-db"/>
      </object_component>
      <object_component id="oc-3a0">
         <name>.debug_info</name>
         <load_address>0x19891</load_address>
         <run_address>0x19891</run_address>
         <size>0x46</size>
         <input_file_ref idref="fl-db"/>
      </object_component>
      <object_component id="oc-39b">
         <name>.debug_info</name>
         <load_address>0x198d7</load_address>
         <run_address>0x198d7</run_address>
         <size>0x2ae</size>
         <input_file_ref idref="fl-dd"/>
      </object_component>
      <object_component id="oc-336">
         <name>.debug_info</name>
         <load_address>0x19b85</load_address>
         <run_address>0x19b85</run_address>
         <size>0x171</size>
         <input_file_ref idref="fl-dd"/>
      </object_component>
      <object_component id="oc-3b5">
         <name>.debug_info</name>
         <load_address>0x19cf6</load_address>
         <run_address>0x19cf6</run_address>
         <size>0xee</size>
         <input_file_ref idref="fl-de"/>
      </object_component>
      <object_component id="oc-398">
         <name>.debug_info</name>
         <load_address>0x19de4</load_address>
         <run_address>0x19de4</run_address>
         <size>0xfa</size>
         <input_file_ref idref="fl-de"/>
      </object_component>
      <object_component id="oc-380">
         <name>.debug_info</name>
         <load_address>0x19ede</load_address>
         <run_address>0x19ede</run_address>
         <size>0x31d</size>
         <input_file_ref idref="fl-df"/>
      </object_component>
      <object_component id="oc-316">
         <name>.debug_info</name>
         <load_address>0x1a1fb</load_address>
         <run_address>0x1a1fb</run_address>
         <size>0x1c2</size>
         <input_file_ref idref="fl-df"/>
      </object_component>
      <object_component id="oc-39d">
         <name>.debug_info</name>
         <load_address>0x1a3bd</load_address>
         <run_address>0x1a3bd</run_address>
         <size>0x28b</size>
         <input_file_ref idref="fl-e0"/>
      </object_component>
      <object_component id="oc-33c">
         <name>.debug_info</name>
         <load_address>0x1a648</load_address>
         <run_address>0x1a648</run_address>
         <size>0x1ab</size>
         <input_file_ref idref="fl-e0"/>
      </object_component>
      <object_component id="oc-396">
         <name>.debug_info</name>
         <load_address>0x1a7f3</load_address>
         <run_address>0x1a7f3</run_address>
         <size>0x28f</size>
         <input_file_ref idref="fl-e1"/>
      </object_component>
      <object_component id="oc-330">
         <name>.debug_info</name>
         <load_address>0x1aa82</load_address>
         <run_address>0x1aa82</run_address>
         <size>0x245</size>
         <input_file_ref idref="fl-e1"/>
      </object_component>
      <object_component id="oc-379">
         <name>.debug_info</name>
         <load_address>0x1acc7</load_address>
         <run_address>0x1acc7</run_address>
         <size>0x284</size>
         <input_file_ref idref="fl-e2"/>
      </object_component>
      <object_component id="oc-2f5">
         <name>.debug_info</name>
         <load_address>0x1af4b</load_address>
         <run_address>0x1af4b</run_address>
         <size>0x22a</size>
         <input_file_ref idref="fl-e2"/>
      </object_component>
      <object_component id="oc-384">
         <name>.debug_info</name>
         <load_address>0x1b175</load_address>
         <run_address>0x1b175</run_address>
         <size>0x2d9</size>
         <input_file_ref idref="fl-e3"/>
      </object_component>
      <object_component id="oc-324">
         <name>.debug_info</name>
         <load_address>0x1b44e</load_address>
         <run_address>0x1b44e</run_address>
         <size>0x18a</size>
         <input_file_ref idref="fl-e3"/>
      </object_component>
      <object_component id="oc-385">
         <name>.debug_info</name>
         <load_address>0x1b5d8</load_address>
         <run_address>0x1b5d8</run_address>
         <size>0x2c</size>
         <input_file_ref idref="fl-e3"/>
      </object_component>
      <object_component id="oc-394">
         <name>.debug_info</name>
         <load_address>0x1b604</load_address>
         <run_address>0x1b604</run_address>
         <size>0x316</size>
         <input_file_ref idref="fl-e4"/>
      </object_component>
      <object_component id="oc-32d">
         <name>.debug_info</name>
         <load_address>0x1b91a</load_address>
         <run_address>0x1b91a</run_address>
         <size>0x1c6</size>
         <input_file_ref idref="fl-e4"/>
      </object_component>
      <object_component id="oc-38c">
         <name>.debug_info</name>
         <load_address>0x1bae0</load_address>
         <run_address>0x1bae0</run_address>
         <size>0x156</size>
         <input_file_ref idref="fl-e5"/>
      </object_component>
      <object_component id="oc-31f">
         <name>.debug_info</name>
         <load_address>0x1bc36</load_address>
         <run_address>0x1bc36</run_address>
         <size>0x144</size>
         <input_file_ref idref="fl-e6"/>
      </object_component>
      <object_component id="oc-2fc">
         <name>.debug_info</name>
         <load_address>0x1bd7a</load_address>
         <run_address>0x1bd7a</run_address>
         <size>0x120</size>
         <input_file_ref idref="fl-e7"/>
      </object_component>
      <object_component id="oc-30b">
         <name>.debug_info</name>
         <load_address>0x1be9a</load_address>
         <run_address>0x1be9a</run_address>
         <size>0x122</size>
         <input_file_ref idref="fl-e7"/>
      </object_component>
      <object_component id="oc-306">
         <name>.debug_info</name>
         <load_address>0x1bfbc</load_address>
         <run_address>0x1bfbc</run_address>
         <size>0x132</size>
         <input_file_ref idref="fl-e8"/>
      </object_component>
      <object_component id="oc-300">
         <name>.debug_info</name>
         <load_address>0x1c0ee</load_address>
         <run_address>0x1c0ee</run_address>
         <size>0x132</size>
         <input_file_ref idref="fl-e9"/>
      </object_component>
      <object_component id="oc-311">
         <name>.debug_info</name>
         <load_address>0x1c220</load_address>
         <run_address>0x1c220</run_address>
         <size>0x126</size>
         <input_file_ref idref="fl-ea"/>
      </object_component>
      <object_component id="oc-31b">
         <name>.debug_info</name>
         <load_address>0x1c346</load_address>
         <run_address>0x1c346</run_address>
         <size>0x124</size>
         <input_file_ref idref="fl-eb"/>
      </object_component>
      <object_component id="oc-2f2">
         <name>.debug_info</name>
         <load_address>0x1c46a</load_address>
         <run_address>0x1c46a</run_address>
         <size>0x17d</size>
         <input_file_ref idref="fl-ec"/>
      </object_component>
      <object_component id="oc-391">
         <name>.debug_info</name>
         <load_address>0x1c5e7</load_address>
         <run_address>0x1c5e7</run_address>
         <size>0xf3</size>
         <input_file_ref idref="fl-ed"/>
      </object_component>
      <object_component id="oc-3ee">
         <name>.debug_info</name>
         <load_address>0x1c6da</load_address>
         <run_address>0x1c6da</run_address>
         <size>0x9d</size>
      </object_component>
      <object_component id="oc-2ce">
         <name>.debug_line</name>
         <load_address>0x0</load_address>
         <run_address>0x0</run_address>
         <size>0x32</size>
         <input_file_ref idref="fl-2"/>
      </object_component>
      <object_component id="oc-b8">
         <name>.debug_line</name>
         <load_address>0x32</load_address>
         <run_address>0x32</run_address>
         <size>0x4b</size>
         <input_file_ref idref="fl-2"/>
      </object_component>
      <object_component id="oc-15c">
         <name>.debug_line</name>
         <load_address>0x7d</load_address>
         <run_address>0x7d</run_address>
         <size>0x78</size>
         <input_file_ref idref="fl-2"/>
      </object_component>
      <object_component id="oc-206">
         <name>.debug_line</name>
         <load_address>0xf5</load_address>
         <run_address>0xf5</run_address>
         <size>0x7b</size>
         <input_file_ref idref="fl-2"/>
      </object_component>
      <object_component id="oc-201">
         <name>.debug_line</name>
         <load_address>0x170</load_address>
         <run_address>0x170</run_address>
         <size>0x79</size>
         <input_file_ref idref="fl-2"/>
      </object_component>
      <object_component id="oc-161">
         <name>.debug_line</name>
         <load_address>0x1e9</load_address>
         <run_address>0x1e9</run_address>
         <size>0x7d</size>
         <input_file_ref idref="fl-2"/>
      </object_component>
      <object_component id="oc-d7">
         <name>.debug_line</name>
         <load_address>0x266</load_address>
         <run_address>0x266</run_address>
         <size>0x20</size>
         <input_file_ref idref="fl-2"/>
      </object_component>
      <object_component id="oc-d2">
         <name>.debug_line</name>
         <load_address>0x286</load_address>
         <run_address>0x286</run_address>
         <size>0x65</size>
         <input_file_ref idref="fl-2"/>
      </object_component>
      <object_component id="oc-359">
         <name>.debug_line</name>
         <load_address>0x2eb</load_address>
         <run_address>0x2eb</run_address>
         <size>0x7a</size>
         <input_file_ref idref="fl-2"/>
      </object_component>
      <object_component id="oc-2a5">
         <name>.debug_line</name>
         <load_address>0x365</load_address>
         <run_address>0x365</run_address>
         <size>0xe7</size>
         <input_file_ref idref="fl-3"/>
      </object_component>
      <object_component id="oc-2a3">
         <name>.debug_line</name>
         <load_address>0x44c</load_address>
         <run_address>0x44c</run_address>
         <size>0x32</size>
         <input_file_ref idref="fl-3"/>
      </object_component>
      <object_component id="oc-363">
         <name>.debug_line</name>
         <load_address>0x47e</load_address>
         <run_address>0x47e</run_address>
         <size>0x32</size>
         <input_file_ref idref="fl-3"/>
      </object_component>
      <object_component id="oc-100">
         <name>.debug_line</name>
         <load_address>0x4b0</load_address>
         <run_address>0x4b0</run_address>
         <size>0x4e</size>
         <input_file_ref idref="fl-3"/>
      </object_component>
      <object_component id="oc-106">
         <name>.debug_line</name>
         <load_address>0x4fe</load_address>
         <run_address>0x4fe</run_address>
         <size>0x7d</size>
         <input_file_ref idref="fl-3"/>
      </object_component>
      <object_component id="oc-1c7">
         <name>.debug_line</name>
         <load_address>0x57b</load_address>
         <run_address>0x57b</run_address>
         <size>0x76</size>
         <input_file_ref idref="fl-3"/>
      </object_component>
      <object_component id="oc-157">
         <name>.debug_line</name>
         <load_address>0x5f1</load_address>
         <run_address>0x5f1</run_address>
         <size>0x7b</size>
         <input_file_ref idref="fl-3"/>
      </object_component>
      <object_component id="oc-2a9">
         <name>.debug_line</name>
         <load_address>0x66c</load_address>
         <run_address>0x66c</run_address>
         <size>0x64</size>
         <input_file_ref idref="fl-3"/>
      </object_component>
      <object_component id="oc-20b">
         <name>.debug_line</name>
         <load_address>0x6d0</load_address>
         <run_address>0x6d0</run_address>
         <size>0x31</size>
         <input_file_ref idref="fl-3"/>
      </object_component>
      <object_component id="oc-292">
         <name>.debug_line</name>
         <load_address>0x701</load_address>
         <run_address>0x701</run_address>
         <size>0x65</size>
         <input_file_ref idref="fl-3"/>
      </object_component>
      <object_component id="oc-153">
         <name>.debug_line</name>
         <load_address>0x766</load_address>
         <run_address>0x766</run_address>
         <size>0x88</size>
         <input_file_ref idref="fl-4"/>
      </object_component>
      <object_component id="oc-2dd">
         <name>.debug_line</name>
         <load_address>0x7ee</load_address>
         <run_address>0x7ee</run_address>
         <size>0x2e</size>
         <input_file_ref idref="fl-4"/>
      </object_component>
      <object_component id="oc-2df">
         <name>.debug_line</name>
         <load_address>0x81c</load_address>
         <run_address>0x81c</run_address>
         <size>0x2e</size>
         <input_file_ref idref="fl-4"/>
      </object_component>
      <object_component id="oc-2e1">
         <name>.debug_line</name>
         <load_address>0x84a</load_address>
         <run_address>0x84a</run_address>
         <size>0x2e</size>
         <input_file_ref idref="fl-4"/>
      </object_component>
      <object_component id="oc-2db">
         <name>.debug_line</name>
         <load_address>0x878</load_address>
         <run_address>0x878</run_address>
         <size>0x2e</size>
         <input_file_ref idref="fl-4"/>
      </object_component>
      <object_component id="oc-180">
         <name>.debug_line</name>
         <load_address>0x8a6</load_address>
         <run_address>0x8a6</run_address>
         <size>0x63</size>
         <input_file_ref idref="fl-4"/>
      </object_component>
      <object_component id="oc-25f">
         <name>.debug_line</name>
         <load_address>0x909</load_address>
         <run_address>0x909</run_address>
         <size>0x47</size>
         <input_file_ref idref="fl-4"/>
      </object_component>
      <object_component id="oc-265">
         <name>.debug_line</name>
         <load_address>0x950</load_address>
[...]
      </symbol>
      <symbol id="sm-1c0">
         <name>setup_pwm</name>
         <value>0x18c9</value>
         <object_component_ref idref="oc-17b"/>
      </symbol>
      <symbol id="sm-1c1">
         <name>compareConfig_PWM2</name>
         <value>0x20000048</value>
         <object_component_ref idref="oc-245"/>
      </symbol>
      <symbol id="sm-1c2">
         <name>compareConfig_PWM1</name>
         <value>0x20000038</value>
         <object_component_ref idref="oc-242"/>
      </symbol>
      <symbol id="sm-1c3">
         <name>set_pwm_duty</name>
         <value>0x2d05</value>
         <object_component_ref idref="oc-194"/>
      </symbol>
      <symbol id="sm-1c4">
         <name>set_pwm_2_duty</name>
         <value>0x2a75</value>
         <object_component_ref idref="oc-260"/>
      </symbol>
      <symbol id="sm-1c5">
         <name>set_pwm_1_duty</name>
         <value>0x2a45</value>
         <object_component_ref idref="oc-25a"/>
      </symbol>
      <symbol id="sm-1c6">
         <name>set_motor_2_forward</name>
         <value>0x2bd1</value>
         <object_component_ref idref="oc-18d"/>
      </symbol>
      <symbol id="sm-1c7">
         <name>get_motor_2_speed</name>
         <value>0x2c3d</value>
         <object_component_ref idref="oc-1cf"/>
      </symbol>
      <symbol id="sm-1c8">
         <name>upDownConfig</name>
         <value>0x2ebc</value>
         <object_component_ref idref="oc-23f"/>
      </symbol>
      <symbol id="sm-1c9">
         <name>PORT5_IRQHandler</name>
         <value>0x29dd</value>
         <object_component_ref idref="oc-82"/>
      </symbol>
      <symbol id="sm-1ca">
         <name>stop_motor</name>
         <value>0x2d51</value>
         <object_component_ref idref="oc-181"/>
      </symbol>
      <symbol id="sm-1cb">
         <name>PORT6_IRQHandler</name>
         <value>0x2a11</value>
         <object_component_ref idref="oc-88"/>
      </symbol>
      <symbol id="sm-1cc">
         <name>T32_INT1_IRQHandler</name>
         <value>0x273d</value>
         <object_component_ref idref="oc-7c"/>
      </symbol>
      <symbol id="sm-266">
         <name>ACC_RATIO</name>
         <value>0x2efc</value>
         <object_component_ref idref="oc-27f"/>
      </symbol>
      <symbol id="sm-267">
         <name>i2c_read</name>
         <value>0x231d</value>
         <object_component_ref idref="oc-22c"/>
      </symbol>
      <symbol id="sm-268">
         <name>EUSCIB0_IRQHandler</name>
         <value>0x20b1</value>
         <object_component_ref idref="oc-76"/>
      </symbol>
      <symbol id="sm-269">
         <name>GYR_RATIO</name>
         <value>0x2f0c</value>
         <object_component_ref idref="oc-282"/>
      </symbol>
      <symbol id="sm-26a">
         <name>setup_i2c</name>
         <value>0x2495</value>
         <object_component_ref idref="oc-169"/>
      </symbol>
      <symbol id="sm-26b">
         <name>request_mpu_data</name>
         <value>0x1a4d</value>
         <object_component_ref idref="oc-1ac"/>
      </symbol>
      <symbol id="sm-26c">
         <name>i2cConfig</name>
         <value>0x2ed4</value>
         <object_component_ref idref="oc-221"/>
      </symbol>
      <symbol id="sm-26d">
         <name>setup_mpu_6050</name>
         <value>0x27d5</value>
         <object_component_ref idref="oc-16f"/>
      </symbol>
      <symbol id="sm-26e">
         <name>RegData</name>
         <value>0x2f24</value>
         <object_component_ref idref="oc-27c"/>
      </symbol>
      <symbol id="sm-26f">
         <name>setup_ratio</name>
         <value>0x1ee9</value>
         <object_component_ref idref="oc-175"/>
      </symbol>
      <symbol id="sm-287">
         <name>SystemInit</name>
         <value>0x241d</value>
         <object_component_ref idref="oc-c6"/>
      </symbol>
      <symbol id="sm-2bb">
         <name>uartConfig</name>
         <value>0x2e98</value>
         <object_component_ref idref="oc-21d"/>
      </symbol>
      <symbol id="sm-2bc">
         <name>EUSCIA0_IRQHandler</name>
         <value>0x28ad</value>
         <object_component_ref idref="oc-70"/>
      </symbol>
      <symbol id="sm-2bd">
         <name>setup_uart</name>
         <value>0x25d5</value>
         <object_component_ref idref="oc-163"/>
      </symbol>
      <symbol id="sm-2be">
         <name>send_string</name>
         <value>0x26ed</value>
         <object_component_ref idref="oc-1bd"/>
      </symbol>
      <symbol id="sm-2da">
         <name>Reset_Handler</name>
         <value>0x2d39</value>
         <object_component_ref idref="oc-64"/>
      </symbol>
      <symbol id="sm-2db">
         <name>Default_Handler</name>
         <value>0x12c3</value>
         <object_component_ref idref="oc-6a"/>
      </symbol>
      <symbol id="sm-2dc">
         <name>interruptVectors</name>
         <value>0x0</value>
         <object_component_ref idref="oc-23"/>
      </symbol>
      <symbol id="sm-2f6">
         <name>CS_setDCOCenteredFrequency</name>
         <value>0x2b29</value>
         <object_component_ref idref="oc-217"/>
      </symbol>
      <symbol id="sm-32a">
         <name>GPIO_setOutputHighOnPin</name>
         <value>0x2cb5</value>
         <object_component_ref idref="oc-250"/>
      </symbol>
      <symbol id="sm-32b">
         <name>GPIO_setAsOutputPin</name>
         <value>0x2b4d</value>
         <object_component_ref idref="oc-236"/>
      </symbol>
      <symbol id="sm-32c">
         <name>GPIO_setOutputLowOnPin</name>
         <value>0x2c0d</value>
         <object_component_ref idref="oc-249"/>
      </symbol>
      <symbol id="sm-32d">
         <name>GPIO_toggleOutputOnPin</name>
         <value>0x2cc9</value>
         <object_component_ref idref="oc-e0"/>
      </symbol>
      <symbol id="sm-33d">
         <name>I2C_masterSendMultiByteStart</name>
         <value>0x28ed</value>
         <object_component_ref idref="oc-225"/>
      </symbol>
      <symbol id="sm-34b">
         <name>__aeabi_f2d</name>
         <value>0x29a5</value>
         <object_component_ref idref="oc-1b2"/>
      </symbol>
      <symbol id="sm-366">
         <name>memcpy</name>
         <value>0x2175</value>
         <object_component_ref idref="oc-34"/>
      </symbol>
      <symbol id="sm-367">
         <name>__aeabi_memcpy</name>
         <value>0x2175</value>
         <object_component_ref idref="oc-34"/>
      </symbol>
      <symbol id="sm-368">
         <name>__aeabi_memcpy8</name>
         <value>0x2175</value>
         <object_component_ref idref="oc-34"/>
      </symbol>
      <symbol id="sm-369">
         <name>__aeabi_memcpy4</name>
         <value>0x2175</value>
         <object_component_ref idref="oc-34"/>
      </symbol>
      <symbol id="sm-378">
         <name>__aeabi_uidivmod</name>
         <value>0x292d</value>
         <object_component_ref idref="oc-297"/>
      </symbol>
      <symbol id="sm-379">
         <name>__aeabi_uidiv</name>
         <value>0x292d</value>
         <object_component_ref idref="oc-297"/>
      </symbol>
      <symbol id="sm-388">
         <name>__aeabi_memset</name>
         <value>0x23a3</value>
         <object_component_ref idref="oc-a8"/>
      </symbol>
      <symbol id="sm-389">
         <name>memset</name>
         <value>0x23a9</value>
         <object_component_ref idref="oc-a8"/>
      </symbol>
      <symbol id="sm-38a">
         <name>__aeabi_memset8</name>
         <value>0x23a3</value>
         <object_component_ref idref="oc-a8"/>
      </symbol>
      <symbol id="sm-38b">
         <name>__aeabi_memset4</name>
         <value>0x23a3</value>
         <object_component_ref idref="oc-a8"/>
      </symbol>
      <symbol id="sm-38c">
         <name>__aeabi_memclr8</name>
         <value>0x23a1</value>
         <object_component_ref idref="oc-a8"/>
      </symbol>
      <symbol id="sm-38d">
         <name>__aeabi_memclr4</name>
         <value>0x23a1</value>
         <object_component_ref idref="oc-a8"/>
      </symbol>
      <symbol id="sm-38e">
         <name>__aeabi_memclr</name>
         <value>0x23a1</value>
         <object_component_ref idref="oc-a8"/>
      </symbol>
      <symbol id="sm-3a2">
         <name>__TI_zero_init_nomemset</name>
         <value>0x2d19</value>
         <object_component_ref idref="oc-40"/>
      </symbol>
      <symbol id="sm-3b9">
         <name>__TI_decompress_none</name>
         <value>0x2d2b</value>
         <object_component_ref idref="oc-1a"/>
      </symbol>
      <symbol id="sm-3d7">
         <name>__TI_decompress_lzss</name>
         <value>0x2509</value>
         <object_component_ref idref="oc-14"/>
      </symbol>
      <symbol id="sm-3e1">
         <name>__aeabi_idiv0</name>
         <value>0x18c7</value>
         <object_component_ref idref="oc-35b"/>
      </symbol>
      <symbol id="sm-3fa">
         <name>sprintf</name>
         <value>0x2639</value>
         <object_component_ref idref="oc-1b7"/>
      </symbol>
      <symbol id="sm-40d">
         <name>__stack</name>
         <value>0x2000fe00</value>
         <object_component_ref idref="oc-26"/>
      </symbol>
      <symbol id="sm-40e">
         <name>_c_int00_noargs</name>
         <value>0x296d</value>
         <object_component_ref idref="oc-52"/>
      </symbol>
      <symbol id="sm-431">
         <name>__TI_auto_init_nobinit_nopinit</name>
         <value>0x2869</value>
         <object_component_ref idref="oc-115"/>
      </symbol>
      <symbol id="sm-43b">
         <name>_system_pre_init</name>
         <value>0x2d61</value>
         <object_component_ref idref="oc-ae"/>
      </symbol>
      <symbol id="sm-447">
         <name>C$$EXIT</name>
         <value>0x2d5d</value>
         <object_component_ref idref="oc-109"/>
      </symbol>
      <symbol id="sm-448">
         <name>abort</name>
         <value>0x2d5d</value>
         <object_component_ref idref="oc-109"/>
      </symbol>
      <symbol id="sm-553">
         <name>__TI_printfi</name>
         <value>0x931</value>
         <object_component_ref idref="oc-287"/>
      </symbol>
      <symbol id="sm-56a">
         <name>atoi</name>
         <value>0x2789</value>
         <object_component_ref idref="oc-335"/>
      </symbol>
      <symbol id="sm-575">
         <name>_ctypes_</name>
         <value>0x2d64</value>
         <object_component_ref idref="oc-397"/>
      </symbol>
      <symbol id="sm-584">
         <name>ltoa</name>
         <value>0x2699</value>
         <object_component_ref idref="oc-313"/>
      </symbol>
      <symbol id="sm-594">
         <name>memccpy</name>
         <value>0x2bf1</value>
         <object_component_ref idref="oc-33b"/>
      </symbol>
      <symbol id="sm-5a4">
         <name>strchr</name>
         <value>0x2c9d</value>
         <object_component_ref idref="oc-32f"/>
      </symbol>
      <symbol id="sm-5b2">
         <name>strlen</name>
         <value>0x2cf1</value>
         <object_component_ref idref="oc-2f4"/>
      </symbol>
      <symbol id="sm-5cd">
         <name>frexpl</name>
         <value>0x2571</value>
         <object_component_ref idref="oc-323"/>
      </symbol>
      <symbol id="sm-5ce">
         <name>frexp</name>
         <value>0x2571</value>
         <object_component_ref idref="oc-323"/>
      </symbol>
      <symbol id="sm-5eb">
         <name>scalbn</name>
         <value>0x1df5</value>
         <object_component_ref idref="oc-329"/>
      </symbol>
      <symbol id="sm-5ec">
         <name>scalbnl</name>
         <value>0x1df5</value>
         <object_component_ref idref="oc-329"/>
      </symbol>
      <symbol id="sm-5ed">
         <name>ldexpl</name>
         <value>0x1df5</value>
         <object_component_ref idref="oc-329"/>
      </symbol>
      <symbol id="sm-5ee">
         <name>ldexp</name>
         <value>0x1df5</value>
         <object_component_ref idref="oc-329"/>
      </symbol>
      <symbol id="sm-5f8">
         <name>copysign</name>
         <value>0x2cdd</value>
         <object_component_ref idref="oc-38a"/>
      </symbol>
      <symbol id="sm-5f9">
         <name>copysignl</name>
         <value>0x2cdd</value>
         <object_component_ref idref="oc-38a"/>
      </symbol>
      <symbol id="sm-610">
         <name>__aeabi_dsub</name>
         <value>0x1711</value>
         <object_component_ref idref="oc-31e"/>
      </symbol>
      <symbol id="sm-611">
         <name>__aeabi_dadd</name>
         <value>0x171b</value>
         <object_component_ref idref="oc-31e"/>
      </symbol>
      <symbol id="sm-633">
         <name>__aeabi_cdcmpeq</name>
         <value>0x2211</value>
         <object_component_ref idref="oc-2fa"/>
      </symbol>
      <symbol id="sm-634">
         <name>__aeabi_cdcmple</name>
         <value>0x2211</value>
         <object_component_ref idref="oc-2fa"/>
      </symbol>
      <symbol id="sm-635">
         <name>__aeabi_cdrcmple</name>
         <value>0x2297</value>
         <object_component_ref idref="oc-309"/>
      </symbol>
      <symbol id="sm-649">
         <name>__aeabi_ddiv</name>
         <value>0x1bc1</value>
         <object_component_ref idref="oc-304"/>
      </symbol>
      <symbol id="sm-654">
         <name>__aeabi_dmul</name>
         <value>0x1cf7</value>
         <object_component_ref idref="oc-2ff"/>
      </symbol>
      <symbol id="sm-65e">
         <name>__aeabi_d2iz</name>
         <value>0x2821</value>
         <object_component_ref idref="oc-30e"/>
      </symbol>
      <symbol id="sm-668">
         <name>__aeabi_i2d</name>
         <value>0x2aa5</value>
         <object_component_ref idref="oc-319"/>
      </symbol>
      <symbol id="sm-684">
         <name>__aeabi_uldivmod</name>
         <value>0x151d</value>
         <object_component_ref idref="oc-2ef"/>
      </symbol>
      <symbol id="sm-68c">
         <name>errno</name>
         <value>0x20000060</value>
         <object_component_ref idref="oc-390"/>
      </symbol>
      <symbol id="sm-68d">
         <name>__TI_static_base__</name>
         <value>0x0</value>
      </symbol>
      <symbol id="sm-690">
         <name>__mpu_init</name>
         <value>0x0</value>
      </symbol>
      <symbol id="sm-691">
         <name>_system_post_cinit</name>
         <value>0x0</value>
      </symbol>
      <symbol id="sm-692">
         <name>NMI_Handler</name>
         <value>0x12c3</value>
      </symbol>
      <symbol id="sm-693">
         <name>HardFault_Handler</name>
         <value>0x12c3</value>
      </symbol>
      <symbol id="sm-694">
         <name>MemManage_Handler</name>
         <value>0x12c3</value>
      </symbol>
      <symbol id="sm-695">
         <name>BusFault_Handler</name>
         <value>0x12c3</value>
      </symbol>
      <symbol id="sm-696">
         <name>UsageFault_Handler</name>
         <value>0x12c3</value>
      </symbol>
      <symbol id="sm-697">
         <name>SVC_Handler</name>
         <value>0x12c3</value>
      </symbol>
      <symbol id="sm-698">
         <name>DebugMon_Handler</name>
         <value>0x12c3</value>
      </symbol>
      <symbol id="sm-699">
         <name>PendSV_Handler</name>
         <value>0x12c3</value>
      </symbol>
      <symbol id="sm-69a">
         <name>SysTick_Handler</name>
         <value>0x12c3</value>
      </symbol>
      <symbol id="sm-69b">
         <name>PSS_IRQHandler</name>
         <value>0x12c3</value>
      </symbol>
      <symbol id="sm-69c">
         <name>CS_IRQHandler</name>
         <value>0x12c3</value>
      </symbol>
      <symbol id="sm-69d">
         <name>PCM_IRQHandler</name>
         <value>0x12c3</value>
      </symbol>
      <symbol id="sm-69e">
         <name>WDT_A_IRQHandler</name>
         <value>0x12c3</value>
      </symbol>
      <symbol id="sm-69f">
         <name>FPU_IRQHandler</name>
         <value>0x12c3</value>
      </symbol>
      <symbol id="sm-6a0">
         <name>FLCTL_IRQHandler</name>
         <value>0x12c3</value>
      </symbol>
      <symbol id="sm-6a1">
         <name>COMP_E0_IRQHandler</name>
         <value>0x12c3</value>
      </symbol>
      <symbol id="sm-6a2">
         <name>COMP_E1_IRQHandler</name>
         <value>0x12c3</value>
      </symbol>
      <symbol id="sm-6a3">
         <name>TA0_0_IRQHandler</name>
         <value>0x12c3</value>
      </symbol>
      <symbol id="sm-6a4">
         <name>TA0_N_IRQHandler</name>
         <value>0x12c3</value>
      </symbol>
      <symbol id="sm-6a5">
         <name>TA1_0_IRQHandler</name>
         <value>0x12c3</value>
      </symbol>
      <symbol id="sm-6a6">
         <name>TA1_N_IRQHandler</name>
         <value>0x12c3</value>
      </symbol>
      <symbol id="sm-6a7">
         <name>TA2_0_IRQHandler</name>
         <value>0x12c3</value>
      </symbol>
      <symbol id="sm-6a8">
         <name>TA2_N_IRQHandler</name>
         <value>0x12c3</value>
      </symbol>
      <symbol id="sm-6a9">
         <name>TA3_0_IRQHandler</name>
         <value>0x12c3</value>
      </symbol>
      <symbol id="sm-6aa">
         <name>TA3_N_IRQHandler</name>
         <value>0x12c3</value>
      </symbol>
      <symbol id="sm-6ab">
         <name>EUSCIA0_IRQHandler</name>
         <value>0x28ad</value>
      </symbol>
      <symbol id="sm-6ac">
         <name>EUSCIA1_IRQHandler</name>
         <value>0x12c3</value>
      </symbol>
      <symbol id="sm-6ad">
         <name>EUSCIA2_IRQHandler</name>
         <value>0x12c3</value>
      </symbol>
      <symbol id="sm-6ae">
         <name>EUSCIA3_IRQHandler</name>
         <value>0x12c3</value>
      </symbol>
      <symbol id="sm-6af">
         <name>EUSCIB0_IRQHandler</name>
         <value>0x20b1</value>
      </symbol>
      <symbol id="sm-6b0">
         <name>EUSCIB1_IRQHandler</name>
         <value>0x12c3</value>
      </symbol>
      <symbol id="sm-6b1">
         <name>EUSCIB2_IRQHandler</name>
         <value>0x12c3</value>
      </symbol>
      <symbol id="sm-6b2">
         <name>EUSCIB3_IRQHandler</name>
         <value>0x12c3</value>
      </symbol>
      <symbol id="sm-6b3">
         <name>ADC14_IRQHandler</name>
         <value>0x12c3</value>
      </symbol>
      <symbol id="sm-6b4">
         <name>T32_INT1_IRQHandler</name>
         <value>0x273d</value>
      </symbol>
      <symbol id="sm-6b5">
         <name>T32_INT2_IRQHandler</name>
         <value>0x12c3</value>
      </symbol>
      <symbol id="sm-6b6">
         <name>T32_INTC_IRQHandler</name>
         <value>0x12c3</value>
      </symbol>
      <symbol id="sm-6b7">
         <name>AES256_IRQHandler</name>
         <value>0x12c3</value>
      </symbol>
      <symbol id="sm-6b8">
         <name>RTC_C_IRQHandler</name>
         <value>0x12c3</value>
      </symbol>
      <symbol id="sm-6b9">
         <name>DMA_ERR_IRQHandler</name>
         <value>0x12c3</value>
      </symbol>
      <symbol id="sm-6ba">
         <name>DMA_INT3_IRQHandler</name>
         <value>0x12c3</value>
      </symbol>
      <symbol id="sm-6bb">
         <name>DMA_INT2_IRQHandler</name>
         <value>0x12c3</value>
      </symbol>
      <symbol id="sm-6bc">
         <name>DMA_INT1_IRQHandler</name>
         <value>0x12c3</value>
      </symbol>
      <symbol id="sm-6bd">
         <name>DMA_INT0_IRQHandler</name>
         <value>0x12c3</value>
      </symbol>
      <symbol id="sm-6be">
         <name>PORT1_IRQHandler</name>
         <value>0x12c3</value>
      </symbol>
      <symbol id="sm-6bf">
         <name>PORT2_IRQHandler</name>
         <value>0x12c3</value>
      </symbol>
      <symbol id="sm-6c0">
         <name>PORT3_IRQHandler</name>
         <value>0x12c3</value>
      </symbol>
      <symbol id="sm-6c1">
         <name>PORT4_IRQHandler</name>
         <value>0x12c3</value>
      </symbol>
      <symbol id="sm-6c2">
         <name>PORT5_IRQHandler</name>
         <value>0x29dd</value>
      </symbol>
      <symbol id="sm-6c3">
         <name>PORT6_IRQHandler</name>
         <value>0x2a11</value>
      </symbol>
   </symbol_table>
   <title>Link successful</title>
</link_info>
