******************************************************************************
                  TI ARM Linker PC v17.9.0                     
******************************************************************************
>> Linked Thu Feb 22 09:43:39 2018

OUTPUT FILE NAME:   <auto_balance.out>
ENTRY POINT SYMBOL: "_c_int00_noargs"  address: 0000296d


MEMORY CONFIGURATION

         name            origin    length      used     unused   attr    fill
----------------------  --------  ---------  --------  --------  ----  --------
  MAIN                  00000000   00040000  00002f6b  0003d095  R  X
  INFO                  00200000   00004000  00000000  00004000  R  X
  SRAM_CODE             01000000   00010000  00000266  0000fd9a  RW X
  SRAM_DATA             20000000   00010000  00000266  0000fd9a  RW  


SEGMENT ALLOCATION MAP

run origin  load origin   length   init length attrs members
----------  ----------- ---------- ----------- ----- -------
00000000    00000000    00002f70   00002f70    r-x
  00000000    00000000    000000e4   000000e4    r-- .intvecs
  000000e4    000000e4    00002c80   00002c80    r-x .text
  00002d64    00002d64    000001c7   000001c7    r-- .const
  00002f30    00002f30    00000040   00000040    r-- .cinit
20000000    20000000    00000066   00000000    rw-
  20000000    20000000    00000038   00000000    rw- .bss
  20000038    20000038    0000002e   00000000    rw- .data
2000fe00    2000fe00    00000200   00000000    rw-
  2000fe00    2000fe00    00000200   00000000    rw- .stack


SECTION ALLOCATION MAP

 output                                  attributes/
section   page    origin      length       input sections
--------  ----  ----------  ----------   ----------------
.intvecs   0    00000000    000000e4     
                  00000000    000000e4     startup_msp432p401r_ccs.obj (.intvecs:retain)

.text      0    000000e4    00002c80     
                  000000e4    000011de     rtsv7M4_T_le_v4SPD16_eabi.lib : _printfi.obj (.text)
                  000012c2    00000002     startup_msp432p401r_ccs.obj (.text:Default_Handler)
                  000012c4    00000258     main_prog.obj (.text:loop)
                  0000151c    000001f4     rtsv7M4_T_le_v4SPD16_eabi.lib : ull_div_t2.obj (.text)
                  00001710    000001b6                                   : fd_add_t2.obj (.text)
                  000018c6    00000002                                   : i_div0.obj (.text)
                  000018c8    00000184     motor.obj (.text:setup_pwm)
                  00001a4c    00000174     mpu_6050.obj (.text:request_mpu_data)
                  00001bc0    00000136     rtsv7M4_T_le_v4SPD16_eabi.lib : fd_div_t2.obj (.text)
                  00001cf6    000000fc                                   : fd_mul_t2.obj (.text)
                  00001df2    00000002     --HOLE-- [fill = 0]
                  00001df4    000000f4                                   : s_scalbn.obj (.text)
                  00001ee8    000000f0     mpu_6050.obj (.text:setup_ratio)
                  00001fd8    000000d8     main_prog.obj (.text:itoa)
                  000020b0    000000c4     mpu_6050.obj (.text:EUSCIB0_IRQHandler)
                  00002174    0000009c     rtsv7M4_T_le_v4SPD16_eabi.lib : memcpy_t2.obj (.text)
                  00002210    00000086                                   : fd_cmp_t2.obj (.text:__aeabi_cdcmple)
                  00002296    00000086                                   : fd_cmp_t2.obj (.text:__aeabi_cdrcmple)
                  0000231c    00000084     mpu_6050.obj (.text:i2c_read)
                  000023a0    0000007a     rtsv7M4_T_le_v4SPD16_eabi.lib : memset_t2.obj (.text)
                  0000241a    00000002     --HOLE-- [fill = 0]
                  0000241c    00000078     system_msp432p401r.obj (.text:SystemInit)
                  00002494    00000074     mpu_6050.obj (.text:setup_i2c)
                  00002508    00000068     rtsv7M4_T_le_v4SPD16_eabi.lib : copy_decompress_lzss.obj (.text:decompress:lzss)
                  00002570    00000064                                   : s_frexp.obj (.text)
                  000025d4    00000064     uart.obj (.text:setup_uart)
                  00002638    00000060     rtsv7M4_T_le_v4SPD16_eabi.lib : sprintf.obj (.text)
                  00002698    00000054                                   : ltoa.obj (.text)
                  000026ec    00000050     uart.obj (.text:send_string)
                  0000273c    0000004c     motor.obj (.text:T32_INT1_IRQHandler)
                  00002788    0000004c     rtsv7M4_T_le_v4SPD16_eabi.lib : atoi.obj (.text)
                  000027d4    0000004c     mpu_6050.obj (.text:setup_mpu_6050)
                  00002820    00000048     rtsv7M4_T_le_v4SPD16_eabi.lib : fd_toi_t2.obj (.text)
                  00002868    00000044                                   : autoinit.obj (.text:__TI_auto_init_nobinit_nopinit)
                  000028ac    00000040     uart.obj (.text:EUSCIA0_IRQHandler)
                  000028ec    00000040     msp432p4xx_driverlib.lib : i2c_MSP432P4XX.obj (.text:I2C_masterSendMultiByteStart)
                  0000292c    00000040     rtsv7M4_T_le_v4SPD16_eabi.lib : u_divt2.obj (.text)
                  0000296c    00000038                                   : boot_cortex_m.obj (.text:_c_int00_noargs)
                  000029a4    00000038                                   : fs_tod_t2.obj (.text)
                  000029dc    00000034     motor.obj (.text:PORT5_IRQHandler)
                  00002a10    00000034     motor.obj (.text:PORT6_IRQHandler)
                  00002a44    00000030     motor.obj (.text:set_pwm_1_duty)
                  00002a74    00000030     motor.obj (.text:set_pwm_2_duty)
                  00002aa4    0000002e     rtsv7M4_T_le_v4SPD16_eabi.lib : i_tofd_t2.obj (.text)
                  00002ad2    00000002     --HOLE-- [fill = 0]
                  00002ad4    0000002c     main.obj (.text:main)
                  00002b00    00000028     main_prog.obj (.text:setup)
                  00002b28    00000024     msp432p4xx_driverlib.lib : cs_MSP432P4XX.obj (.text:CS_setDCOCenteredFrequency)
                  00002b4c    00000024                              : gpio_MSP432P4XX.obj (.text:GPIO_setAsOutputPin)
                  00002b70    00000020     motor.obj (.text:set_motor_1_backward)
                  00002b90    00000020     motor.obj (.text:set_motor_1_forward)
                  00002bb0    00000020     motor.obj (.text:set_motor_2_backward)
                  00002bd0    00000020     motor.obj (.text:set_motor_2_forward)
                  00002bf0    0000001c     rtsv7M4_T_le_v4SPD16_eabi.lib : memccpy.obj (.text)
                  00002c0c    00000018     msp432p4xx_driverlib.lib : gpio_MSP432P4XX.obj (.text:GPIO_setOutputLowOnPin)
                  00002c24    00000018     motor.obj (.text:get_motor_1_speed)
                  00002c3c    00000018     motor.obj (.text:get_motor_2_speed)
                  00002c54    00000018     motor.obj (.text:set_motor_1_direction)
                  00002c6c    00000018     motor.obj (.text:set_motor_2_direction)
                  00002c84    00000018     motor.obj (.text:set_motor_run)
                  00002c9c    00000016     rtsv7M4_T_le_v4SPD16_eabi.lib : strchr.obj (.text)
                  00002cb2    00000002     --HOLE-- [fill = 0]
                  00002cb4    00000014     msp432p4xx_driverlib.lib : gpio_MSP432P4XX.obj (.text:GPIO_setOutputHighOnPin)
                  00002cc8    00000014                              : gpio_MSP432P4XX.obj (.text:GPIO_toggleOutputOnPin)
                  00002cdc    00000014     rtsv7M4_T_le_v4SPD16_eabi.lib : s_copysign.obj (.text)
                  00002cf0    00000014                                   : strlen.obj (.text)
                  00002d04    00000014     motor.obj (.text:set_pwm_duty)
                  00002d18    00000012     rtsv7M4_T_le_v4SPD16_eabi.lib : copy_zero_init.obj (.text:decompress:ZI:__TI_zero_init_nomemset)
                  00002d2a    0000000e                                   : copy_decompress_none.obj (.text:decompress:none)
                  00002d38    0000000c     startup_msp432p401r_ccs.obj (.text:Reset_Handler)
                  00002d44    0000000c     motor.obj (.text:start_motor)
                  00002d50    0000000c     motor.obj (.text:stop_motor)
                  00002d5c    00000004     rtsv7M4_T_le_v4SPD16_eabi.lib : exit.obj (.text:abort)
                  00002d60    00000004                                   : pre_init.obj (.text)

.const     0    00002d64    000001c7     
                  00002d64    00000101     rtsv7M4_T_le_v4SPD16_eabi.lib : ctype.obj (.const:.string:_ctypes_)
                  00002e65    00000003     --HOLE-- [fill = 0]
                  00002e68    00000030     msp432p4xx_driverlib.lib : gpio_MSP432P4XX.obj (.const:GPIO_PORT_TO_BASE)
                  00002e98    00000024     uart.obj (.const:uartConfig)
                  00002ebc    00000018     motor.obj (.const:upDownConfig)
                  00002ed4    00000014     mpu_6050.obj (.const:i2cConfig)
                  00002ee8    00000011     main_prog.obj (.const:.string:$P$T0$1)
                  00002ef9    00000003     --HOLE-- [fill = 0]
                  00002efc    00000010     mpu_6050.obj (.const:ACC_RATIO)
                  00002f0c    00000010     mpu_6050.obj (.const:GYR_RATIO)
                  00002f1c    00000008     motor.obj (.const:.string:$P$T0$1)
                  00002f24    00000007     mpu_6050.obj (.const:.string:RegData)

.cinit     0    00002f30    00000040     
                  00002f30    00000019     (.cinit..data.load) [load image, compression = lzss]
                  00002f49    00000003     --HOLE-- [fill = 0]
                  00002f4c    0000000c     (__TI_handler_table)
                  00002f58    00000008     (.cinit..bss.load) [load image, compression = zero_init]
                  00002f60    00000010     (__TI_cinit_table)

.init_array 
*          0    00000000    00000000     UNINITIALIZED

.binit     0    00000000    00000000     

.bss       0    20000000    00000038     UNINITIALIZED
                  20000000    0000001c     (.common:mpu_data)
                  2000001c    00000005     mpu_6050.obj (.bss)
                  20000021    00000004     mpu_6050.obj (.bss:RXData)
                  20000025    00000001     (.common:motor_1_direction)
                  20000026    00000001     (.common:motor_2_direction)
                  20000027    00000001     --HOLE--
                  20000028    00000004     (.common:encoder_count_1)
                  2000002c    00000004     (.common:encoder_count_2)
                  20000030    00000004     (.common:motor_1_speed)
                  20000034    00000004     (.common:motor_2_speed)

.data      0    20000038    0000002e     UNINITIALIZED
                  20000038    00000010     motor.obj (.data:compareConfig_PWM1)
                  20000048    00000010     motor.obj (.data:compareConfig_PWM2)
                  20000058    00000008     main_prog.obj (.data)
                  20000060    00000004     rtsv7M4_T_le_v4SPD16_eabi.lib : errno.obj (.data)
                  20000064    00000002     mpu_6050.obj (.data)

.stack     0    2000fe00    00000200     UNINITIALIZED
                  2000fe00    00000004     rtsv7M4_T_le_v4SPD16_eabi.lib : boot_cortex_m.obj (.stack)
                  2000fe04    000001fc     --HOLE--

MODULE SUMMARY

       Module                        code    ro data   rw data
       ------                        ----    -------   -------
    .\
       mpu_6050.obj                  1132    59        22     
       motor.obj                     956     32        100    
       main_prog.obj                 856     17        72     
       uart.obj                      244     36        0      
       system_msp432p401r.obj        120     0         0      
       main.obj                      44      0         0      
    +--+-----------------------------+-------+---------+---------+
       Total:                        3352    144       194    
                                                              
    .\ccs\
       startup_msp432p401r_ccs.obj   14      228       0      
    +--+-----------------------------+-------+---------+---------+
       Total:                        14      228       0      
                                                              
    C:/ti/simplelink_msp432p4_sdk_1_60_00_12/source/ti/devices/msp432p4xx/driverlib/ccs/msp432p4xx_driverlib.lib
       gpio_MSP432P4XX.obj           100     48        0      
       i2c_MSP432P4XX.obj            64      0         0      
       cs_MSP432P4XX.obj             36      0         0      
    +--+-----------------------------+-------+---------+---------+
       Total:                        200     48        0      
                                                              
    C:\ti\ccsv7\tools\compiler\ti-cgt-arm_17.9.0.STS\lib\rtsv7M4_T_le_v4SPD16_eabi.lib
       _printfi.obj                  4574    0         0      
       ull_div_t2.obj                500     0         0      
       fd_add_t2.obj                 438     0         0      
       fd_div_t2.obj                 310     0         0      
       fd_cmp_t2.obj                 268     0         0      
       ctype.obj                     0       257       0      
       fd_mul_t2.obj                 252     0         0      
       s_scalbn.obj                  244     0         0      
       memcpy_t2.obj                 156     0         0      
       memset_t2.obj                 122     0         0      
       copy_decompress_lzss.obj      104     0         0      
       s_frexp.obj                   100     0         0      
       sprintf.obj                   96      0         0      
       ltoa.obj                      84      0         0      
       atoi.obj                      76      0         0      
       fd_toi_t2.obj                 72      0         0      
       autoinit.obj                  68      0         0      
       u_divt2.obj                   64      0         0      
       boot_cortex_m.obj             56      0         0      
       fs_tod_t2.obj                 56      0         0      
       i_tofd_t2.obj                 46      0         0      
       memccpy.obj                   28      0         0      
       strchr.obj                    22      0         0      
       s_copysign.obj                20      0         0      
       strlen.obj                    20      0         0      
       copy_zero_init.obj            18      0         0      
       copy_decompress_none.obj      14      0         0      
       errno.obj                     0       0         8      
       exit.obj                      4       0         0      
       pre_init.obj                  4       0         0      
       i_div0.obj                    2       0         0      
    +--+-----------------------------+-------+---------+---------+
       Total:                        7818    257       8      
                                                              
       Stack:                        0       0         1024   
       Linker Generated:             0       61        0      
    +--+-----------------------------+-------+---------+---------+
       Grand Total:                  11384   738       1226   


LINKER GENERATED COPY TABLES

__TI_cinit_table @ 00002f60 records: 2, size/record: 8, table size: 16
	.data: load addr=00002f30, load size=00000019 bytes, run addr=20000038, run size=0000002e bytes, compression=lzss
	.bss: load addr=00002f58, load size=00000008 bytes, run addr=20000000, run size=00000038 bytes, compression=zero_init


LINKER GENERATED HANDLER TABLE

__TI_handler_table @ 00002f4c records: 3, size/record: 4, table size: 12
	index: 0, handler: __TI_decompress_lzss
	index: 1, handler: __TI_decompress_none
	index: 2, handler: __TI_zero_init


GLOBAL SYMBOLS: SORTED ALPHABETICALLY BY Name 

address   name                          
-------   ----                          
00002efc  ACC_RATIO                     
000012c3  ADC14_IRQHandler              
000012c3  AES256_IRQHandler             
000012c3  BusFault_Handler              
00002d5d  C$$EXIT                       
000012c3  COMP_E0_IRQHandler            
000012c3  COMP_E1_IRQHandler            
000012c3  CS_IRQHandler                 
00002b29  CS_setDCOCenteredFrequency    
000012c3  DMA_ERR_IRQHandler            
000012c3  DMA_INT0_IRQHandler           
000012c3  DMA_INT1_IRQHandler           
000012c3  DMA_INT2_IRQHandler           
000012c3  DMA_INT3_IRQHandler           
000012c3  DebugMon_Handler              
000012c3  Default_Handler               
000028ad  EUSCIA0_IRQHandler            
000028ad  EUSCIA0_IRQHandler            
000012c3  EUSCIA1_IRQHandler            
000012c3  EUSCIA2_IRQHandler            
000012c3  EUSCIA3_IRQHandler            
000020b1  EUSCIB0_IRQHandler            
000020b1  EUSCIB0_IRQHandler            
000012c3  EUSCIB1_IRQHandler            
000012c3  EUSCIB2_IRQHandler            
000012c3  EUSCIB3_IRQHandler            
000012c3  FLCTL_IRQHandler              
000012c3  FPU_IRQHandler                
00002b4d  GPIO_setAsOutputPin           
00002cb5  GPIO_setOutputHighOnPin       
00002c0d  GPIO_setOutputLowOnPin        
00002cc9  GPIO_toggleOutputOnPin        
00002f0c  GYR_RATIO                     
000012c3  HardFault_Handler             
000028ed  I2C_masterSendMultiByteStart  
000012c3  MemManage_Handler             
000012c3  NMI_Handler                   
000012c3  PCM_IRQHandler                
000012c3  PORT1_IRQHandler              
000012c3  PORT2_IRQHandler              
000012c3  PORT3_IRQHandler              
000012c3  PORT4_IRQHandler              
000029dd  PORT5_IRQHandler              
000029dd  PORT5_IRQHandler              
00002a11  PORT6_IRQHandler              
00002a11  PORT6_IRQHandler              
000012c3  PSS_IRQHandler                
000012c3  PendSV_Handler                
000012c3  RTC_C_IRQHandler              
00002f24  RegData                       
00002d39  Reset_Handler                 
000012c3  SVC_Handler                   
000012c3  SysTick_Handler               
0000241d  SystemInit                    
0000273d  T32_INT1_IRQHandler           
0000273d  T32_INT1_IRQHandler           
000012c3  T32_INT2_IRQHandler           
000012c3  T32_INTC_IRQHandler           
000012c3  TA0_0_IRQHandler              
000012c3  TA0_N_IRQHandler              
000012c3  TA1_0_IRQHandler              
000012c3  TA1_N_IRQHandler              
000012c3  TA2_0_IRQHandler              
000012c3  TA2_N_IRQHandler              
000012c3  TA3_0_IRQHandler              
000012c3  TA3_N_IRQHandler              
000012c3  UsageFault_Handler            
4000480c  WDTCTL_SYM                    
000012c3  WDT_A_IRQHandler              
20010000  __STACK_END                   
00000200  __STACK_SIZE                  
00002f60  __TI_CINIT_Base               
00002f70  __TI_CINIT_Limit              
00002f4c  __TI_Handler_Table_Base       
00002f58  __TI_Handler_Table_Limit      
00002869  __TI_auto_init_nobinit_nopinit
00002509  __TI_decompress_lzss          
00002d2b  __TI_decompress_none          
ffffffff  __TI_pprof_out_hndl           
00000931  __TI_printfi                  
ffffffff  __TI_prof_data_size           
ffffffff  __TI_prof_data_start          
00000000  __TI_static_base__            
00002d19  __TI_zero_init_nomemset       
00002211  __aeabi_cdcmpeq               
00002211  __aeabi_cdcmple               
00002297  __aeabi_cdrcmple              
00002821  __aeabi_d2iz                  
0000171b  __aeabi_dadd                  
00001bc1  __aeabi_ddiv                  
00001cf7  __aeabi_dmul                  
00001711  __aeabi_dsub                  
000029a5  __aeabi_f2d                   
00002aa5  __aeabi_i2d                   
000018c7  __aeabi_idiv0                 
000023a1  __aeabi_memclr                
000023a1  __aeabi_memclr4               
000023a1  __aeabi_memclr8               
00002175  __aeabi_memcpy                
00002175  __aeabi_memcpy4               
00002175  __aeabi_memcpy8               
000023a3  __aeabi_memset                
000023a3  __aeabi_memset4               
000023a3  __aeabi_memset8               
0000292d  __aeabi_uidiv                 
0000292d  __aeabi_uidivmod              
0000151d  __aeabi_uldivmod              
ffffffff  __binit__                     
ffffffff  __c_args__                    
UNDEFED   __mpu_init                    
2000fe00  __stack                       
0000296d  _c_int00_noargs               
00002d64  _ctypes_                      
UNDEFED   _system_post_cinit            
00002d61  _system_pre_init              
00002d5d  abort                         
00002789  atoi                          
ffffffff  binit                         
20000038  compareConfig_PWM1            
20000048  compareConfig_PWM2            
00002cdd  copysign                      
00002cdd  copysignl                     
2000005c  direction                     
20000058  duty                          
20000028  encoder_count_1               
2000002c  encoder_count_2               
20000060  errno                         
00002571  frexp                         
00002571  frexpl                        
00002c25  get_motor_1_speed             
00002c3d  get_motor_2_speed             
00002ed4  i2cConfig                     
0000231d  i2c_read                      
00000000  interruptVectors              
00001fd9  itoa                          
00001df5  ldexp                         
00001df5  ldexpl                        
000012c5  loop                          
00002699  ltoa                          
00002ad5  main                          
00002bf1  memccpy                       
00002175  memcpy                        
000023a9  memset                        
20000025  motor_1_direction             
20000030  motor_1_speed                 
20000026  motor_2_direction             
20000034  motor_2_speed                 
20000000  mpu_data                      
00001a4d  request_mpu_data              
00001df5  scalbn                        
00001df5  scalbnl                       
000026ed  send_string                   
00002b71  set_motor_1_backward          
00002c55  set_motor_1_direction         
00002b91  set_motor_1_forward           
00002bb1  set_motor_2_backward          
00002c6d  set_motor_2_direction         
00002bd1  set_motor_2_forward           
00002c85  set_motor_run                 
00002a45  set_pwm_1_duty                
00002a75  set_pwm_2_duty                
00002d05  set_pwm_duty                  
00002b01  setup                         
00002495  setup_i2c                     
000027d5  setup_mpu_6050                
000018c9  setup_pwm                     
00001ee9  setup_ratio                   
000025d5  setup_uart                    
00002639  sprintf                       
00002d45  start_motor                   
00002d51  stop_motor                    
00002c9d  strchr                        
00002cf1  strlen                        
00002e98  uartConfig                    
00002ebc  upDownConfig                  


GLOBAL SYMBOLS: SORTED BY Symbol Address 

address   name                          
-------   ----                          
00000000  __TI_static_base__            
00000000  interruptVectors              
00000200  __STACK_SIZE                  
00000931  __TI_printfi                  
000012c3  ADC14_IRQHandler              
000012c3  AES256_IRQHandler             
000012c3  BusFault_Handler              
000012c3  COMP_E0_IRQHandler            
000012c3  COMP_E1_IRQHandler            
000012c3  CS_IRQHandler                 
000012c3  DMA_ERR_IRQHandler            
000012c3  DMA_INT0_IRQHandler           
000012c3  DMA_INT1_IRQHandler           
000012c3  DMA_INT2_IRQHandler           
000012c3  DMA_INT3_IRQHandler           
000012c3  DebugMon_Handler              
000012c3  Default_Handler               
000012c3  EUSCIA1_IRQHandler            
000012c3  EUSCIA2_IRQHandler            
000012c3  EUSCIA3_IRQHandler            
000012c3  EUSCIB1_IRQHandler            
000012c3  EUSCIB2_IRQHandler            
000012c3  EUSCIB3_IRQHandler            
000012c3  FLCTL_IRQHandler              
000012c3  FPU_IRQHandler                
000012c3  HardFault_Handler             
000012c3  MemManage_Handler             
000012c3  NMI_Handler                   
000012c3  PCM_IRQHandler                
000012c3  PORT1_IRQHandler              
000012c3  PORT2_IRQHandler              
000012c3  PORT3_IRQHandler              
000012c3  PORT4_IRQHandler              
000012c3  PSS_IRQHandler                
000012c3  PendSV_Handler                
000012c3  RTC_C_IRQHandler              
000012c3  SVC_Handler                   
000012c3  SysTick_Handler               
000012c3  T32_INT2_IRQHandler           
000012c3  T32_INTC_IRQHandler           
000012c3  TA0_0_IRQHandler              
000012c3  TA0_N_IRQHandler              
000012c3  TA1_0_IRQHandler              
000012c3  TA1_N_IRQHandler              
000012c3  TA2_0_IRQHandler              
000012c3  TA2_N_IRQHandler              
000012c3  TA3_0_IRQHandler              
000012c3  TA3_N_IRQHandler              
000012c3  UsageFault_Handler            
000012c3  WDT_A_IRQHandler              
000012c5  loop                          
0000151d  __aeabi_uldivmod              
00001711  __aeabi_dsub                  
0000171b  __aeabi_dadd                  
000018c7  __aeabi_idiv0                 
000018c9  setup_pwm                     
00001a4d  request_mpu_data              
00001bc1  __aeabi_ddiv                  
00001cf7  __aeabi_dmul                  
00001df5  ldexp                         
00001df5  ldexpl                        
00001df5  scalbn                        
00001df5  scalbnl                       
00001ee9  setup_ratio                   
00001fd9  itoa                          
000020b1  EUSCIB0_IRQHandler            
000020b1  EUSCIB0_IRQHandler            
00002175  __aeabi_memcpy                
00002175  __aeabi_memcpy4               
00002175  __aeabi_memcpy8               
00002175  memcpy                        
00002211  __aeabi_cdcmpeq               
00002211  __aeabi_cdcmple               
00002297  __aeabi_cdrcmple              
0000231d  i2c_read                      
000023a1  __aeabi_memclr                
000023a1  __aeabi_memclr4               
000023a1  __aeabi_memclr8               
000023a3  __aeabi_memset                
000023a3  __aeabi_memset4               
000023a3  __aeabi_memset8               
000023a9  memset                        
0000241d  SystemInit                    
00002495  setup_i2c                     
00002509  __TI_decompress_lzss          
00002571  frexp                         
00002571  frexpl                        
000025d5  setup_uart                    
00002639  sprintf                       
00002699  ltoa                          
000026ed  send_string                   
0000273d  T32_INT1_IRQHandler           
0000273d  T32_INT1_IRQHandler           
00002789  atoi                          
000027d5  setup_mpu_6050                
00002821  __aeabi_d2iz                  
00002869  __TI_auto_init_nobinit_nopinit
000028ad  EUSCIA0_IRQHandler            
000028ad  EUSCIA0_IRQHandler            
000028ed  I2C_masterSendMultiByteStart  
0000292d  __aeabi_uidiv                 
0000292d  __aeabi_uidivmod              
0000296d  _c_int00_noargs               
000029a5  __aeabi_f2d                   
000029dd  PORT5_IRQHandler              
000029dd  PORT5_IRQHandler              
00002a11  PORT6_IRQHandler              
00002a11  PORT6_IRQHandler              
00002a45  set_pwm_1_duty                
00002a75  set_pwm_2_duty                
00002aa5  __aeabi_i2d                   
00002ad5  main                          
00002b01  setup                         
00002b29  CS_setDCOCenteredFrequency    
00002b4d  GPIO_setAsOutputPin           
00002b71  set_motor_1_backward          
00002b91  set_motor_1_forward           
00002bb1  set_motor_2_backward          
00002bd1  set_motor_2_forward           
00002bf1  memccpy                       
00002c0d  GPIO_setOutputLowOnPin        
00002c25  get_motor_1_speed             
00002c3d  get_motor_2_speed             
00002c55  set_motor_1_direction         
00002c6d  set_motor_2_direction         
00002c85  set_motor_run                 
00002c9d  strchr                        
00002cb5  GPIO_setOutputHighOnPin       
00002cc9  GPIO_toggleOutputOnPin        
00002cdd  copysign                      
00002cdd  copysignl                     
00002cf1  strlen                        
00002d05  set_pwm_duty                  
00002d19  __TI_zero_init_nomemset       
00002d2b  __TI_decompress_none          
00002d39  Reset_Handler                 
00002d45  start_motor                   
00002d51  stop_motor                    
00002d5d  C$$EXIT                       
00002d5d  abort                         
00002d61  _system_pre_init              
00002d64  _ctypes_                      
00002e98  uartConfig                    
00002ebc  upDownConfig                  
00002ed4  i2cConfig                     
00002efc  ACC_RATIO                     
00002f0c  GYR_RATIO                     
00002f24  RegData                       
00002f4c  __TI_Handler_Table_Base       
00002f58  __TI_Handler_Table_Limit      
00002f60  __TI_CINIT_Base               
00002f70  __TI_CINIT_Limit              
20000000  mpu_data                      
20000025  motor_1_direction             
20000026  motor_2_direction             
20000028  encoder_count_1               
2000002c  encoder_count_2               
20000030  motor_1_speed                 
20000034  motor_2_speed                 
20000038  compareConfig_PWM1            
20000048  compareConfig_PWM2            
20000058  duty                          
2000005c  direction                     
20000060  errno                         
2000fe00  __stack                       
20010000  __STACK_END                   
4000480c  WDTCTL_SYM                    
ffffffff  __TI_pprof_out_hndl           
ffffffff  __TI_prof_data_size           
ffffffff  __TI_prof_data_start          
ffffffff  __binit__                     
ffffffff  __c_args__                    
ffffffff  binit                         
UNDEFED   __mpu_init                    
UNDEFED   _system_post_cinit            

[175 symbols]
