******************************************************************************
                  TI ARM Linker PC v17.9.0                     
******************************************************************************
>> Linked Sat Jan 13 12:27:57 2018

OUTPUT FILE NAME:   <i2c_master_rw_repeated_start-master_code_MSP_EXP432P401R_nortos_ccs.out>
ENTRY POINT SYMBOL: "_c_int00_noargs"  address: 00000c2d


MEMORY CONFIGURATION

         name            origin    length      used     unused   attr    fill
----------------------  --------  ---------  --------  --------  ----  --------
  MAIN                  00000000   00040000  0000103c  0003efc4  R  X
  INFO                  00200000   00004000  00000000  00004000  R  X
  SRAM_CODE             01000000   00010000  00000254  0000fdac  RW X
  SRAM_DATA             20000000   00010000  00000254  0000fdac  RW  


SEGMENT ALLOCATION MAP

run origin  load origin   length   init length attrs members
----------  ----------- ---------- ----------- ----- -------
00000000    00000000    00001040   00001040    r-x
  00000000    00000000    000000e4   000000e4    r-- .intvecs
  000000e4    000000e4    00000e76   00000e76    r-x .text
  00000f5c    00000f5c    000000a2   000000a2    r-- .const
  00001000    00001000    00000040   00000040    r-- .cinit
20000000    20000000    00000054   00000000    rw-
  20000000    20000000    0000002c   00000000    rw- .bss
  2000002c    2000002c    00000028   00000000    rw- .data
2000fe00    2000fe00    00000200   00000000    rw-
  2000fe00    2000fe00    00000200   00000000    rw- .stack


SECTION ALLOCATION MAP

 output                                  attributes/
section   page    origin      length       input sections
--------  ----  ----------  ----------   ----------------
.intvecs   0    00000000    000000e4     
                  00000000    000000e4     startup_msp432p401r_ccs.obj (.intvecs:retain)

.text      0    000000e4    00000e76     
                  000000e4    00000244     main_prog.obj (.text:loop)
                  00000328    00000184     motor.obj (.text:setup_pwm)
                  000004ac    0000011c     mpu_6050.obj (.text:request_raw_mpu_data)
                  000005c8    000000d8     main_prog.obj (.text:itoa)
                  000006a0    000000c4     mpu_6050.obj (.text:EUSCIB0_IRQHandler)
                  00000764    0000009c     rtsv7M4_T_le_v4SPD16_eabi.lib : memcpy_t2.obj (.text)
                  00000800    0000007a                                   : memset_t2.obj (.text)
                  0000087a    00000002     startup_msp432p401r_ccs.obj (.text:Default_Handler)
                  0000087c    00000078     system_msp432p401r.obj (.text:SystemInit)
                  000008f4    00000074     mpu_6050.obj (.text:setup_i2c)
                  00000968    00000068     rtsv7M4_T_le_v4SPD16_eabi.lib : copy_decompress_lzss.obj (.text:decompress:lzss)
                  000009d0    00000064     uart.obj (.text:setup_uart)
                  00000a34    00000058     mpu_6050.obj (.text:setup_mpu_6050)
                  00000a8c    00000050     uart.obj (.text:send_string)
                  00000adc    0000004c     motor.obj (.text:T32_INT1_IRQHandler)
                  00000b28    00000044     rtsv7M4_T_le_v4SPD16_eabi.lib : autoinit.obj (.text:__TI_auto_init_nobinit_nopinit)
                  00000b6c    00000040     uart.obj (.text:EUSCIA0_IRQHandler)
                  00000bac    00000040     msp432p4xx_driverlib.lib : i2c_MSP432P4XX.obj (.text:I2C_masterSendMultiByteStart)
                  00000bec    00000040     rtsv7M4_T_le_v4SPD16_eabi.lib : u_divt2.obj (.text)
                  00000c2c    00000038                                   : boot_cortex_m.obj (.text:_c_int00_noargs)
                  00000c64    00000034     motor.obj (.text:PORT5_IRQHandler)
                  00000c98    00000034     motor.obj (.text:PORT6_IRQHandler)
                  00000ccc    00000030     motor.obj (.text:set_pwm_1_duty)
                  00000cfc    00000030     motor.obj (.text:set_pwm_2_duty)
                  00000d2c    0000002c     i2c_master_rw_repeated_start-master_code.obj (.text:main)
                  00000d58    00000024     msp432p4xx_driverlib.lib : cs_MSP432P4XX.obj (.text:CS_setDCOCenteredFrequency)
                  00000d7c    00000024                              : gpio_MSP432P4XX.obj (.text:GPIO_setAsOutputPin)
                  00000da0    00000020     motor.obj (.text:set_motor_1_backward)
                  00000dc0    00000020     motor.obj (.text:set_motor_1_forward)
                  00000de0    00000020     motor.obj (.text:set_motor_2_backward)
                  00000e00    00000020     motor.obj (.text:set_motor_2_forward)
                  00000e20    00000020     main_prog.obj (.text:setup)
                  00000e40    00000018     msp432p4xx_driverlib.lib : gpio_MSP432P4XX.obj (.text:GPIO_setOutputLowOnPin)
                  00000e58    00000018     motor.obj (.text:get_motor_1_speed)
                  00000e70    00000018     motor.obj (.text:get_motor_2_speed)
                  00000e88    00000018     motor.obj (.text:set_motor_1_direction)
                  00000ea0    00000018     motor.obj (.text:set_motor_2_direction)
                  00000eb8    00000018     motor.obj (.text:set_motor_run)
                  00000ed0    00000014     msp432p4xx_driverlib.lib : gpio_MSP432P4XX.obj (.text:GPIO_setOutputHighOnPin)
                  00000ee4    00000014                              : gpio_MSP432P4XX.obj (.text:GPIO_toggleOutputOnPin)
                  00000ef8    00000014     motor.obj (.text:set_pwm_duty)
                  00000f0c    00000012     rtsv7M4_T_le_v4SPD16_eabi.lib : copy_zero_init.obj (.text:decompress:ZI:__TI_zero_init_nomemset)
                  00000f1e    0000000e                                   : copy_decompress_none.obj (.text:decompress:none)
                  00000f2c    0000000c     startup_msp432p401r_ccs.obj (.text:Reset_Handler)
                  00000f38    0000000c     motor.obj (.text:start_motor)
                  00000f44    0000000c     motor.obj (.text:stop_motor)
                  00000f50    00000004     rtsv7M4_T_le_v4SPD16_eabi.lib : exit.obj (.text:abort)
                  00000f54    00000004                                   : pre_init.obj (.text)
                  00000f58    00000002                                   : i_div0.obj (.text)

.const     0    00000f5c    000000a2     
                  00000f5c    00000030     msp432p4xx_driverlib.lib : gpio_MSP432P4XX.obj (.const:GPIO_PORT_TO_BASE)
                  00000f8c    00000024     uart.obj (.const:uartConfig)
                  00000fb0    00000018     motor.obj (.const:upDownConfig)
                  00000fc8    00000014     mpu_6050.obj (.const:i2cConfig)
                  00000fdc    00000011     main_prog.obj (.const:.string:$P$T0$1)
                  00000fed    00000008     motor.obj (.const:.string:$P$T0$1)
                  00000ff5    00000007     mpu_6050.obj (.const:.string:RegData)
                  00000ffc    00000002     mpu_6050.obj (.const:.string:TXData)

.cinit     0    00001000    00000040     
                  00001000    00000017     (.cinit..data.load) [load image, compression = lzss]
                  00001017    00000001     --HOLE-- [fill = 0]
                  00001018    0000000c     (__TI_handler_table)
                  00001024    00000004     --HOLE-- [fill = 0]
                  00001028    00000008     (.cinit..bss.load) [load image, compression = zero_init]
                  00001030    00000010     (__TI_cinit_table)

.init_array 
*          0    00000000    00000000     UNINITIALIZED

.binit     0    00000000    00000000     

.bss       0    20000000    0000002c     UNINITIALIZED
                  20000000    0000000e     (.common:mpu_data)
                  2000000e    00000001     (.common:motor_1_direction)
                  2000000f    00000001     (.common:motor_2_direction)
                  20000010    00000005     mpu_6050.obj (.bss)
                  20000015    00000004     mpu_6050.obj (.bss:RXData)
                  20000019    00000003     --HOLE--
                  2000001c    00000004     (.common:encoder_count_1)
                  20000020    00000004     (.common:encoder_count_2)
                  20000024    00000004     (.common:motor_1_speed)
                  20000028    00000004     (.common:motor_2_speed)

.data      0    2000002c    00000028     UNINITIALIZED
                  2000002c    00000010     motor.obj (.data:compareConfig_PWM1)
                  2000003c    00000010     motor.obj (.data:compareConfig_PWM2)
                  2000004c    00000008     main_prog.obj (.data)

.stack     0    2000fe00    00000200     UNINITIALIZED
                  2000fe00    00000004     rtsv7M4_T_le_v4SPD16_eabi.lib : boot_cortex_m.obj (.stack)
                  2000fe04    000001fc     --HOLE--

MODULE SUMMARY

       Module                                         code   ro data   rw data
       ------                                         ----   -------   -------
    .\
       motor.obj                                      956    32        100    
       main_prog.obj                                  828    17        44     
       mpu_6050.obj                                   684    29        18     
       uart.obj                                       244    36        0      
       system_msp432p401r.obj                         120    0         0      
       i2c_master_rw_repeated_start-master_code.obj   44     0         0      
    +--+----------------------------------------------+------+---------+---------+
       Total:                                         2876   114       162    
                                                                              
    .\ccs\
       startup_msp432p401r_ccs.obj                    14     228       0      
    +--+----------------------------------------------+------+---------+---------+
       Total:                                         14     228       0      
                                                                              
    C:/ti/simplelink_msp432p4_sdk_1_60_00_12/source/ti/devices/msp432p4xx/driverlib/ccs/msp432p4xx_driverlib.lib
       gpio_MSP432P4XX.obj                            100    48        0      
       i2c_MSP432P4XX.obj                             64     0         0      
       cs_MSP432P4XX.obj                              36     0         0      
    +--+----------------------------------------------+------+---------+---------+
       Total:                                         200    48        0      
                                                                              
    C:\ti\ccsv7\tools\compiler\ti-cgt-arm_17.9.0.STS\lib\rtsv7M4_T_le_v4SPD16_eabi.lib
       memcpy_t2.obj                                  156    0         0      
       memset_t2.obj                                  122    0         0      
       copy_decompress_lzss.obj                       104    0         0      
       autoinit.obj                                   68     0         0      
       u_divt2.obj                                    64     0         0      
       boot_cortex_m.obj                              56     0         0      
       copy_zero_init.obj                             18     0         0      
       copy_decompress_none.obj                       14     0         0      
       exit.obj                                       4      0         0      
       pre_init.obj                                   4      0         0      
       i_div0.obj                                     2      0         0      
    +--+----------------------------------------------+------+---------+---------+
       Total:                                         612    0         0      
                                                                              
       Stack:                                         0      0         1024   
       Linker Generated:                              0      59        0      
    +--+----------------------------------------------+------+---------+---------+
       Grand Total:                                   3702   449       1186   


LINKER GENERATED COPY TABLES

__TI_cinit_table @ 00001030 records: 2, size/record: 8, table size: 16
	.data: load addr=00001000, load size=00000017 bytes, run addr=2000002c, run size=00000028 bytes, compression=lzss
	.bss: load addr=00001028, load size=00000008 bytes, run addr=20000000, run size=0000002c bytes, compression=zero_init


LINKER GENERATED HANDLER TABLE

__TI_handler_table @ 00001018 records: 3, size/record: 4, table size: 12
	index: 0, handler: __TI_decompress_lzss
	index: 1, handler: __TI_decompress_none
	index: 2, handler: __TI_zero_init


GLOBAL SYMBOLS: SORTED ALPHABETICALLY BY Name 

address   name                          
-------   ----                          
0000087b  ADC14_IRQHandler              
0000087b  AES256_IRQHandler             
0000087b  BusFault_Handler              
00000f51  C$$EXIT                       
0000087b  COMP_E0_IRQHandler            
0000087b  COMP_E1_IRQHandler            
0000087b  CS_IRQHandler                 
00000d59  CS_setDCOCenteredFrequency    
0000087b  DMA_ERR_IRQHandler            
0000087b  DMA_INT0_IRQHandler           
0000087b  DMA_INT1_IRQHandler           
0000087b  DMA_INT2_IRQHandler           
0000087b  DMA_INT3_IRQHandler           
0000087b  DebugMon_Handler              
0000087b  Default_Handler               
00000b6d  EUSCIA0_IRQHandler            
00000b6d  EUSCIA0_IRQHandler            
0000087b  EUSCIA1_IRQHandler            
0000087b  EUSCIA2_IRQHandler            
0000087b  EUSCIA3_IRQHandler            
000006a1  EUSCIB0_IRQHandler            
000006a1  EUSCIB0_IRQHandler            
0000087b  EUSCIB1_IRQHandler            
0000087b  EUSCIB2_IRQHandler            
0000087b  EUSCIB3_IRQHandler            
0000087b  FLCTL_IRQHandler              
0000087b  FPU_IRQHandler                
00000d7d  GPIO_setAsOutputPin           
00000ed1  GPIO_setOutputHighOnPin       
00000e41  GPIO_setOutputLowOnPin        
00000ee5  GPIO_toggleOutputOnPin        
0000087b  HardFault_Handler             
00000bad  I2C_masterSendMultiByteStart  
0000087b  MemManage_Handler             
0000087b  NMI_Handler                   
0000087b  PCM_IRQHandler                
0000087b  PORT1_IRQHandler              
0000087b  PORT2_IRQHandler              
0000087b  PORT3_IRQHandler              
0000087b  PORT4_IRQHandler              
00000c65  PORT5_IRQHandler              
00000c65  PORT5_IRQHandler              
00000c99  PORT6_IRQHandler              
00000c99  PORT6_IRQHandler              
0000087b  PSS_IRQHandler                
0000087b  PendSV_Handler                
0000087b  RTC_C_IRQHandler              
00000ff5  RegData                       
00000f2d  Reset_Handler                 
0000087b  SVC_Handler                   
0000087b  SysTick_Handler               
0000087d  SystemInit                    
00000add  T32_INT1_IRQHandler           
00000add  T32_INT1_IRQHandler           
0000087b  T32_INT2_IRQHandler           
0000087b  T32_INTC_IRQHandler           
0000087b  TA0_0_IRQHandler              
0000087b  TA0_N_IRQHandler              
0000087b  TA1_0_IRQHandler              
0000087b  TA1_N_IRQHandler              
0000087b  TA2_0_IRQHandler              
0000087b  TA2_N_IRQHandler              
0000087b  TA3_0_IRQHandler              
0000087b  TA3_N_IRQHandler              
00000ffc  TXData                        
0000087b  UsageFault_Handler            
4000480c  WDTCTL_SYM                    
0000087b  WDT_A_IRQHandler              
20010000  __STACK_END                   
00000200  __STACK_SIZE                  
00001030  __TI_CINIT_Base               
00001040  __TI_CINIT_Limit              
00001018  __TI_Handler_Table_Base       
00001024  __TI_Handler_Table_Limit      
00000b29  __TI_auto_init_nobinit_nopinit
00000969  __TI_decompress_lzss          
00000f1f  __TI_decompress_none          
ffffffff  __TI_pprof_out_hndl           
ffffffff  __TI_prof_data_size           
ffffffff  __TI_prof_data_start          
00000000  __TI_static_base__            
00000f0d  __TI_zero_init_nomemset       
00000f59  __aeabi_idiv0                 
00000801  __aeabi_memclr                
00000801  __aeabi_memclr4               
00000801  __aeabi_memclr8               
00000765  __aeabi_memcpy                
00000765  __aeabi_memcpy4               
00000765  __aeabi_memcpy8               
00000803  __aeabi_memset                
00000803  __aeabi_memset4               
00000803  __aeabi_memset8               
00000bed  __aeabi_uidiv                 
00000bed  __aeabi_uidivmod              
ffffffff  __binit__                     
ffffffff  __c_args__                    
UNDEFED   __mpu_init                    
2000fe00  __stack                       
00000c2d  _c_int00_noargs               
UNDEFED   _system_post_cinit            
00000f55  _system_pre_init              
00000f51  abort                         
ffffffff  binit                         
2000002c  compareConfig_PWM1            
2000003c  compareConfig_PWM2            
20000050  direction                     
2000004c  duty                          
2000001c  encoder_count_1               
20000020  encoder_count_2               
00000e59  get_motor_1_speed             
00000e71  get_motor_2_speed             
00000fc8  i2cConfig                     
00000000  interruptVectors              
000005c9  itoa                          
000000e5  loop                          
00000d2d  main                          
00000765  memcpy                        
00000809  memset                        
2000000e  motor_1_direction             
20000024  motor_1_speed                 
2000000f  motor_2_direction             
20000028  motor_2_speed                 
20000000  mpu_data                      
000004ad  request_raw_mpu_data          
00000a8d  send_string                   
00000da1  set_motor_1_backward          
00000e89  set_motor_1_direction         
00000dc1  set_motor_1_forward           
00000de1  set_motor_2_backward          
00000ea1  set_motor_2_direction         
00000e01  set_motor_2_forward           
00000eb9  set_motor_run                 
00000ccd  set_pwm_1_duty                
00000cfd  set_pwm_2_duty                
00000ef9  set_pwm_duty                  
00000e21  setup                         
000008f5  setup_i2c                     
00000a35  setup_mpu_6050                
00000329  setup_pwm                     
000009d1  setup_uart                    
00000f39  start_motor                   
00000f45  stop_motor                    
00000f8c  uartConfig                    
00000fb0  upDownConfig                  


GLOBAL SYMBOLS: SORTED BY Symbol Address 

address   name                          
-------   ----                          
00000000  __TI_static_base__            
00000000  interruptVectors              
000000e5  loop                          
00000200  __STACK_SIZE                  
00000329  setup_pwm                     
000004ad  request_raw_mpu_data          
000005c9  itoa                          
000006a1  EUSCIB0_IRQHandler            
000006a1  EUSCIB0_IRQHandler            
00000765  __aeabi_memcpy                
00000765  __aeabi_memcpy4               
00000765  __aeabi_memcpy8               
00000765  memcpy                        
00000801  __aeabi_memclr                
00000801  __aeabi_memclr4               
00000801  __aeabi_memclr8               
00000803  __aeabi_memset                
00000803  __aeabi_memset4               
00000803  __aeabi_memset8               
00000809  memset                        
0000087b  ADC14_IRQHandler              
0000087b  AES256_IRQHandler             
0000087b  BusFault_Handler              
0000087b  COMP_E0_IRQHandler            
0000087b  COMP_E1_IRQHandler            
0000087b  CS_IRQHandler                 
0000087b  DMA_ERR_IRQHandler            
0000087b  DMA_INT0_IRQHandler           
0000087b  DMA_INT1_IRQHandler           
0000087b  DMA_INT2_IRQHandler           
0000087b  DMA_INT3_IRQHandler           
0000087b  DebugMon_Handler              
0000087b  Default_Handler               
0000087b  EUSCIA1_IRQHandler            
0000087b  EUSCIA2_IRQHandler            
0000087b  EUSCIA3_IRQHandler            
0000087b  EUSCIB1_IRQHandler            
0000087b  EUSCIB2_IRQHandler            
0000087b  EUSCIB3_IRQHandler            
0000087b  FLCTL_IRQHandler              
0000087b  FPU_IRQHandler                
0000087b  HardFault_Handler             
0000087b  MemManage_Handler             
0000087b  NMI_Handler                   
0000087b  PCM_IRQHandler                
0000087b  PORT1_IRQHandler              
0000087b  PORT2_IRQHandler              
0000087b  PORT3_IRQHandler              
0000087b  PORT4_IRQHandler              
0000087b  PSS_IRQHandler                
0000087b  PendSV_Handler                
0000087b  RTC_C_IRQHandler              
0000087b  SVC_Handler                   
0000087b  SysTick_Handler               
0000087b  T32_INT2_IRQHandler           
0000087b  T32_INTC_IRQHandler           
0000087b  TA0_0_IRQHandler              
0000087b  TA0_N_IRQHandler              
0000087b  TA1_0_IRQHandler              
0000087b  TA1_N_IRQHandler              
0000087b  TA2_0_IRQHandler              
0000087b  TA2_N_IRQHandler              
0000087b  TA3_0_IRQHandler              
0000087b  TA3_N_IRQHandler              
0000087b  UsageFault_Handler            
0000087b  WDT_A_IRQHandler              
0000087d  SystemInit                    
000008f5  setup_i2c                     
00000969  __TI_decompress_lzss          
000009d1  setup_uart                    
00000a35  setup_mpu_6050                
00000a8d  send_string                   
00000add  T32_INT1_IRQHandler           
00000add  T32_INT1_IRQHandler           
00000b29  __TI_auto_init_nobinit_nopinit
00000b6d  EUSCIA0_IRQHandler            
00000b6d  EUSCIA0_IRQHandler            
00000bad  I2C_masterSendMultiByteStart  
00000bed  __aeabi_uidiv                 
00000bed  __aeabi_uidivmod              
00000c2d  _c_int00_noargs               
00000c65  PORT5_IRQHandler              
00000c65  PORT5_IRQHandler              
00000c99  PORT6_IRQHandler              
00000c99  PORT6_IRQHandler              
00000ccd  set_pwm_1_duty                
00000cfd  set_pwm_2_duty                
00000d2d  main                          
00000d59  CS_setDCOCenteredFrequency    
00000d7d  GPIO_setAsOutputPin           
00000da1  set_motor_1_backward          
00000dc1  set_motor_1_forward           
00000de1  set_motor_2_backward          
00000e01  set_motor_2_forward           
00000e21  setup                         
00000e41  GPIO_setOutputLowOnPin        
00000e59  get_motor_1_speed             
00000e71  get_motor_2_speed             
00000e89  set_motor_1_direction         
00000ea1  set_motor_2_direction         
00000eb9  set_motor_run                 
00000ed1  GPIO_setOutputHighOnPin       
00000ee5  GPIO_toggleOutputOnPin        
00000ef9  set_pwm_duty                  
00000f0d  __TI_zero_init_nomemset       
00000f1f  __TI_decompress_none          
00000f2d  Reset_Handler                 
00000f39  start_motor                   
00000f45  stop_motor                    
00000f51  C$$EXIT                       
00000f51  abort                         
00000f55  _system_pre_init              
00000f59  __aeabi_idiv0                 
00000f8c  uartConfig                    
00000fb0  upDownConfig                  
00000fc8  i2cConfig                     
00000ff5  RegData                       
00000ffc  TXData                        
00001018  __TI_Handler_Table_Base       
00001024  __TI_Handler_Table_Limit      
00001030  __TI_CINIT_Base               
00001040  __TI_CINIT_Limit              
20000000  mpu_data                      
2000000e  motor_1_direction             
2000000f  motor_2_direction             
2000001c  encoder_count_1               
20000020  encoder_count_2               
20000024  motor_1_speed                 
20000028  motor_2_speed                 
2000002c  compareConfig_PWM1            
2000003c  compareConfig_PWM2            
2000004c  duty                          
20000050  direction                     
2000fe00  __stack                       
20010000  __STACK_END                   
4000480c  WDTCTL_SYM                    
ffffffff  __TI_pprof_out_hndl           
ffffffff  __TI_prof_data_size           
ffffffff  __TI_prof_data_start          
ffffffff  __binit__                     
ffffffff  __c_args__                    
ffffffff  binit                         
UNDEFED   __mpu_init                    
UNDEFED   _system_post_cinit            

[144 symbols]
